Archive member included to satisfy reference by file (symbol)

c:/st/stm32cubeide_1.7.0/stm32cubeide/plugins/com.st.stm32cube.ide.mcu.externaltools.gnu-tools-for-stm32.9-2020-q2-update.win32_2.0.0.202105311346/tools/bin/../lib/gcc/arm-none-eabi/9.3.1/../../../../arm-none-eabi/lib/thumb/v7e-m+fp/hard\libc_nano.a(lib_a-errno.o)
                              ./Core/Src/syscalls.o (__errno)
c:/st/stm32cubeide_1.7.0/stm32cubeide/plugins/com.st.stm32cube.ide.mcu.externaltools.gnu-tools-for-stm32.9-2020-q2-update.win32_2.0.0.202105311346/tools/bin/../lib/gcc/arm-none-eabi/9.3.1/../../../../arm-none-eabi/lib/thumb/v7e-m+fp/hard\libc_nano.a(lib_a-exit.o)
                              c:/st/stm32cubeide_1.7.0/stm32cubeide/plugins/com.st.stm32cube.ide.mcu.externaltools.gnu-tools-for-stm32.9-2020-q2-update.win32_2.0.0.202105311346/tools/bin/../lib/gcc/arm-none-eabi/9.3.1/../../../../arm-none-eabi/lib/thumb/v7e-m+fp/hard/crt0.o (exit)
c:/st/stm32cubeide_1.7.0/stm32cubeide/plugins/com.st.stm32cube.ide.mcu.externaltools.gnu-tools-for-stm32.9-2020-q2-update.win32_2.0.0.202105311346/tools/bin/../lib/gcc/arm-none-eabi/9.3.1/../../../../arm-none-eabi/lib/thumb/v7e-m+fp/hard\libc_nano.a(lib_a-impure.o)
                              c:/st/stm32cubeide_1.7.0/stm32cubeide/plugins/com.st.stm32cube.ide.mcu.externaltools.gnu-tools-for-stm32.9-2020-q2-update.win32_2.0.0.202105311346/tools/bin/../lib/gcc/arm-none-eabi/9.3.1/../../../../arm-none-eabi/lib/thumb/v7e-m+fp/hard\libc_nano.a(lib_a-exit.o) (_global_impure_ptr)
c:/st/stm32cubeide_1.7.0/stm32cubeide/plugins/com.st.stm32cube.ide.mcu.externaltools.gnu-tools-for-stm32.9-2020-q2-update.win32_2.0.0.202105311346/tools/bin/../lib/gcc/arm-none-eabi/9.3.1/../../../../arm-none-eabi/lib/thumb/v7e-m+fp/hard\libc_nano.a(lib_a-init.o)
                              c:/st/stm32cubeide_1.7.0/stm32cubeide/plugins/com.st.stm32cube.ide.mcu.externaltools.gnu-tools-for-stm32.9-2020-q2-update.win32_2.0.0.202105311346/tools/bin/../lib/gcc/arm-none-eabi/9.3.1/../../../../arm-none-eabi/lib/thumb/v7e-m+fp/hard/crt0.o (__libc_init_array)
c:/st/stm32cubeide_1.7.0/stm32cubeide/plugins/com.st.stm32cube.ide.mcu.externaltools.gnu-tools-for-stm32.9-2020-q2-update.win32_2.0.0.202105311346/tools/bin/../lib/gcc/arm-none-eabi/9.3.1/../../../../arm-none-eabi/lib/thumb/v7e-m+fp/hard\libc_nano.a(lib_a-memset.o)
                              c:/st/stm32cubeide_1.7.0/stm32cubeide/plugins/com.st.stm32cube.ide.mcu.externaltools.gnu-tools-for-stm32.9-2020-q2-update.win32_2.0.0.202105311346/tools/bin/../lib/gcc/arm-none-eabi/9.3.1/../../../../arm-none-eabi/lib/thumb/v7e-m+fp/hard/crt0.o (memset)
c:/st/stm32cubeide_1.7.0/stm32cubeide/plugins/com.st.stm32cube.ide.mcu.externaltools.gnu-tools-for-stm32.9-2020-q2-update.win32_2.0.0.202105311346/tools/bin/../lib/gcc/arm-none-eabi/9.3.1/../../../../arm-none-eabi/lib/thumb/v7e-m+fp/hard\libc_nano.a(lib_a-sprintf.o)
                              ./Core/Src/uart.o (sprintf)
c:/st/stm32cubeide_1.7.0/stm32cubeide/plugins/com.st.stm32cube.ide.mcu.externaltools.gnu-tools-for-stm32.9-2020-q2-update.win32_2.0.0.202105311346/tools/bin/../lib/gcc/arm-none-eabi/9.3.1/../../../../arm-none-eabi/lib/thumb/v7e-m+fp/hard\libc_nano.a(lib_a-strlen.o)
                              ./Core/Src/lcd.o (strlen)
c:/st/stm32cubeide_1.7.0/stm32cubeide/plugins/com.st.stm32cube.ide.mcu.externaltools.gnu-tools-for-stm32.9-2020-q2-update.win32_2.0.0.202105311346/tools/bin/../lib/gcc/arm-none-eabi/9.3.1/../../../../arm-none-eabi/lib/thumb/v7e-m+fp/hard\libc_nano.a(lib_a-nano-svfprintf.o)
                              c:/st/stm32cubeide_1.7.0/stm32cubeide/plugins/com.st.stm32cube.ide.mcu.externaltools.gnu-tools-for-stm32.9-2020-q2-update.win32_2.0.0.202105311346/tools/bin/../lib/gcc/arm-none-eabi/9.3.1/../../../../arm-none-eabi/lib/thumb/v7e-m+fp/hard\libc_nano.a(lib_a-sprintf.o) (_svfprintf_r)
c:/st/stm32cubeide_1.7.0/stm32cubeide/plugins/com.st.stm32cube.ide.mcu.externaltools.gnu-tools-for-stm32.9-2020-q2-update.win32_2.0.0.202105311346/tools/bin/../lib/gcc/arm-none-eabi/9.3.1/../../../../arm-none-eabi/lib/thumb/v7e-m+fp/hard\libc_nano.a(lib_a-nano-vfprintf_i.o)
                              c:/st/stm32cubeide_1.7.0/stm32cubeide/plugins/com.st.stm32cube.ide.mcu.externaltools.gnu-tools-for-stm32.9-2020-q2-update.win32_2.0.0.202105311346/tools/bin/../lib/gcc/arm-none-eabi/9.3.1/../../../../arm-none-eabi/lib/thumb/v7e-m+fp/hard\libc_nano.a(lib_a-nano-svfprintf.o) (_printf_i)
c:/st/stm32cubeide_1.7.0/stm32cubeide/plugins/com.st.stm32cube.ide.mcu.externaltools.gnu-tools-for-stm32.9-2020-q2-update.win32_2.0.0.202105311346/tools/bin/../lib/gcc/arm-none-eabi/9.3.1/../../../../arm-none-eabi/lib/thumb/v7e-m+fp/hard\libc_nano.a(lib_a-memchr.o)
[...]
Memory Configuration

Name             Origin             Length             Attributes
CCMRAM           0x0000000010000000 0x0000000000010000 xrw
RAM              0x0000000020000000 0x0000000000020000 xrw
FLASH            0x0000000008000000 0x0000000000100000 xr
*default*        0x0000000000000000 0xffffffffffffffff

Linker script and memory map

LOAD c:/st/stm32cubeide_1.7.0/stm32cubeide/plugins/com.st.stm32cube.ide.mcu.externaltools.gnu-tools-for-stm32.9-2020-q2-update.win32_2.0.0.202105311346/tools/bin/../lib/gcc/arm-none-eabi/9.3.1/thumb/v7e-m+fp/hard/crti.o
LOAD c:/st/stm32cubeide_1.7.0/stm32cubeide/plugins/com.st.stm32cube.ide.mcu.externaltools.gnu-tools-for-stm32.9-2020-q2-update.win32_2.0.0.202105311346/tools/bin/../lib/gcc/arm-none-eabi/9.3.1/thumb/v7e-m+fp/hard/crtbegin.o
LOAD c:/st/stm32cubeide_1.7.0/stm32cubeide/plugins/com.st.stm32cube.ide.mcu.externaltools.gnu-tools-for-stm32.9-2020-q2-update.win32_2.0.0.202105311346/tools/bin/../lib/gcc/arm-none-eabi/9.3.1/../../../../arm-none-eabi/lib/thumb/v7e-m+fp/hard/crt0.o
LOAD ./Core/Src/button.o
LOAD ./Core/Src/ds3231.o
LOAD ./Core/Src/fsm_mode.o
LOAD ./Core/Src/fsmc.o
LOAD ./Core/Src/global.o
LOAD ./Core/Src/gpio.o
LOAD ./Core/Src/i2c.o
LOAD ./Core/Src/lcd.o
LOAD ./Core/Src/led_7seg.o
LOAD ./Core/Src/main.o
LOAD ./Core/Src/picture.o
LOAD ./Core/Src/software_timer.o
LOAD ./Core/Src/spi.o
LOAD ./Core/Src/stm32f4xx_hal_msp.o
LOAD ./Core/Src/stm32f4xx_it.o
LOAD ./Core/Src/syscalls.o
LOAD ./Core/Src/sysmem.o
LOAD ./Core/Src/system_stm32f4xx.o
LOAD ./Core/Src/tim.o
LOAD ./Core/Src/uart.o
LOAD ./Core/Src/usart.o
LOAD ./Core/Src/utils.o
LOAD ./Core/Startup/startup_stm32f407zetx.o
LOAD ./Drivers/STM32F4xx_HAL_Driver/Src/stm32f4xx_hal.o
LOAD ./Drivers/STM32F4xx_HAL_Driver/Src/stm32f4xx_hal_cortex.o
LOAD ./Drivers/STM32F4xx_HAL_Driver/Src/stm32f4xx_hal_dma.o
LOAD ./Drivers/STM32F4xx_HAL_Driver/Src/stm32f4xx_hal_dma_ex.o
LOAD ./Drivers/STM32F4xx_HAL_Driver/Src/stm32f4xx_hal_exti.o
LOAD ./Drivers/STM32F4xx_HAL_Driver/Src/stm32f4xx_hal_flash.o
LOAD ./Drivers/STM32F4xx_HAL_Driver/Src/stm32f4xx_hal_flash_ex.o
LOAD ./Drivers/STM32F4xx_HAL_Driver/Src/stm32f4xx_hal_flash_ramfunc.o
LOAD ./Drivers/STM32F4xx_HAL_Driver/Src/stm32f4xx_hal_gpio.o
LOAD ./Drivers/STM32F4xx_HAL_Driver/Src/stm32f4xx_hal_i2c.o
LOAD ./Drivers/STM32F4xx_HAL_Driver/Src/stm32f4xx_hal_i2c_ex.o
LOAD ./Drivers/STM32F4xx_HAL_Driver/Src/stm32f4xx_hal_pwr.o
LOAD ./Drivers/STM32F4xx_HAL_Driver/Src/stm32f4xx_hal_pwr_ex.o
LOAD ./Drivers/STM32F4xx_HAL_Driver/Src/stm32f4xx_hal_rcc.o
LOAD ./Drivers/STM32F4xx_HAL_Driver/Src/stm32f4xx_hal_rcc_ex.o
LOAD ./Drivers/STM32F4xx_HAL_Driver/Src/stm32f4xx_hal_spi.o
LOAD ./Drivers/STM32F4xx_HAL_Driver/Src/stm32f4xx_hal_sram.o
LOAD ./Drivers/STM32F4xx_HAL_Driver/Src/stm32f4xx_hal_tim.o
LOAD ./Drivers/STM32F4xx_HAL_Driver/Src/stm32f4xx_hal_tim_ex.o
LOAD ./Drivers/STM32F4xx_HAL_Driver/Src/stm32f4xx_hal_uart.o
LOAD ./Drivers/STM32F4xx_HAL_Driver/Src/stm32f4xx_ll_fsmc.o
START GROUP
LOAD c:/st/stm32cubeide_1.7.0/stm32cubeide/plugins/com.st.stm32cube.ide.mcu.externaltools.gnu-tools-for-stm32.9-2020-q2-update.win32_2.0.0.202105311346/tools/bin/../lib/gcc/arm-none-eabi/9.3.1/../../../../arm-none-eabi/lib/thumb/v7e-m+fp/hard\libc_nano.a
LOAD c:/st/stm32cubeide_1.7.0/stm32cubeide/plugins/com.st.stm32cube.ide.mcu.externaltools.gnu-tools-for-stm32.9-2020-q2-update.win32_2.0.0.202105311346/tools/bin/../lib/gcc/arm-none-eabi/9.3.1/../../../../arm-none-eabi/lib/thumb/v7e-m+fp/hard\libm.a
END GROUP
START GROUP
LOAD c:/st/stm32cubeide_1.7.0/stm32cubeide/plugins/com.st.stm32cube.ide.mcu.externaltools.gnu-tools-for-stm32.9-2020-q2-update.win32_2.0.0.202105311346/tools/bin/../lib/gcc/arm-none-eabi/9.3.1/thumb/v7e-m+fp/hard\libgcc.a
LOAD c:/st/stm32cubeide_1.7.0/stm32cubeide/plugins/com.st.stm32cube.ide.mcu.externaltools.gnu-tools-for-stm32.9-2020-q2-update.win32_2.0.0.202105311346/tools/bin/../lib/gcc/arm-none-eabi/9.3.1/../../../../arm-none-eabi/lib/thumb/v7e-m+fp/hard\libc_nano.a
END GROUP
START GROUP
LOAD c:/st/stm32cubeide_1.7.0/stm32cubeide/plugins/com.st.stm32cube.ide.mcu.externaltools.gnu-tools-for-stm32.9-2020-q2-update.win32_2.0.0.202105311346/tools/bin/../lib/gcc/arm-none-eabi/9.3.1/thumb/v7e-m+fp/hard\libgcc.a
LOAD c:/st/stm32cubeide_1.7.0/stm32cubeide/plugins/com.st.stm32cube.ide.mcu.externaltools.gnu-tools-for-stm32.9-2020-q2-update.win32_2.0.0.202105311346/tools/bin/../lib/gcc/arm-none-eabi/9.3.1/../../../../arm-none-eabi/lib/thumb/v7e-m+fp/hard\libc_nano.a
LOAD c:/st/stm32cubeide_1.7.0/stm32cubeide/plugins/com.st.stm32cube.ide.mcu.externaltools.gnu-tools-for-stm32.9-2020-q2-update.win32_2.0.0.202105311346/tools/bin/../lib/gcc/arm-none-eabi/9.3.1/../../../../arm-none-eabi/lib/thumb/v7e-m+fp/hard\libnosys.a
END GROUP
START GROUP
LOAD c:/st/stm32cubeide_1.7.0/stm32cubeide/plugins/com.st.stm32cube.ide.mcu.externaltools.gnu-tools-for-stm32.9-2020-q2-update.win32_2.0.0.202105311346/tools/bin/../lib/gcc/arm-none-eabi/9.3.1/thumb/v7e-m+fp/hard\libgcc.a
LOAD c:/st/stm32cubeide_1.7.0/stm32cubeide/plugins/com.st.stm32cube.ide.mcu.externaltools.gnu-tools-for-stm32.9-2020-q2-update.win32_2.0.0.202105311346/tools/bin/../lib/gcc/arm-none-eabi/9.3.1/../../../../arm-none-eabi/lib/thumb/v7e-m+fp/hard\libc_nano.a
LOAD c:/st/stm32cubeide_1.7.0/stm32cubeide/plugins/com.st.stm32cube.ide.mcu.externaltools.gnu-tools-for-stm32.9-2020-q2-update.win32_2.0.0.202105311346/tools/bin/../lib/gcc/arm-none-eabi/9.3.1/../../../../arm-none-eabi/lib/thumb/v7e-m+fp/hard\libnosys.a
END GROUP
LOAD c:/st/stm32cubeide_1.7.0/stm32cubeide/plugins/com.st.stm32cube.ide.mcu.externaltools.gnu-tools-for-stm32.9-2020-q2-update.win32_2.0.0.202105311346/tools/bin/../lib/gcc/arm-none-eabi/9.3.1/thumb/v7e-m+fp/hard/crtend.o
LOAD c:/st/stm32cubeide_1.7.0/stm32cubeide/plugins/com.st.stm32cube.ide.mcu.externaltools.gnu-tools-for-stm32.9-2020-q2-update.win32_2.0.0.202105311346/tools/bin/../lib/gcc/arm-none-eabi/9.3.1/thumb/v7e-m+fp/hard/crtn.o
                0x0000000020020000                _estack = (ORIGIN (RAM) + LENGTH (RAM))
                0x0000000000000200                _Min_Heap_Size = 0x200
                0x0000000000000400                _Min_Stack_Size = 0x400

.isr_vector     0x0000000008000000      0x188
                0x0000000008000000                . = ALIGN (0x4)
 *(.isr_vector)
 .isr_vector    0x0000000008000000      0x188 ./Core/Startup/startup_stm32f407zetx.o
                0x0000000008000000                g_pfnVectors
                0x0000000008000188                . = ALIGN (0x4)

.text           0x0000000008000188     0x664c
                0x0000000008000188                . = ALIGN (0x4)
 *(.text)
 .text          0x0000000008000188       0x40 c:/st/stm32cubeide_1.7.0/stm32cubeide/plugins/com.st.stm32cube.ide.mcu.externaltools.gnu-tools-for-stm32.9-2020-q2-update.win32_2.0.0.202105311346/tools/bin/../lib/gcc/arm-none-eabi/9.3.1/thumb/v7e-m+fp/hard/crtbegin.o
 .text          0x00000000080001c8      0x254 c:/st/stm32cubeide_1.7.0/stm32cubeide/plugins/com.st.stm32cube.ide.mcu.externaltools.gnu-tools-for-stm32.9-2020-q2-update.win32_2.0.0.202105311346/tools/bin/../lib/gcc/arm-none-eabi/9.3.1/thumb/v7e-m+fp/hard\libgcc.a(_arm_muldf3.o)
                0x00000000080001c8                __muldf3
                0x00000000080001c8                __aeabi_dmul
 .text          0x000000000800041c      0x378 c:/st/stm32cubeide_1.7.0/stm32cubeide/plugins/com.st.stm32cube.ide.mcu.externaltools.gnu-tools-for-stm32.9-2020-q2-update.win32_2.0.0.202105311346/tools/bin/../lib/gcc/arm-none-eabi/9.3.1/thumb/v7e-m+fp/hard\libgcc.a(_arm_addsubdf3.o)
                0x000000000800041c                __aeabi_drsub
                0x0000000008000424                __aeabi_dsub
                0x0000000008000424                __subdf3
                0x0000000008000428                __aeabi_dadd
                0x0000000008000428                __adddf3
                0x00000000080006a0                __floatunsidf
                0x00000000080006a0                __aeabi_ui2d
                0x00000000080006c0                __floatsidf
                0x00000000080006c0                __aeabi_i2d
                0x00000000080006e4                __aeabi_f2d
                0x00000000080006e4                __extendsfdf2
                0x0000000008000728                __floatundidf
                0x0000000008000728                __aeabi_ul2d
                0x0000000008000738                __floatdidf
                0x0000000008000738                __aeabi_l2d
 .text          0x0000000008000794       0x50 c:/st/stm32cubeide_1.7.0/stm32cubeide/plugins/com.st.stm32cube.ide.mcu.externaltools.gnu-tools-for-stm32.9-2020-q2-update.win32_2.0.0.202105311346/tools/bin/../lib/gcc/arm-none-eabi/9.3.1/thumb/v7e-m+fp/hard\libgcc.a(_arm_fixdfsi.o)
                0x0000000008000794                __aeabi_d2iz
                0x0000000008000794                __fixdfsi
 .text          0x00000000080007e4       0x30 c:/st/stm32cubeide_1.7.0/stm32cubeide/plugins/com.st.stm32cube.ide.mcu.externaltools.gnu-tools-for-stm32.9-2020-q2-update.win32_2.0.0.202105311346/tools/bin/../lib/gcc/arm-none-eabi/9.3.1/thumb/v7e-m+fp/hard\libgcc.a(_aeabi_uldivmod.o)
                0x00000000080007e4                __aeabi_uldivmod
 .text          0x0000000008000814      0x2c4 c:/st/stm32cubeide_1.7.0/stm32cubeide/plugins/com.st.stm32cube.ide.mcu.externaltools.gnu-tools-for-stm32.9-2020-q2-update.win32_2.0.0.202105311346/tools/bin/../lib/gcc/arm-none-eabi/9.3.1/thumb/v7e-m+fp/hard\libgcc.a(_udivmoddi4.o)
                0x0000000008000814                __udivmoddi4
 .text          0x0000000008000ad8        0x4 c:/st/stm32cubeide_1.7.0/stm32cubeide/plugins/com.st.stm32cube.ide.mcu.externaltools.gnu-tools-for-stm32.9-2020-q2-update.win32_2.0.0.202105311346/tools/bin/../lib/gcc/arm-none-eabi/9.3.1/thumb/v7e-m+fp/hard\libgcc.a(_dvmd_tls.o)
                0x0000000008000ad8                __aeabi_idiv0
                0x0000000008000ad8                __aeabi_ldiv0
 *(.text*)
 .text.button_init
                0x0000000008000adc       0x18 ./Core/Src/button.o
                0x0000000008000adc                button_init
 .text.button_Scan
                0x0000000008000af4       0xd8 ./Core/Src/button.o
                0x0000000008000af4                button_Scan
 .text.drawTrafficLight
                0x0000000008000bcc       0xa0 ./Core/Src/fsm_mode.o
                0x0000000008000bcc                drawTrafficLight
 .text.RedGreenLed
                0x0000000008000c6c       0x20 ./Core/Src/fsm_mode.o
                0x0000000008000c6c                RedGreenLed
 .text.RedYellowLed
                0x0000000008000c8c       0x20 ./Core/Src/fsm_mode.o
                0x0000000008000c8c                RedYellowLed
 .text.GreenRedLed
                0x0000000008000cac       0x20 ./Core/Src/fsm_mode.o
                0x0000000008000cac                GreenRedLed
 .text.YellowRedLed
                0x0000000008000ccc       0x20 ./Core/Src/fsm_mode.o
                0x0000000008000ccc                YellowRedLed
 .text.ManRedLed
                0x0000000008000cec       0x20 ./Core/Src/fsm_mode.o
                0x0000000008000cec                ManRedLed
 .text.ManGreenLed
                0x0000000008000d0c       0x20 ./Core/Src/fsm_mode.o
                0x0000000008000d0c                ManGreenLed
 .text.ManYellowLed
                0x0000000008000d2c       0x20 ./Core/Src/fsm_mode.o
                0x0000000008000d2c                ManYellowLed
 .text.increase
                0x0000000008000d4c       0x2c ./Core/Src/fsm_mode.o
                0x0000000008000d4c                increase
 .text.balance  0x0000000008000d78      0x424 ./Core/Src/fsm_mode.o
                0x0000000008000d78                balance
 .text.Blink    0x000000000800119c       0x88 ./Core/Src/fsm_mode.o
                0x000000000800119c                Blink
 .text.switchManualMode
                0x0000000008001224       0x34 ./Core/Src/fsm_mode.o
                0x0000000008001224                switchManualMode
 .text.displayTime
                0x0000000008001258       0x70 ./Core/Src/fsm_mode.o
                0x0000000008001258                displayTime
 .text.fsm_mode
                0x00000000080012c8      0x384 ./Core/Src/fsm_mode.o
                0x00000000080012c8                fsm_mode
 .text.MX_FSMC_Init
                0x000000000800164c       0xf4 ./Core/Src/fsmc.o
                0x000000000800164c                MX_FSMC_Init
 .text.HAL_FSMC_MspInit
                0x0000000008001740       0x98 ./Core/Src/fsmc.o
 .text.HAL_SRAM_MspInit
                0x00000000080017d8       0x14 ./Core/Src/fsmc.o
                0x00000000080017d8                HAL_SRAM_MspInit
 .text.MX_GPIO_Init
                0x00000000080017ec      0x1f0 ./Core/Src/gpio.o
                0x00000000080017ec                MX_GPIO_Init
 .text.MX_I2C1_Init
                0x00000000080019dc       0x5c ./Core/Src/i2c.o
                0x00000000080019dc                MX_I2C1_Init
 .text.HAL_I2C_MspInit
                0x0000000008001a38       0x90 ./Core/Src/i2c.o
                0x0000000008001a38                HAL_I2C_MspInit
 .text.LCD_WR_REG
                0x0000000008001ac8       0x20 ./Core/Src/lcd.o
                0x0000000008001ac8                LCD_WR_REG
 .text.LCD_WR_DATA
                0x0000000008001ae8       0x20 ./Core/Src/lcd.o
                0x0000000008001ae8                LCD_WR_DATA
 .text.LCD_RD_DATA
                0x0000000008001b08       0x24 ./Core/Src/lcd.o
                0x0000000008001b08                LCD_RD_DATA
 .text.lcd_AddressSet
                0x0000000008001b2c       0x98 ./Core/Src/lcd.o
                0x0000000008001b2c                lcd_AddressSet
 .text.lcd_Clear
                0x0000000008001bc4       0x74 ./Core/Src/lcd.o
                0x0000000008001bc4                lcd_Clear
 .text.lcd_DrawPoint
                0x0000000008001c38       0x2e ./Core/Src/lcd.o
                0x0000000008001c38                lcd_DrawPoint
 *fill*         0x0000000008001c66        0x2 
 .text.lcd_ShowChar
                0x0000000008001c68      0x1a0 ./Core/Src/lcd.o
                0x0000000008001c68                lcd_ShowChar
 .text.mypow    0x0000000008001e08       0x38 ./Core/Src/lcd.o
                0x0000000008001e08                mypow
 .text.lcd_ShowIntNum
                0x0000000008001e40       0xfc ./Core/Src/lcd.o
                0x0000000008001e40                lcd_ShowIntNum
 .text.lcd_ShowPicture
                0x0000000008001f3c       0xac ./Core/Src/lcd.o
                0x0000000008001f3c                lcd_ShowPicture
 .text.lcd_SetDir
                0x0000000008001fe8       0x48 ./Core/Src/lcd.o
                0x0000000008001fe8                lcd_SetDir
 .text.lcd_init
                0x0000000008002030      0x2c0 ./Core/Src/lcd.o
                0x0000000008002030                lcd_init
 .text._draw_circle_8
                0x00000000080022f0      0x116 ./Core/Src/lcd.o
                0x00000000080022f0                _draw_circle_8
 .text.lcd_DrawCircle
                0x0000000008002406       0xd8 ./Core/Src/lcd.o
                0x0000000008002406                lcd_DrawCircle
 *fill*         0x00000000080024de        0x2 
 .text.led7_init
                0x00000000080024e0       0x18 ./Core/Src/led_7seg.o
                0x00000000080024e0                led7_init
 .text.led7_Scan
                0x00000000080024f8      0x118 ./Core/Src/led_7seg.o
                0x00000000080024f8                led7_Scan
 .text.main     0x0000000008002610       0x4c ./Core/Src/main.o
                0x0000000008002610                main
 .text.SystemClock_Config
                0x000000000800265c       0xd4 ./Core/Src/main.o
                0x000000000800265c                SystemClock_Config
 .text.system_init
                0x0000000008002730       0x44 ./Core/Src/main.o
                0x0000000008002730                system_init
 .text.test_LedDebug
                0x0000000008002774       0x48 ./Core/Src/main.o
                0x0000000008002774                test_LedDebug
 .text.Error_Handler
                0x00000000080027bc        0xa ./Core/Src/main.o
                0x00000000080027bc                Error_Handler
 *fill*         0x00000000080027c6        0x2 
 .text.timer_init
                0x00000000080027c8       0x14 ./Core/Src/software_timer.o
                0x00000000080027c8                timer_init
 .text.setTimer1
                0x00000000080027dc       0x38 ./Core/Src/software_timer.o
                0x00000000080027dc                setTimer1
 .text.setTimer2
                0x0000000008002814       0x38 ./Core/Src/software_timer.o
                0x0000000008002814                setTimer2
 .text.HAL_TIM_PeriodElapsedCallback
                0x000000000800284c       0x8c ./Core/Src/software_timer.o
                0x000000000800284c                HAL_TIM_PeriodElapsedCallback
 .text.MX_SPI1_Init
                0x00000000080028d8       0x6c ./Core/Src/spi.o
                0x00000000080028d8                MX_SPI1_Init
 .text.HAL_SPI_MspInit
                0x0000000008002944       0x90 ./Core/Src/spi.o
                0x0000000008002944                HAL_SPI_MspInit
 .text.HAL_MspInit
                0x00000000080029d4       0x50 ./Core/Src/stm32f4xx_hal_msp.o
                0x00000000080029d4                HAL_MspInit
 .text.NMI_Handler
                0x0000000008002a24        0x6 ./Core/Src/stm32f4xx_it.o
                0x0000000008002a24                NMI_Handler
 .text.HardFault_Handler
                0x0000000008002a2a        0x6 ./Core/Src/stm32f4xx_it.o
                0x0000000008002a2a                HardFault_Handler
 .text.MemManage_Handler
                0x0000000008002a30        0x6 ./Core/Src/stm32f4xx_it.o
                0x0000000008002a30                MemManage_Handler
 .text.BusFault_Handler
                0x0000000008002a36        0x6 ./Core/Src/stm32f4xx_it.o
                0x0000000008002a36                BusFault_Handler
 .text.UsageFault_Handler
                0x0000000008002a3c        0x6 ./Core/Src/stm32f4xx_it.o
                0x0000000008002a3c                UsageFault_Handler
 .text.SVC_Handler
                0x0000000008002a42        0xe ./Core/Src/stm32f4xx_it.o
                0x0000000008002a42                SVC_Handler
 .text.DebugMon_Handler
                0x0000000008002a50        0xe ./Core/Src/stm32f4xx_it.o
                0x0000000008002a50                DebugMon_Handler
 .text.PendSV_Handler
                0x0000000008002a5e        0xe ./Core/Src/stm32f4xx_it.o
                0x0000000008002a5e                PendSV_Handler
 .text.SysTick_Handler
                0x0000000008002a6c        0xc ./Core/Src/stm32f4xx_it.o
                0x0000000008002a6c                SysTick_Handler
 .text.TIM2_IRQHandler
                0x0000000008002a78       0x14 ./Core/Src/stm32f4xx_it.o
                0x0000000008002a78                TIM2_IRQHandler
 .text.USART1_IRQHandler
                0x0000000008002a8c       0x14 ./Core/Src/stm32f4xx_it.o
                0x0000000008002a8c                USART1_IRQHandler
 .text.SystemInit
                0x0000000008002aa0       0x24 ./Core/Src/system_stm32f4xx.o
                0x0000000008002aa0                SystemInit
 .text.MX_TIM2_Init
                0x0000000008002ac4       0x98 ./Core/Src/tim.o
                0x0000000008002ac4                MX_TIM2_Init
 .text.HAL_TIM_Base_MspInit
                0x0000000008002b5c       0x4c ./Core/Src/tim.o
                0x0000000008002b5c                HAL_TIM_Base_MspInit
 .text.uart_init_rs232
                0x0000000008002ba8       0x1c ./Core/Src/uart.o
                0x0000000008002ba8                uart_init_rs232
 .text.HAL_UART_RxCpltCallback
                0x0000000008002bc4       0x3c ./Core/Src/uart.o
                0x0000000008002bc4                HAL_UART_RxCpltCallback
 .text.MX_USART1_UART_Init
                0x0000000008002c00       0x54 ./Core/Src/usart.o
                0x0000000008002c00                MX_USART1_UART_Init
 .text.HAL_UART_MspInit
                0x0000000008002c54       0xa0 ./Core/Src/usart.o
                0x0000000008002c54                HAL_UART_MspInit
 .text.Reset_Handler
                0x0000000008002cf4       0x50 ./Core/Startup/startup_stm32f407zetx.o
                0x0000000008002cf4                Reset_Handler
 .text.Default_Handler
                0x0000000008002d44        0x2 ./Core/Startup/startup_stm32f407zetx.o
                0x0000000008002d44                RTC_Alarm_IRQHandler
                0x0000000008002d44                HASH_RNG_IRQHandler
                0x0000000008002d44                EXTI2_IRQHandler
                0x0000000008002d44                TIM8_CC_IRQHandler
                0x0000000008002d44                TIM1_CC_IRQHandler
                0x0000000008002d44                DMA2_Stream5_IRQHandler
                0x0000000008002d44                DMA1_Stream5_IRQHandler
                0x0000000008002d44                PVD_IRQHandler
                0x0000000008002d44                SDIO_IRQHandler
                0x0000000008002d44                TAMP_STAMP_IRQHandler
                0x0000000008002d44                CAN2_RX1_IRQHandler
                0x0000000008002d44                EXTI3_IRQHandler
                0x0000000008002d44                TIM8_TRG_COM_TIM14_IRQHandler
                0x0000000008002d44                TIM1_UP_TIM10_IRQHandler
                0x0000000008002d44                TIM8_UP_TIM13_IRQHandler
                0x0000000008002d44                I2C3_ER_IRQHandler
                0x0000000008002d44                EXTI0_IRQHandler
                0x0000000008002d44                I2C2_EV_IRQHandler
                0x0000000008002d44                DMA1_Stream2_IRQHandler
                0x0000000008002d44                CAN1_RX0_IRQHandler
                0x0000000008002d44                FPU_IRQHandler
                0x0000000008002d44                OTG_HS_WKUP_IRQHandler
                0x0000000008002d44                CAN2_SCE_IRQHandler
                0x0000000008002d44                DMA2_Stream2_IRQHandler
                0x0000000008002d44                SPI1_IRQHandler
                0x0000000008002d44                TIM6_DAC_IRQHandler
                0x0000000008002d44                TIM1_BRK_TIM9_IRQHandler
                0x0000000008002d44                DCMI_IRQHandler
                0x0000000008002d44                CAN2_RX0_IRQHandler
                0x0000000008002d44                DMA2_Stream3_IRQHandler
                0x0000000008002d44                USART6_IRQHandler
                0x0000000008002d44                USART3_IRQHandler
                0x0000000008002d44                CAN1_RX1_IRQHandler
                0x0000000008002d44                UART5_IRQHandler
                0x0000000008002d44                DMA2_Stream0_IRQHandler
                0x0000000008002d44                TIM4_IRQHandler
                0x0000000008002d44                I2C1_EV_IRQHandler
                0x0000000008002d44                DMA1_Stream6_IRQHandler
                0x0000000008002d44                DMA1_Stream1_IRQHandler
                0x0000000008002d44                UART4_IRQHandler
                0x0000000008002d44                TIM3_IRQHandler
                0x0000000008002d44                RCC_IRQHandler
                0x0000000008002d44                TIM8_BRK_TIM12_IRQHandler
                0x0000000008002d44                Default_Handler
                0x0000000008002d44                EXTI15_10_IRQHandler
                0x0000000008002d44                ADC_IRQHandler
                0x0000000008002d44                DMA1_Stream7_IRQHandler
                0x0000000008002d44                TIM7_IRQHandler
                0x0000000008002d44                CAN2_TX_IRQHandler
                0x0000000008002d44                TIM5_IRQHandler
                0x0000000008002d44                DMA2_Stream7_IRQHandler
                0x0000000008002d44                I2C3_EV_IRQHandler
                0x0000000008002d44                EXTI9_5_IRQHandler
                0x0000000008002d44                RTC_WKUP_IRQHandler
                0x0000000008002d44                ETH_WKUP_IRQHandler
                0x0000000008002d44                SPI2_IRQHandler
                0x0000000008002d44                OTG_HS_EP1_IN_IRQHandler
                0x0000000008002d44                DMA1_Stream0_IRQHandler
                0x0000000008002d44                CAN1_TX_IRQHandler
                0x0000000008002d44                EXTI4_IRQHandler
                0x0000000008002d44                FSMC_IRQHandler
                0x0000000008002d44                ETH_IRQHandler
                0x0000000008002d44                OTG_HS_EP1_OUT_IRQHandler
                0x0000000008002d44                WWDG_IRQHandler
                0x0000000008002d44                OTG_FS_WKUP_IRQHandler
                0x0000000008002d44                TIM1_TRG_COM_TIM11_IRQHandler
                0x0000000008002d44                OTG_HS_IRQHandler
                0x0000000008002d44                EXTI1_IRQHandler
                0x0000000008002d44                USART2_IRQHandler
                0x0000000008002d44                I2C2_ER_IRQHandler
                0x0000000008002d44                DMA2_Stream1_IRQHandler
                0x0000000008002d44                CAN1_SCE_IRQHandler
                0x0000000008002d44                FLASH_IRQHandler
                0x0000000008002d44                DMA2_Stream4_IRQHandler
                0x0000000008002d44                OTG_FS_IRQHandler
                0x0000000008002d44                SPI3_IRQHandler
                0x0000000008002d44                DMA1_Stream4_IRQHandler
                0x0000000008002d44                I2C1_ER_IRQHandler
                0x0000000008002d44                DMA2_Stream6_IRQHandler
                0x0000000008002d44                DMA1_Stream3_IRQHandler
 *fill*         0x0000000008002d46        0x2 
 .text.HAL_Init
                0x0000000008002d48       0x44 ./Drivers/STM32F4xx_HAL_Driver/Src/stm32f4xx_hal.o
                0x0000000008002d48                HAL_Init
 .text.HAL_InitTick
                0x0000000008002d8c       0x60 ./Drivers/STM32F4xx_HAL_Driver/Src/stm32f4xx_hal.o
                0x0000000008002d8c                HAL_InitTick
 .text.HAL_IncTick
                0x0000000008002dec       0x28 ./Drivers/STM32F4xx_HAL_Driver/Src/stm32f4xx_hal.o
                0x0000000008002dec                HAL_IncTick
 .text.HAL_GetTick
                0x0000000008002e14       0x18 ./Drivers/STM32F4xx_HAL_Driver/Src/stm32f4xx_hal.o
                0x0000000008002e14                HAL_GetTick
 .text.HAL_Delay
                0x0000000008002e2c       0x48 ./Drivers/STM32F4xx_HAL_Driver/Src/stm32f4xx_hal.o
                0x0000000008002e2c                HAL_Delay
 .text.__NVIC_SetPriorityGrouping
                0x0000000008002e74       0x48 ./Drivers/STM32F4xx_HAL_Driver/Src/stm32f4xx_hal_cortex.o
 .text.__NVIC_GetPriorityGrouping
                0x0000000008002ebc       0x1c ./Drivers/STM32F4xx_HAL_Driver/Src/stm32f4xx_hal_cortex.o
 .text.__NVIC_EnableIRQ
                0x0000000008002ed8       0x3c ./Drivers/STM32F4xx_HAL_Driver/Src/stm32f4xx_hal_cortex.o
 .text.__NVIC_SetPriority
                0x0000000008002f14       0x54 ./Drivers/STM32F4xx_HAL_Driver/Src/stm32f4xx_hal_cortex.o
 .text.NVIC_EncodePriority
                0x0000000008002f68       0x66 ./Drivers/STM32F4xx_HAL_Driver/Src/stm32f4xx_hal_cortex.o
 *fill*         0x0000000008002fce        0x2 
 .text.SysTick_Config
                0x0000000008002fd0       0x44 ./Drivers/STM32F4xx_HAL_Driver/Src/stm32f4xx_hal_cortex.o
 .text.HAL_NVIC_SetPriorityGrouping
                0x0000000008003014       0x16 ./Drivers/STM32F4xx_HAL_Driver/Src/stm32f4xx_hal_cortex.o
                0x0000000008003014                HAL_NVIC_SetPriorityGrouping
 .text.HAL_NVIC_SetPriority
                0x000000000800302a       0x38 ./Drivers/STM32F4xx_HAL_Driver/Src/stm32f4xx_hal_cortex.o
                0x000000000800302a                HAL_NVIC_SetPriority
 .text.HAL_NVIC_EnableIRQ
                0x0000000008003062       0x1c ./Drivers/STM32F4xx_HAL_Driver/Src/stm32f4xx_hal_cortex.o
                0x0000000008003062                HAL_NVIC_EnableIRQ
 .text.HAL_SYSTICK_Config
                0x000000000800307e       0x18 ./Drivers/STM32F4xx_HAL_Driver/Src/stm32f4xx_hal_cortex.o
                0x000000000800307e                HAL_SYSTICK_Config
 .text.HAL_DMA_Abort
                0x0000000008003096       0xe0 ./Drivers/STM32F4xx_HAL_Driver/Src/stm32f4xx_hal_dma.o
                0x0000000008003096                HAL_DMA_Abort
 .text.HAL_DMA_Abort_IT
                0x0000000008003176       0x44 ./Drivers/STM32F4xx_HAL_Driver/Src/stm32f4xx_hal_dma.o
                0x0000000008003176                HAL_DMA_Abort_IT
 *fill*         0x00000000080031ba        0x2 
 .text.HAL_GPIO_Init
                0x00000000080031bc      0x338 ./Drivers/STM32F4xx_HAL_Driver/Src/stm32f4xx_hal_gpio.o
                0x00000000080031bc                HAL_GPIO_Init
 .text.HAL_GPIO_WritePin
                0x00000000080034f4       0x32 ./Drivers/STM32F4xx_HAL_Driver/Src/stm32f4xx_hal_gpio.o
                0x00000000080034f4                HAL_GPIO_WritePin
 .text.HAL_GPIO_TogglePin
                0x0000000008003526       0x34 ./Drivers/STM32F4xx_HAL_Driver/Src/stm32f4xx_hal_gpio.o
                0x0000000008003526                HAL_GPIO_TogglePin
 *fill*         0x000000000800355a        0x2 
 .text.HAL_I2C_Init
                0x000000000800355c      0x288 ./Drivers/STM32F4xx_HAL_Driver/Src/stm32f4xx_hal_i2c.o
                0x000000000800355c                HAL_I2C_Init
 .text.HAL_RCC_OscConfig
                0x00000000080037e4      0x4f0 ./Drivers/STM32F4xx_HAL_Driver/Src/stm32f4xx_hal_rcc.o
                0x00000000080037e4                HAL_RCC_OscConfig
 .text.HAL_RCC_ClockConfig
                0x0000000008003cd4      0x1cc ./Drivers/STM32F4xx_HAL_Driver/Src/stm32f4xx_hal_rcc.o
                0x0000000008003cd4                HAL_RCC_ClockConfig
 .text.HAL_RCC_GetSysClockFreq
                0x0000000008003ea0      0x1c4 ./Drivers/STM32F4xx_HAL_Driver/Src/stm32f4xx_hal_rcc.o
                0x0000000008003ea0                HAL_RCC_GetSysClockFreq
 .text.HAL_RCC_GetHCLKFreq
                0x0000000008004064       0x18 ./Drivers/STM32F4xx_HAL_Driver/Src/stm32f4xx_hal_rcc.o
                0x0000000008004064                HAL_RCC_GetHCLKFreq
 .text.HAL_RCC_GetPCLK1Freq
                0x000000000800407c       0x28 ./Drivers/STM32F4xx_HAL_Driver/Src/stm32f4xx_hal_rcc.o
                0x000000000800407c                HAL_RCC_GetPCLK1Freq
 .text.HAL_RCC_GetPCLK2Freq
                0x00000000080040a4       0x28 ./Drivers/STM32F4xx_HAL_Driver/Src/stm32f4xx_hal_rcc.o
                0x00000000080040a4                HAL_RCC_GetPCLK2Freq
 .text.HAL_SPI_Init
                0x00000000080040cc      0x112 ./Drivers/STM32F4xx_HAL_Driver/Src/stm32f4xx_hal_spi.o
                0x00000000080040cc                HAL_SPI_Init
 .text.HAL_SPI_Transmit
                0x00000000080041de      0x278 ./Drivers/STM32F4xx_HAL_Driver/Src/stm32f4xx_hal_spi.o
                0x00000000080041de                HAL_SPI_Transmit
 .text.HAL_SPI_Receive
                0x0000000008004456      0x222 ./Drivers/STM32F4xx_HAL_Driver/Src/stm32f4xx_hal_spi.o
                0x0000000008004456                HAL_SPI_Receive
 .text.HAL_SPI_TransmitReceive
                0x0000000008004678      0x344 ./Drivers/STM32F4xx_HAL_Driver/Src/stm32f4xx_hal_spi.o
                0x0000000008004678                HAL_SPI_TransmitReceive
 .text.SPI_WaitFlagStateUntilTimeout
                0x00000000080049bc      0x110 ./Drivers/STM32F4xx_HAL_Driver/Src/stm32f4xx_hal_spi.o
 .text.SPI_EndRxTransaction
                0x0000000008004acc       0xca ./Drivers/STM32F4xx_HAL_Driver/Src/stm32f4xx_hal_spi.o
 *fill*         0x0000000008004b96        0x2 
 .text.SPI_EndRxTxTransaction
                0x0000000008004b98       0x84 ./Drivers/STM32F4xx_HAL_Driver/Src/stm32f4xx_hal_spi.o
 .text.HAL_SRAM_Init
                0x0000000008004c1c       0x88 ./Drivers/STM32F4xx_HAL_Driver/Src/stm32f4xx_hal_sram.o
                0x0000000008004c1c                HAL_SRAM_Init
 .text.HAL_TIM_Base_Init
                0x0000000008004ca4       0x9e ./Drivers/STM32F4xx_HAL_Driver/Src/stm32f4xx_hal_tim.o
                0x0000000008004ca4                HAL_TIM_Base_Init
 *fill*         0x0000000008004d42        0x2 
 .text.HAL_TIM_Base_Start_IT
                0x0000000008004d44       0xe0 ./Drivers/STM32F4xx_HAL_Driver/Src/stm32f4xx_hal_tim.o
                0x0000000008004d44                HAL_TIM_Base_Start_IT
 .text.HAL_TIM_IRQHandler
                0x0000000008004e24      0x210 ./Drivers/STM32F4xx_HAL_Driver/Src/stm32f4xx_hal_tim.o
                0x0000000008004e24                HAL_TIM_IRQHandler
 .text.HAL_TIM_ConfigClockSource
                0x0000000008005034      0x18e ./Drivers/STM32F4xx_HAL_Driver/Src/stm32f4xx_hal_tim.o
                0x0000000008005034                HAL_TIM_ConfigClockSource
 .text.HAL_TIM_OC_DelayElapsedCallback
                0x00000000080051c2       0x14 ./Drivers/STM32F4xx_HAL_Driver/Src/stm32f4xx_hal_tim.o
                0x00000000080051c2                HAL_TIM_OC_DelayElapsedCallback
 .text.HAL_TIM_IC_CaptureCallback
                0x00000000080051d6       0x14 ./Drivers/STM32F4xx_HAL_Driver/Src/stm32f4xx_hal_tim.o
                0x00000000080051d6                HAL_TIM_IC_CaptureCallback
 .text.HAL_TIM_PWM_PulseFinishedCallback
                0x00000000080051ea       0x14 ./Drivers/STM32F4xx_HAL_Driver/Src/stm32f4xx_hal_tim.o
                0x00000000080051ea                HAL_TIM_PWM_PulseFinishedCallback
 .text.HAL_TIM_TriggerCallback
                0x00000000080051fe       0x14 ./Drivers/STM32F4xx_HAL_Driver/Src/stm32f4xx_hal_tim.o
                0x00000000080051fe                HAL_TIM_TriggerCallback
 *fill*         0x0000000008005212        0x2 
 .text.TIM_Base_SetConfig
                0x0000000008005214      0x140 ./Drivers/STM32F4xx_HAL_Driver/Src/stm32f4xx_hal_tim.o
                0x0000000008005214                TIM_Base_SetConfig
 .text.TIM_TI1_ConfigInputStage
                0x0000000008005354       0x5e ./Drivers/STM32F4xx_HAL_Driver/Src/stm32f4xx_hal_tim.o
 .text.TIM_TI2_ConfigInputStage
                0x00000000080053b2       0x60 ./Drivers/STM32F4xx_HAL_Driver/Src/stm32f4xx_hal_tim.o
 .text.TIM_ITRx_SetConfig
                0x0000000008005412       0x36 ./Drivers/STM32F4xx_HAL_Driver/Src/stm32f4xx_hal_tim.o
 .text.TIM_ETR_SetConfig
                0x0000000008005448       0x40 ./Drivers/STM32F4xx_HAL_Driver/Src/stm32f4xx_hal_tim.o
                0x0000000008005448                TIM_ETR_SetConfig
 .text.HAL_TIMEx_MasterConfigSynchronization
                0x0000000008005488       0xf8 ./Drivers/STM32F4xx_HAL_Driver/Src/stm32f4xx_hal_tim_ex.o
                0x0000000008005488                HAL_TIMEx_MasterConfigSynchronization
 .text.HAL_TIMEx_CommutCallback
                0x0000000008005580       0x14 ./Drivers/STM32F4xx_HAL_Driver/Src/stm32f4xx_hal_tim_ex.o
                0x0000000008005580                HAL_TIMEx_CommutCallback
 .text.HAL_TIMEx_BreakCallback
                0x0000000008005594       0x14 ./Drivers/STM32F4xx_HAL_Driver/Src/stm32f4xx_hal_tim_ex.o
                0x0000000008005594                HAL_TIMEx_BreakCallback
 .text.HAL_UART_Init
                0x00000000080055a8       0x9a ./Drivers/STM32F4xx_HAL_Driver/Src/stm32f4xx_hal_uart.o
                0x00000000080055a8                HAL_UART_Init
 .text.HAL_UART_Transmit
                0x0000000008005642      0x124 ./Drivers/STM32F4xx_HAL_Driver/Src/stm32f4xx_hal_uart.o
                0x0000000008005642                HAL_UART_Transmit
 .text.HAL_UART_Receive_IT
                0x0000000008005766       0x60 ./Drivers/STM32F4xx_HAL_Driver/Src/stm32f4xx_hal_uart.o
                0x0000000008005766                HAL_UART_Receive_IT
 *fill*         0x00000000080057c6        0x2 
 .text.HAL_UART_IRQHandler
                0x00000000080057c8      0x51c ./Drivers/STM32F4xx_HAL_Driver/Src/stm32f4xx_hal_uart.o
                0x00000000080057c8                HAL_UART_IRQHandler
 .text.HAL_UART_TxCpltCallback
                0x0000000008005ce4       0x14 ./Drivers/STM32F4xx_HAL_Driver/Src/stm32f4xx_hal_uart.o
                0x0000000008005ce4                HAL_UART_TxCpltCallback
 .text.HAL_UART_ErrorCallback
                0x0000000008005cf8       0x14 ./Drivers/STM32F4xx_HAL_Driver/Src/stm32f4xx_hal_uart.o
                0x0000000008005cf8                HAL_UART_ErrorCallback
 .text.HAL_UARTEx_RxEventCallback
                0x0000000008005d0c       0x18 ./Drivers/STM32F4xx_HAL_Driver/Src/stm32f4xx_hal_uart.o
                0x0000000008005d0c                HAL_UARTEx_RxEventCallback
 .text.UART_WaitOnFlagUntilTimeout
                0x0000000008005d24       0xdc ./Drivers/STM32F4xx_HAL_Driver/Src/stm32f4xx_hal_uart.o
 .text.UART_Start_Receive_IT
                0x0000000008005e00       0x74 ./Drivers/STM32F4xx_HAL_Driver/Src/stm32f4xx_hal_uart.o
                0x0000000008005e00                UART_Start_Receive_IT
 .text.UART_EndRxTransfer
                0x0000000008005e74       0xc6 ./Drivers/STM32F4xx_HAL_Driver/Src/stm32f4xx_hal_uart.o
 .text.UART_DMAAbortOnError
                0x0000000008005f3a       0x28 ./Drivers/STM32F4xx_HAL_Driver/Src/stm32f4xx_hal_uart.o
 .text.UART_Transmit_IT
                0x0000000008005f62       0xa0 ./Drivers/STM32F4xx_HAL_Driver/Src/stm32f4xx_hal_uart.o
 .text.UART_EndTransmit_IT
                0x0000000008006002       0x30 ./Drivers/STM32F4xx_HAL_Driver/Src/stm32f4xx_hal_uart.o
 .text.UART_Receive_IT
                0x0000000008006032      0x176 ./Drivers/STM32F4xx_HAL_Driver/Src/stm32f4xx_hal_uart.o
 .text.UART_SetConfig
                0x00000000080061a8      0x390 ./Drivers/STM32F4xx_HAL_Driver/Src/stm32f4xx_hal_uart.o
 .text.FSMC_NORSRAM_Init
                0x0000000008006538       0xa4 ./Drivers/STM32F4xx_HAL_Driver/Src/stm32f4xx_ll_fsmc.o
                0x0000000008006538                FSMC_NORSRAM_Init
 .text.FSMC_NORSRAM_Timing_Init
                0x00000000080065dc       0x7a ./Drivers/STM32F4xx_HAL_Driver/Src/stm32f4xx_ll_fsmc.o
                0x00000000080065dc                FSMC_NORSRAM_Timing_Init
 *fill*         0x0000000008006656        0x2 
 .text.FSMC_NORSRAM_Extended_Timing_Init
                0x0000000008006658       0x80 ./Drivers/STM32F4xx_HAL_Driver/Src/stm32f4xx_ll_fsmc.o
                0x0000000008006658                FSMC_NORSRAM_Extended_Timing_Init
 .text.__libc_init_array
                0x00000000080066d8       0x48 c:/st/stm32cubeide_1.7.0/stm32cubeide/plugins/com.st.stm32cube.ide.mcu.externaltools.gnu-tools-for-stm32.9-2020-q2-update.win32_2.0.0.202105311346/tools/bin/../lib/gcc/arm-none-eabi/9.3.1/../../../../arm-none-eabi/lib/thumb/v7e-m+fp/hard\libc_nano.a(lib_a-init.o)
                0x00000000080066d8                __libc_init_array
 .text.memset   0x0000000008006720       0x10 c:/st/stm32cubeide_1.7.0/stm32cubeide/plugins/com.st.stm32cube.ide.mcu.externaltools.gnu-tools-for-stm32.9-2020-q2-update.win32_2.0.0.202105311346/tools/bin/../lib/gcc/arm-none-eabi/9.3.1/../../../../arm-none-eabi/lib/thumb/v7e-m+fp/hard\libc_nano.a(lib_a-memset.o)
                0x0000000008006720                memset
 .text.round    0x0000000008006730       0x8c c:/st/stm32cubeide_1.7.0/stm32cubeide/plugins/com.st.stm32cube.ide.mcu.externaltools.gnu-tools-for-stm32.9-2020-q2-update.win32_2.0.0.202105311346/tools/bin/../lib/gcc/arm-none-eabi/9.3.1/../../../../arm-none-eabi/lib/thumb/v7e-m+fp/hard\libm.a(lib_a-s_round.o)
                0x0000000008006730                round
 *(.glue_7)
 .glue_7        0x00000000080067bc        0x0 linker stubs
 *(.glue_7t)
 .glue_7t       0x00000000080067bc        0x0 linker stubs
 *(.eh_frame)
 .eh_frame      0x00000000080067bc        0x0 c:/st/stm32cubeide_1.7.0/stm32cubeide/plugins/com.st.stm32cube.ide.mcu.externaltools.gnu-tools-for-stm32.9-2020-q2-update.win32_2.0.0.202105311346/tools/bin/../lib/gcc/arm-none-eabi/9.3.1/thumb/v7e-m+fp/hard/crtbegin.o
 *(.init)
 .init          0x00000000080067bc        0x4 c:/st/stm32cubeide_1.7.0/stm32cubeide/plugins/com.st.stm32cube.ide.mcu.externaltools.gnu-tools-for-stm32.9-2020-q2-update.win32_2.0.0.202105311346/tools/bin/../lib/gcc/arm-none-eabi/9.3.1/thumb/v7e-m+fp/hard/crti.o
                0x00000000080067bc                _init
 .init          0x00000000080067c0        0x8 c:/st/stm32cubeide_1.7.0/stm32cubeide/plugins/com.st.stm32cube.ide.mcu.externaltools.gnu-tools-for-stm32.9-2020-q2-update.win32_2.0.0.202105311346/tools/bin/../lib/gcc/arm-none-eabi/9.3.1/thumb/v7e-m+fp/hard/crtn.o
 *(.fini)
 .fini          0x00000000080067c8        0x4 c:/st/stm32cubeide_1.7.0/stm32cubeide/plugins/com.st.stm32cube.ide.mcu.externaltools.gnu-tools-for-stm32.9-2020-q2-update.win32_2.0.0.202105311346/tools/bin/../lib/gcc/arm-none-eabi/9.3.1/thumb/v7e-m+fp/hard/crti.o
                0x00000000080067c8                _fini
 .fini          0x00000000080067cc        0x8 c:/st/stm32cubeide_1.7.0/stm32cubeide/plugins/com.st.stm32cube.ide.mcu.externaltools.gnu-tools-for-stm32.9-2020-q2-update.win32_2.0.0.202105311346/tools/bin/../lib/gcc/arm-none-eabi/9.3.1/thumb/v7e-m+fp/hard/crtn.o
                0x00000000080067d4                . = ALIGN (0x4)
                0x00000000080067d4                _etext = .

.vfp11_veneer   0x00000000080067d4        0x0
 .vfp11_veneer  0x00000000080067d4        0x0 linker stubs

.v4_bx          0x00000000080067d4        0x0
 .v4_bx         0x00000000080067d4        0x0 linker stubs

.iplt           0x00000000080067d4        0x0
 .iplt          0x00000000080067d4        0x0 c:/st/stm32cubeide_1.7.0/stm32cubeide/plugins/com.st.stm32cube.ide.mcu.externaltools.gnu-tools-for-stm32.9-2020-q2-update.win32_2.0.0.202105311346/tools/bin/../lib/gcc/arm-none-eabi/9.3.1/thumb/v7e-m+fp/hard/crtbegin.o

.rodata         0x00000000080067d4     0x5860
                0x00000000080067d4                . = ALIGN (0x4)
 *(.rodata)
 *(.rodata*)
 .rodata.ascii_1608
                0x00000000080067d4      0x5f0 ./Core/Src/lcd.o
                0x00000000080067d4                ascii_1608
 .rodata.ascii_2412
                0x0000000008006dc4     0x11d0 ./Core/Src/lcd.o
                0x0000000008006dc4                ascii_2412
 .rodata.ascii_3216
                0x0000000008007f94     0x17c0 ./Core/Src/lcd.o
                0x0000000008007f94                ascii_3216
 .rodata.gImage_l_flag
                0x0000000008009754     0x28c8 ./Core/Src/picture.o
                0x0000000008009754                gImage_l_flag
 .rodata.AHBPrescTable
                0x000000000800c01c       0x10 ./Core/Src/system_stm32f4xx.o
                0x000000000800c01c                AHBPrescTable
 .rodata.APBPrescTable
                0x000000000800c02c        0x8 ./Core/Src/system_stm32f4xx.o
                0x000000000800c02c                APBPrescTable
                0x000000000800c034                . = ALIGN (0x4)

.ARM.extab      0x000000000800c034        0x0
                0x000000000800c034                . = ALIGN (0x4)
 *(.ARM.extab* .gnu.linkonce.armextab.*)
                0x000000000800c034                . = ALIGN (0x4)

.ARM            0x000000000800c034        0x8
                0x000000000800c034                . = ALIGN (0x4)
                0x000000000800c034                __exidx_start = .
 *(.ARM.exidx*)
 .ARM.exidx     0x000000000800c034        0x8 c:/st/stm32cubeide_1.7.0/stm32cubeide/plugins/com.st.stm32cube.ide.mcu.externaltools.gnu-tools-for-stm32.9-2020-q2-update.win32_2.0.0.202105311346/tools/bin/../lib/gcc/arm-none-eabi/9.3.1/thumb/v7e-m+fp/hard\libgcc.a(_udivmoddi4.o)
                0x000000000800c03c                __exidx_end = .
                0x000000000800c03c                . = ALIGN (0x4)

.rel.dyn        0x000000000800c03c        0x0
 .rel.iplt      0x000000000800c03c        0x0 c:/st/stm32cubeide_1.7.0/stm32cubeide/plugins/com.st.stm32cube.ide.mcu.externaltools.gnu-tools-for-stm32.9-2020-q2-update.win32_2.0.0.202105311346/tools/bin/../lib/gcc/arm-none-eabi/9.3.1/thumb/v7e-m+fp/hard/crtbegin.o

.preinit_array  0x000000000800c03c        0x0
                0x000000000800c03c                . = ALIGN (0x4)
                0x000000000800c03c                PROVIDE (__preinit_array_start = .)
 *(.preinit_array*)
                0x000000000800c03c                PROVIDE (__preinit_array_end = .)
                0x000000000800c03c                . = ALIGN (0x4)

.init_array     0x000000000800c03c        0x4
                0x000000000800c03c                . = ALIGN (0x4)
                0x000000000800c03c                PROVIDE (__init_array_start = .)
 *(SORT_BY_NAME(.init_array.*))
 *(.init_array*)
 .init_array    0x000000000800c03c        0x4 c:/st/stm32cubeide_1.7.0/stm32cubeide/plugins/com.st.stm32cube.ide.mcu.externaltools.gnu-tools-for-stm32.9-2020-q2-update.win32_2.0.0.202105311346/tools/bin/../lib/gcc/arm-none-eabi/9.3.1/thumb/v7e-m+fp/hard/crtbegin.o
                0x000000000800c040                PROVIDE (__init_array_end = .)
                0x000000000800c040                . = ALIGN (0x4)

.fini_array     0x000000000800c040        0x4
                0x000000000800c040                . = ALIGN (0x4)
                [!provide]                        PROVIDE (__fini_array_start = .)
 *(SORT_BY_NAME(.fini_array.*))
 *(.fini_array*)
 .fini_array    0x000000000800c040        0x4 c:/st/stm32cubeide_1.7.0/stm32cubeide/plugins/com.st.stm32cube.ide.mcu.externaltools.gnu-tools-for-stm32.9-2020-q2-update.win32_2.0.0.202105311346/tools/bin/../lib/gcc/arm-none-eabi/9.3.1/thumb/v7e-m+fp/hard/crtbegin.o
                [!provide]                        PROVIDE (__fini_array_end = .)
                0x000000000800c044                . = ALIGN (0x4)
                0x000000000800c044                _sidata = LOADADDR (.data)

.data           0x0000000020000000       0x20 load address 0x000000000800c044
                0x0000000020000000                . = ALIGN (0x4)
                0x0000000020000000                _sdata = .
 *(.data)
 *(.data*)
 .data.timeRed  0x0000000020000000        0x4 ./Core/Src/global.o
                0x0000000020000000                timeRed
 .data.timeYellow
                0x0000000020000004        0x4 ./Core/Src/global.o
                0x0000000020000004                timeYellow
 .data.timeGreen
                0x0000000020000008        0x4 ./Core/Src/global.o
                0x0000000020000008                timeGreen
 .data.led7seg  0x000000002000000c        0x4 ./Core/Src/led_7seg.o
                0x000000002000000c                led7seg
 .data.spi_buffer
                0x0000000020000010        0x2 ./Core/Src/led_7seg.o
                0x0000000020000010                spi_buffer
 *fill*         0x0000000020000012        0x2 
 .data.SystemCoreClock
                0x0000000020000014        0x4 ./Core/Src/system_stm32f4xx.o
                0x0000000020000014                SystemCoreClock
 .data.uwTickPrio
                0x0000000020000018        0x4 ./Drivers/STM32F4xx_HAL_Driver/Src/stm32f4xx_hal.o
                0x0000000020000018                uwTickPrio
 .data.uwTickFreq
                0x000000002000001c        0x1 ./Drivers/STM32F4xx_HAL_Driver/Src/stm32f4xx_hal.o
                0x000000002000001c                uwTickFreq
 *(.RamFunc)
 *(.RamFunc*)
                0x0000000020000020                . = ALIGN (0x4)
 *fill*         0x000000002000001d        0x3 
                0x0000000020000020                _edata = .
                0x000000000800c064                _siccmram = LOADADDR (.ccmram)

.igot.plt       0x0000000020000020        0x0 load address 0x000000000800c064
 .igot.plt      0x0000000020000020        0x0 c:/st/stm32cubeide_1.7.0/stm32cubeide/plugins/com.st.stm32cube.ide.mcu.externaltools.gnu-tools-for-stm32.9-2020-q2-update.win32_2.0.0.202105311346/tools/bin/../lib/gcc/arm-none-eabi/9.3.1/thumb/v7e-m+fp/hard/crtbegin.o

.ccmram         0x0000000010000000        0x0 load address 0x000000000800c064
                0x0000000010000000                . = ALIGN (0x4)
                0x0000000010000000                _sccmram = .
 *(.ccmram)
 *(.ccmram*)
                0x0000000010000000                . = ALIGN (0x4)
                0x0000000010000000                _eccmram = .
                0x0000000010000000                . = ALIGN (0x4)

.bss            0x0000000020000020      0x234
                0x0000000020000020                _sbss = .
                0x0000000020000020                __bss_start__ = _sbss
 *(.bss)
 .bss           0x0000000020000020       0x1c c:/st/stm32cubeide_1.7.0/stm32cubeide/plugins/com.st.stm32cube.ide.mcu.externaltools.gnu-tools-for-stm32.9-2020-q2-update.win32_2.0.0.202105311346/tools/bin/../lib/gcc/arm-none-eabi/9.3.1/thumb/v7e-m+fp/hard/crtbegin.o
 *(.bss*)
 .bss.spi_button
                0x000000002000003c        0x2 ./Core/Src/button.o
                0x000000002000003c                spi_button
 *fill*         0x000000002000003e        0x2 
 .bss.FSMC_Initialized
                0x0000000020000040        0x4 ./Core/Src/fsmc.o
 .bss.mode      0x0000000020000044        0x4 ./Core/Src/global.o
                0x0000000020000044                mode
 .bss.timer     0x0000000020000048        0x4 ./Core/Src/global.o
                0x0000000020000048                timer
 .bss.timer_temp
                0x000000002000004c        0x4 ./Core/Src/global.o
                0x000000002000004c                timer_temp
 .bss.check_timer
                0x0000000020000050        0x4 ./Core/Src/global.o
                0x0000000020000050                check_timer
 .bss.blinkstate
                0x0000000020000054        0x4 ./Core/Src/global.o
                0x0000000020000054                blinkstate
 .bss.led7_index
                0x0000000020000058        0x4 ./Core/Src/led_7seg.o
                0x0000000020000058                led7_index
 .bss.count_led_debug
                0x000000002000005c        0x2 ./Core/Src/main.o
                0x000000002000005c                count_led_debug
 .bss.flag_timer1
                0x000000002000005e        0x2 ./Core/Src/software_timer.o
                0x000000002000005e                flag_timer1
 .bss.timer1_counter
                0x0000000020000060        0x2 ./Core/Src/software_timer.o
                0x0000000020000060                timer1_counter
 .bss.timer1_MUL
                0x0000000020000062        0x2 ./Core/Src/software_timer.o
                0x0000000020000062                timer1_MUL
 .bss.flag_timer2
                0x0000000020000064        0x2 ./Core/Src/software_timer.o
                0x0000000020000064                flag_timer2
 .bss.timer2_counter
                0x0000000020000066        0x2 ./Core/Src/software_timer.o
                0x0000000020000066                timer2_counter
 .bss.timer2_MUL
                0x0000000020000068        0x2 ./Core/Src/software_timer.o
                0x0000000020000068                timer2_MUL
 .bss.receive_buffer1
                0x000000002000006a        0x1 ./Core/Src/uart.o
                0x000000002000006a                receive_buffer1
 *(COMMON)
 *fill*         0x000000002000006b        0x1 
 COMMON         0x000000002000006c       0x20 ./Core/Src/button.o
                0x000000002000006c                button_count
 COMMON         0x000000002000008c       0x50 ./Core/Src/fsmc.o
                0x000000002000008c                hsram1
 COMMON         0x00000000200000dc       0x54 ./Core/Src/i2c.o
                0x00000000200000dc                hi2c1
 COMMON         0x0000000020000130       0x3a ./Core/Src/lcd.o
                0x0000000020000130                lcddev
                0x0000000020000138                s
 *fill*         0x000000002000016a        0x2 
 COMMON         0x000000002000016c       0x58 ./Core/Src/spi.o
                0x000000002000016c                hspi1
 COMMON         0x00000000200001c4       0x48 ./Core/Src/tim.o
                0x00000000200001c4                htim2
 COMMON         0x000000002000020c       0x44 ./Core/Src/usart.o
                0x000000002000020c                huart1
 COMMON         0x0000000020000250        0x4 ./Drivers/STM32F4xx_HAL_Driver/Src/stm32f4xx_hal.o
                0x0000000020000250                uwTick
                0x0000000020000254                . = ALIGN (0x4)
                0x0000000020000254                _ebss = .
                0x0000000020000254                __bss_end__ = _ebss

._user_heap_stack
                0x0000000020000254      0x604
                0x0000000020000258                . = ALIGN (0x8)
 *fill*         0x0000000020000254        0x4 
                [!provide]                        PROVIDE (end = .)
                0x0000000020000258                PROVIDE (_end = .)
                0x0000000020000458                . = (. + _Min_Heap_Size)
 *fill*         0x0000000020000258      0x200 
                0x0000000020000858                . = (. + _Min_Stack_Size)
 *fill*         0x0000000020000458      0x400 
                0x0000000020000858                . = ALIGN (0x8)

/DISCARD/
 libc.a(*)
 libm.a(*)
 libgcc.a(*)

.ARM.attributes
                0x0000000000000000       0x30
 *(.ARM.attributes)
 .ARM.attributes
                0x0000000000000000       0x1e c:/st/stm32cubeide_1.7.0/stm32cubeide/plugins/com.st.stm32cube.ide.mcu.externaltools.gnu-tools-for-stm32.9-2020-q2-update.win32_2.0.0.202105311346/tools/bin/../lib/gcc/arm-none-eabi/9.3.1/thumb/v7e-m+fp/hard/crti.o
 .ARM.attributes
                0x000000000000001e       0x34 c:/st/stm32cubeide_1.7.0/stm32cubeide/plugins/com.st.stm32cube.ide.mcu.externaltools.gnu-tools-for-stm32.9-2020-q2-update.win32_2.0.0.202105311346/tools/bin/../lib/gcc/arm-none-eabi/9.3.1/thumb/v7e-m+fp/hard/crtbegin.o
 .ARM.attributes
                0x0000000000000052       0x34 ./Core/Src/button.o
 .ARM.attributes
                0x0000000000000086       0x34 ./Core/Src/fsm_mode.o
 .ARM.attributes
                0x00000000000000ba       0x34 ./Core/Src/fsmc.o
 .ARM.attributes
                0x00000000000000ee       0x39 ./Core/Src/global.o
 .ARM.attributes
                0x0000000000000127       0x34 ./Core/Src/gpio.o
 .ARM.attributes
                0x000000000000015b       0x34 ./Core/Src/i2c.o
 .ARM.attributes
                0x000000000000018f       0x34 ./Core/Src/lcd.o
 .ARM.attributes
                0x00000000000001c3       0x34 ./Core/Src/led_7seg.o
 .ARM.attributes
                0x00000000000001f7       0x34 ./Core/Src/main.o
 .ARM.attributes
                0x000000000000022b       0x39 ./Core/Src/picture.o
 .ARM.attributes
                0x0000000000000264       0x34 ./Core/Src/software_timer.o
 .ARM.attributes
                0x0000000000000298       0x34 ./Core/Src/spi.o
 .ARM.attributes
                0x00000000000002cc       0x34 ./Core/Src/stm32f4xx_hal_msp.o
 .ARM.attributes
                0x0000000000000300       0x34 ./Core/Src/stm32f4xx_it.o
 .ARM.attributes
                0x0000000000000334       0x34 ./Core/Src/system_stm32f4xx.o
 .ARM.attributes
                0x0000000000000368       0x34 ./Core/Src/tim.o
 .ARM.attributes
                0x000000000000039c       0x34 ./Core/Src/uart.o
 .ARM.attributes
                0x00000000000003d0       0x34 ./Core/Src/usart.o
 .ARM.attributes
                0x0000000000000404       0x21 ./Core/Startup/startup_stm32f407zetx.o
 .ARM.attributes
                0x0000000000000425       0x34 ./Drivers/STM32F4xx_HAL_Driver/Src/stm32f4xx_hal.o
 .ARM.attributes
                0x0000000000000459       0x34 ./Drivers/STM32F4xx_HAL_Driver/Src/stm32f4xx_hal_cortex.o
 .ARM.attributes
                0x000000000000048d       0x34 ./Drivers/STM32F4xx_HAL_Driver/Src/stm32f4xx_hal_dma.o
 .ARM.attributes
                0x00000000000004c1       0x34 ./Drivers/STM32F4xx_HAL_Driver/Src/stm32f4xx_hal_gpio.o
 .ARM.attributes
                0x00000000000004f5       0x34 ./Drivers/STM32F4xx_HAL_Driver/Src/stm32f4xx_hal_i2c.o
 .ARM.attributes
                0x0000000000000529       0x34 ./Drivers/STM32F4xx_HAL_Driver/Src/stm32f4xx_hal_rcc.o
 .ARM.attributes
                0x000000000000055d       0x34 ./Drivers/STM32F4xx_HAL_Driver/Src/stm32f4xx_hal_spi.o
 .ARM.attributes
                0x0000000000000591       0x34 ./Drivers/STM32F4xx_HAL_Driver/Src/stm32f4xx_hal_sram.o
 .ARM.attributes
                0x00000000000005c5       0x34 ./Drivers/STM32F4xx_HAL_Driver/Src/stm32f4xx_hal_tim.o
 .ARM.attributes
                0x00000000000005f9       0x34 ./Drivers/STM32F4xx_HAL_Driver/Src/stm32f4xx_hal_tim_ex.o
 .ARM.attributes
                0x000000000000062d       0x34 ./Drivers/STM32F4xx_HAL_Driver/Src/stm32f4xx_hal_uart.o
 .ARM.attributes
                0x0000000000000661       0x34 ./Drivers/STM32F4xx_HAL_Driver/Src/stm32f4xx_ll_fsmc.o
 .ARM.attributes
                0x0000000000000695       0x34 c:/st/stm32cubeide_1.7.0/stm32cubeide/plugins/com.st.stm32cube.ide.mcu.externaltools.gnu-tools-for-stm32.9-2020-q2-update.win32_2.0.0.202105311346/tools/bin/../lib/gcc/arm-none-eabi/9.3.1/../../../../arm-none-eabi/lib/thumb/v7e-m+fp/hard\libc_nano.a(lib_a-init.o)
 .ARM.attributes
                0x00000000000006c9       0x34 c:/st/stm32cubeide_1.7.0/stm32cubeide/plugins/com.st.stm32cube.ide.mcu.externaltools.gnu-tools-for-stm32.9-2020-q2-update.win32_2.0.0.202105311346/tools/bin/../lib/gcc/arm-none-eabi/9.3.1/../../../../arm-none-eabi/lib/thumb/v7e-m+fp/hard\libc_nano.a(lib_a-memset.o)
 .ARM.attributes
                0x00000000000006fd       0x34 c:/st/stm32cubeide_1.7.0/stm32cubeide/plugins/com.st.stm32cube.ide.mcu.externaltools.gnu-tools-for-stm32.9-2020-q2-update.win32_2.0.0.202105311346/tools/bin/../lib/gcc/arm-none-eabi/9.3.1/../../../../arm-none-eabi/lib/thumb/v7e-m+fp/hard\libm.a(lib_a-s_round.o)
 .ARM.attributes
                0x0000000000000731       0x1e c:/st/stm32cubeide_1.7.0/stm32cubeide/plugins/com.st.stm32cube.ide.mcu.externaltools.gnu-tools-for-stm32.9-2020-q2-update.win32_2.0.0.202105311346/tools/bin/../lib/gcc/arm-none-eabi/9.3.1/thumb/v7e-m+fp/hard\libgcc.a(_arm_muldf3.o)
 .ARM.attributes
                0x000000000000074f       0x1e c:/st/stm32cubeide_1.7.0/stm32cubeide/plugins/com.st.stm32cube.ide.mcu.externaltools.gnu-tools-for-stm32.9-2020-q2-update.win32_2.0.0.202105311346/tools/bin/../lib/gcc/arm-none-eabi/9.3.1/thumb/v7e-m+fp/hard\libgcc.a(_arm_addsubdf3.o)
 .ARM.attributes
                0x000000000000076d       0x1e c:/st/stm32cubeide_1.7.0/stm32cubeide/plugins/com.st.stm32cube.ide.mcu.externaltools.gnu-tools-for-stm32.9-2020-q2-update.win32_2.0.0.202105311346/tools/bin/../lib/gcc/arm-none-eabi/9.3.1/thumb/v7e-m+fp/hard\libgcc.a(_arm_fixdfsi.o)
 .ARM.attributes
                0x000000000000078b       0x1e c:/st/stm32cubeide_1.7.0/stm32cubeide/plugins/com.st.stm32cube.ide.mcu.externaltools.gnu-tools-for-stm32.9-2020-q2-update.win32_2.0.0.202105311346/tools/bin/../lib/gcc/arm-none-eabi/9.3.1/thumb/v7e-m+fp/hard\libgcc.a(_aeabi_uldivmod.o)
 .ARM.attributes
                0x00000000000007a9       0x34 c:/st/stm32cubeide_1.7.0/stm32cubeide/plugins/com.st.stm32cube.ide.mcu.externaltools.gnu-tools-for-stm32.9-2020-q2-update.win32_2.0.0.202105311346/tools/bin/../lib/gcc/arm-none-eabi/9.3.1/thumb/v7e-m+fp/hard\libgcc.a(_udivmoddi4.o)
 .ARM.attributes
                0x00000000000007dd       0x1e c:/st/stm32cubeide_1.7.0/stm32cubeide/plugins/com.st.stm32cube.ide.mcu.externaltools.gnu-tools-for-stm32.9-2020-q2-update.win32_2.0.0.202105311346/tools/bin/../lib/gcc/arm-none-eabi/9.3.1/thumb/v7e-m+fp/hard\libgcc.a(_dvmd_tls.o)
 .ARM.attributes
                0x00000000000007fb       0x1e c:/st/stm32cubeide_1.7.0/stm32cubeide/plugins/com.st.stm32cube.ide.mcu.externaltools.gnu-tools-for-stm32.9-2020-q2-update.win32_2.0.0.202105311346/tools/bin/../lib/gcc/arm-none-eabi/9.3.1/thumb/v7e-m+fp/hard/crtn.o
OUTPUT(EMB_LAB2.elf elf32-littlearm)
LOAD linker stubs
LOAD c:/st/stm32cubeide_1.7.0/stm32cubeide/plugins/com.st.stm32cube.ide.mcu.externaltools.gnu-tools-for-stm32.9-2020-q2-update.win32_2.0.0.202105311346/tools/bin/../lib/gcc/arm-none-eabi/9.3.1/../../../../arm-none-eabi/lib/thumb/v7e-m+fp/hard\libc.a
LOAD c:/st/stm32cubeide_1.7.0/stm32cubeide/plugins/com.st.stm32cube.ide.mcu.externaltools.gnu-tools-for-stm32.9-2020-q2-update.win32_2.0.0.202105311346/tools/bin/../lib/gcc/arm-none-eabi/9.3.1/../../../../arm-none-eabi/lib/thumb/v7e-m+fp/hard\libm.a
LOAD c:/st/stm32cubeide_1.7.0/stm32cubeide/plugins/com.st.stm32cube.ide.mcu.externaltools.gnu-tools-for-stm32.9-2020-q2-update.win32_2.0.0.202105311346/tools/bin/../lib/gcc/arm-none-eabi/9.3.1/thumb/v7e-m+fp/hard\libgcc.a

.debug_info     0x0000000000000000    0x1e9aa
 .debug_info    0x0000000000000000      0x7f4 ./Core/Src/button.o
 .debug_info    0x00000000000007f4     0x1d19 ./Core/Src/fsm_mode.o
 .debug_info    0x000000000000250d      0xa96 ./Core/Src/fsmc.o
 .debug_info    0x0000000000002fa3     0x1bc8 ./Core/Src/global.o
 .debug_info    0x0000000000004b6b      0x569 ./Core/Src/gpio.o
 .debug_info    0x00000000000050d4      0xa7d ./Core/Src/i2c.o
 .debug_info    0x0000000000005b51     0x17e8 ./Core/Src/lcd.o
 .debug_info    0x0000000000007339      0x89c ./Core/Src/led_7seg.o
 .debug_info    0x0000000000007bd5     0x2086 ./Core/Src/main.o
 .debug_info    0x0000000000009c5b       0x95 ./Core/Src/picture.o
 .debug_info    0x0000000000009cf0      0x883 ./Core/Src/software_timer.o
 .debug_info    0x000000000000a573      0xa5a ./Core/Src/spi.o
 .debug_info    0x000000000000afcd      0x394 ./Core/Src/stm32f4xx_hal_msp.o
 .debug_info    0x000000000000b361      0xa6f ./Core/Src/stm32f4xx_it.o
 .debug_info    0x000000000000bdd0      0x5a4 ./Core/Src/system_stm32f4xx.o
 .debug_info    0x000000000000c374      0xc88 ./Core/Src/tim.o
 .debug_info    0x000000000000cffc     0x1062 ./Core/Src/uart.o
 .debug_info    0x000000000000e05e      0xc29 ./Core/Src/usart.o
 .debug_info    0x000000000000ec87       0x22 ./Core/Startup/startup_stm32f407zetx.o
 .debug_info    0x000000000000eca9      0x9b2 ./Drivers/STM32F4xx_HAL_Driver/Src/stm32f4xx_hal.o
 .debug_info    0x000000000000f65b      0xed7 ./Drivers/STM32F4xx_HAL_Driver/Src/stm32f4xx_hal_cortex.o
 .debug_info    0x0000000000010532      0x9f1 ./Drivers/STM32F4xx_HAL_Driver/Src/stm32f4xx_hal_dma.o
 .debug_info    0x0000000000010f23      0x83e ./Drivers/STM32F4xx_HAL_Driver/Src/stm32f4xx_hal_gpio.o
 .debug_info    0x0000000000011761     0x264d ./Drivers/STM32F4xx_HAL_Driver/Src/stm32f4xx_hal_i2c.o
 .debug_info    0x0000000000013dae      0x996 ./Drivers/STM32F4xx_HAL_Driver/Src/stm32f4xx_hal_rcc.o
 .debug_info    0x0000000000014744     0x17c0 ./Drivers/STM32F4xx_HAL_Driver/Src/stm32f4xx_hal_spi.o
 .debug_info    0x0000000000015f04      0xbab ./Drivers/STM32F4xx_HAL_Driver/Src/stm32f4xx_hal_sram.o
 .debug_info    0x0000000000016aaf     0x2c22 ./Drivers/STM32F4xx_HAL_Driver/Src/stm32f4xx_hal_tim.o
 .debug_info    0x00000000000196d1     0x15a2 ./Drivers/STM32F4xx_HAL_Driver/Src/stm32f4xx_hal_tim_ex.o
 .debug_info    0x000000000001ac73     0x31de ./Drivers/STM32F4xx_HAL_Driver/Src/stm32f4xx_hal_uart.o
 .debug_info    0x000000000001de51      0xb59 ./Drivers/STM32F4xx_HAL_Driver/Src/stm32f4xx_ll_fsmc.o

.debug_abbrev   0x0000000000000000     0x3d2d
 .debug_abbrev  0x0000000000000000      0x1bf ./Core/Src/button.o
 .debug_abbrev  0x00000000000001bf      0x269 ./Core/Src/fsm_mode.o
 .debug_abbrev  0x0000000000000428      0x1e2 ./Core/Src/fsmc.o
 .debug_abbrev  0x000000000000060a      0x1f1 ./Core/Src/global.o
 .debug_abbrev  0x00000000000007fb      0x14e ./Core/Src/gpio.o
 .debug_abbrev  0x0000000000000949      0x1bb ./Core/Src/i2c.o
 .debug_abbrev  0x0000000000000b04      0x390 ./Core/Src/lcd.o
 .debug_abbrev  0x0000000000000e94      0x1a9 ./Core/Src/led_7seg.o
 .debug_abbrev  0x000000000000103d      0x2d7 ./Core/Src/main.o
 .debug_abbrev  0x0000000000001314       0x66 ./Core/Src/picture.o
 .debug_abbrev  0x000000000000137a      0x1e6 ./Core/Src/software_timer.o
 .debug_abbrev  0x0000000000001560      0x1bb ./Core/Src/spi.o
 .debug_abbrev  0x000000000000171b      0x11d ./Core/Src/stm32f4xx_hal_msp.o
 .debug_abbrev  0x0000000000001838      0x176 ./Core/Src/stm32f4xx_it.o
 .debug_abbrev  0x00000000000019ae      0x145 ./Core/Src/system_stm32f4xx.o
 .debug_abbrev  0x0000000000001af3      0x1bb ./Core/Src/tim.o
 .debug_abbrev  0x0000000000001cae      0x280 ./Core/Src/uart.o
 .debug_abbrev  0x0000000000001f2e      0x1c4 ./Core/Src/usart.o
 .debug_abbrev  0x00000000000020f2       0x12 ./Core/Startup/startup_stm32f407zetx.o
 .debug_abbrev  0x0000000000002104      0x1ed ./Drivers/STM32F4xx_HAL_Driver/Src/stm32f4xx_hal.o
 .debug_abbrev  0x00000000000022f1      0x33c ./Drivers/STM32F4xx_HAL_Driver/Src/stm32f4xx_hal_cortex.o
 .debug_abbrev  0x000000000000262d      0x259 ./Drivers/STM32F4xx_HAL_Driver/Src/stm32f4xx_hal_dma.o
 .debug_abbrev  0x0000000000002886      0x1f1 ./Drivers/STM32F4xx_HAL_Driver/Src/stm32f4xx_hal_gpio.o
 .debug_abbrev  0x0000000000002a77      0x282 ./Drivers/STM32F4xx_HAL_Driver/Src/stm32f4xx_hal_i2c.o
 .debug_abbrev  0x0000000000002cf9      0x275 ./Drivers/STM32F4xx_HAL_Driver/Src/stm32f4xx_hal_rcc.o
 .debug_abbrev  0x0000000000002f6e      0x26e ./Drivers/STM32F4xx_HAL_Driver/Src/stm32f4xx_hal_spi.o
 .debug_abbrev  0x00000000000031dc      0x1f4 ./Drivers/STM32F4xx_HAL_Driver/Src/stm32f4xx_hal_sram.o
 .debug_abbrev  0x00000000000033d0      0x25e ./Drivers/STM32F4xx_HAL_Driver/Src/stm32f4xx_hal_tim.o
 .debug_abbrev  0x000000000000362e      0x266 ./Drivers/STM32F4xx_HAL_Driver/Src/stm32f4xx_hal_tim_ex.o
 .debug_abbrev  0x0000000000003894      0x2eb ./Drivers/STM32F4xx_HAL_Driver/Src/stm32f4xx_hal_uart.o
 .debug_abbrev  0x0000000000003b7f      0x1ae ./Drivers/STM32F4xx_HAL_Driver/Src/stm32f4xx_ll_fsmc.o

.debug_aranges  0x0000000000000000     0x1548
 .debug_aranges
                0x0000000000000000       0x28 ./Core/Src/button.o
 .debug_aranges
                0x0000000000000028       0x88 ./Core/Src/fsm_mode.o
 .debug_aranges
                0x00000000000000b0       0x40 ./Core/Src/fsmc.o
 .debug_aranges
                0x00000000000000f0       0x18 ./Core/Src/global.o
 .debug_aranges
                0x0000000000000108       0x20 ./Core/Src/gpio.o
 .debug_aranges
                0x0000000000000128       0x30 ./Core/Src/i2c.o
 .debug_aranges
                0x0000000000000158       0xe8 ./Core/Src/lcd.o
 .debug_aranges
                0x0000000000000240       0x48 ./Core/Src/led_7seg.o
 .debug_aranges
                0x0000000000000288       0x50 ./Core/Src/main.o
 .debug_aranges
                0x00000000000002d8       0x18 ./Core/Src/picture.o
 .debug_aranges
                0x00000000000002f0       0x38 ./Core/Src/software_timer.o
 .debug_aranges
                0x0000000000000328       0x30 ./Core/Src/spi.o
 .debug_aranges
                0x0000000000000358       0x20 ./Core/Src/stm32f4xx_hal_msp.o
 .debug_aranges
                0x0000000000000378       0x70 ./Core/Src/stm32f4xx_it.o
 .debug_aranges
                0x00000000000003e8       0x28 ./Core/Src/system_stm32f4xx.o
 .debug_aranges
                0x0000000000000410       0x30 ./Core/Src/tim.o
 .debug_aranges
                0x0000000000000440       0x48 ./Core/Src/uart.o
 .debug_aranges
                0x0000000000000488       0x30 ./Core/Src/usart.o
 .debug_aranges
                0x00000000000004b8       0x28 ./Core/Startup/startup_stm32f407zetx.o
 .debug_aranges
                0x00000000000004e0       0xf0 ./Drivers/STM32F4xx_HAL_Driver/Src/stm32f4xx_hal.o
 .debug_aranges
                0x00000000000005d0      0x118 ./Drivers/STM32F4xx_HAL_Driver/Src/stm32f4xx_hal_cortex.o
 .debug_aranges
                0x00000000000006e8       0x90 ./Drivers/STM32F4xx_HAL_Driver/Src/stm32f4xx_hal_dma.o
 .debug_aranges
                0x0000000000000778       0x58 ./Drivers/STM32F4xx_HAL_Driver/Src/stm32f4xx_hal_gpio.o
 .debug_aranges
                0x00000000000007d0      0x2a0 ./Drivers/STM32F4xx_HAL_Driver/Src/stm32f4xx_hal_i2c.o
 .debug_aranges
                0x0000000000000a70       0x88 ./Drivers/STM32F4xx_HAL_Driver/Src/stm32f4xx_hal_rcc.o
 .debug_aranges
                0x0000000000000af8      0x1d0 ./Drivers/STM32F4xx_HAL_Driver/Src/stm32f4xx_hal_spi.o
 .debug_aranges
                0x0000000000000cc8       0xa0 ./Drivers/STM32F4xx_HAL_Driver/Src/stm32f4xx_hal_sram.o
 .debug_aranges
                0x0000000000000d68      0x3d0 ./Drivers/STM32F4xx_HAL_Driver/Src/stm32f4xx_hal_tim.o
 .debug_aranges
                0x0000000000001138      0x168 ./Drivers/STM32F4xx_HAL_Driver/Src/stm32f4xx_hal_tim_ex.o
 .debug_aranges
                0x00000000000012a0      0x200 ./Drivers/STM32F4xx_HAL_Driver/Src/stm32f4xx_hal_uart.o
 .debug_aranges
                0x00000000000014a0       0xa8 ./Drivers/STM32F4xx_HAL_Driver/Src/stm32f4xx_ll_fsmc.o

.debug_ranges   0x0000000000000000     0x13a8
 .debug_ranges  0x0000000000000000       0x18 ./Core/Src/button.o
 .debug_ranges  0x0000000000000018       0x78 ./Core/Src/fsm_mode.o
 .debug_ranges  0x0000000000000090       0x30 ./Core/Src/fsmc.o
 .debug_ranges  0x00000000000000c0       0x10 ./Core/Src/gpio.o
 .debug_ranges  0x00000000000000d0       0x20 ./Core/Src/i2c.o
 .debug_ranges  0x00000000000000f0       0xd8 ./Core/Src/lcd.o
 .debug_ranges  0x00000000000001c8       0x38 ./Core/Src/led_7seg.o
 .debug_ranges  0x0000000000000200       0x40 ./Core/Src/main.o
 .debug_ranges  0x0000000000000240       0x28 ./Core/Src/software_timer.o
 .debug_ranges  0x0000000000000268       0x20 ./Core/Src/spi.o
 .debug_ranges  0x0000000000000288       0x10 ./Core/Src/stm32f4xx_hal_msp.o
 .debug_ranges  0x0000000000000298       0x60 ./Core/Src/stm32f4xx_it.o
 .debug_ranges  0x00000000000002f8       0x18 ./Core/Src/system_stm32f4xx.o
 .debug_ranges  0x0000000000000310       0x20 ./Core/Src/tim.o
 .debug_ranges  0x0000000000000330       0x38 ./Core/Src/uart.o
 .debug_ranges  0x0000000000000368       0x20 ./Core/Src/usart.o
 .debug_ranges  0x0000000000000388       0x20 ./Core/Startup/startup_stm32f407zetx.o
 .debug_ranges  0x00000000000003a8       0xe0 ./Drivers/STM32F4xx_HAL_Driver/Src/stm32f4xx_hal.o
 .debug_ranges  0x0000000000000488      0x108 ./Drivers/STM32F4xx_HAL_Driver/Src/stm32f4xx_hal_cortex.o
 .debug_ranges  0x0000000000000590       0x80 ./Drivers/STM32F4xx_HAL_Driver/Src/stm32f4xx_hal_dma.o
 .debug_ranges  0x0000000000000610       0x48 ./Drivers/STM32F4xx_HAL_Driver/Src/stm32f4xx_hal_gpio.o
 .debug_ranges  0x0000000000000658      0x2b8 ./Drivers/STM32F4xx_HAL_Driver/Src/stm32f4xx_hal_i2c.o
 .debug_ranges  0x0000000000000910       0x78 ./Drivers/STM32F4xx_HAL_Driver/Src/stm32f4xx_hal_rcc.o
 .debug_ranges  0x0000000000000988      0x1c0 ./Drivers/STM32F4xx_HAL_Driver/Src/stm32f4xx_hal_spi.o
 .debug_ranges  0x0000000000000b48       0x90 ./Drivers/STM32F4xx_HAL_Driver/Src/stm32f4xx_hal_sram.o
 .debug_ranges  0x0000000000000bd8      0x3c0 ./Drivers/STM32F4xx_HAL_Driver/Src/stm32f4xx_hal_tim.o
 .debug_ranges  0x0000000000000f98      0x158 ./Drivers/STM32F4xx_HAL_Driver/Src/stm32f4xx_hal_tim_ex.o
 .debug_ranges  0x00000000000010f0      0x220 ./Drivers/STM32F4xx_HAL_Driver/Src/stm32f4xx_hal_uart.o
 .debug_ranges  0x0000000000001310       0x98 ./Drivers/STM32F4xx_HAL_Driver/Src/stm32f4xx_ll_fsmc.o

.debug_macro    0x0000000000000000    0x2510c
 .debug_macro   0x0000000000000000      0x23a ./Core/Src/button.o
 .debug_macro   0x000000000000023a      0xaa8 ./Core/Src/button.o
 .debug_macro   0x0000000000000ce2      0x2ad ./Core/Src/button.o
 .debug_macro   0x0000000000000f8f       0x2e ./Core/Src/button.o
 .debug_macro   0x0000000000000fbd       0x2f ./Core/Src/button.o
 .debug_macro   0x0000000000000fec       0x22 ./Core/Src/button.o
 .debug_macro   0x000000000000100e       0x8e ./Core/Src/button.o
 .debug_macro   0x000000000000109c       0x51 ./Core/Src/button.o
 .debug_macro   0x00000000000010ed      0x103 ./Core/Src/button.o
 .debug_macro   0x00000000000011f0       0x6a ./Core/Src/button.o
 .debug_macro   0x000000000000125a      0x1df ./Core/Src/button.o
 .debug_macro   0x0000000000001439       0x1c ./Core/Src/button.o
 .debug_macro   0x0000000000001455       0x22 ./Core/Src/button.o
 .debug_macro   0x0000000000001477       0xdf ./Core/Src/button.o
 .debug_macro   0x0000000000001556     0x102d ./Core/Src/button.o
 .debug_macro   0x0000000000002583      0x11f ./Core/Src/button.o
 .debug_macro   0x00000000000026a2    0x15e58 ./Core/Src/button.o
 .debug_macro   0x00000000000184fa       0x6d ./Core/Src/button.o
 .debug_macro   0x0000000000018567     0x3666 ./Core/Src/button.o
 .debug_macro   0x000000000001bbcd      0x174 ./Core/Src/button.o
 .debug_macro   0x000000000001bd41       0x5c ./Core/Src/button.o
 .debug_macro   0x000000000001bd9d      0x96b ./Core/Src/button.o
 .debug_macro   0x000000000001c708      0x9fe ./Core/Src/button.o
 .debug_macro   0x000000000001d106      0x116 ./Core/Src/button.o
 .debug_macro   0x000000000001d21c      0x13e ./Core/Src/button.o
 .debug_macro   0x000000000001d35a       0xa5 ./Core/Src/button.o
 .debug_macro   0x000000000001d3ff      0x174 ./Core/Src/button.o
 .debug_macro   0x000000000001d573      0x287 ./Core/Src/button.o
 .debug_macro   0x000000000001d7fa       0x5f ./Core/Src/button.o
 .debug_macro   0x000000000001d859      0x236 ./Core/Src/button.o
 .debug_macro   0x000000000001da8f      0x12c ./Core/Src/button.o
 .debug_macro   0x000000000001dbbb      0x21e ./Core/Src/button.o
 .debug_macro   0x000000000001ddd9       0x2e ./Core/Src/button.o
 .debug_macro   0x000000000001de07      0x543 ./Core/Src/button.o
 .debug_macro   0x000000000001e34a      0x1b5 ./Core/Src/button.o
 .debug_macro   0x000000000001e4ff       0xd6 ./Core/Src/button.o
 .debug_macro   0x000000000001e5d5      0x11a ./Core/Src/button.o
 .debug_macro   0x000000000001e6ef       0x7e ./Core/Src/button.o
 .debug_macro   0x000000000001e76d       0x89 ./Core/Src/button.o
 .debug_macro   0x000000000001e7f6      0x225 ./Core/Src/button.o
 .debug_macro   0x000000000001ea1b      0x8d1 ./Core/Src/button.o
 .debug_macro   0x000000000001f2ec       0x47 ./Core/Src/button.o
 .debug_macro   0x000000000001f333      0x295 ./Core/Src/button.o
 .debug_macro   0x000000000001f5c8      0x12d ./Core/Src/button.o
 .debug_macro   0x000000000001f6f5       0x88 ./Core/Src/button.o
 .debug_macro   0x000000000001f77d      0x499 ./Core/Src/fsm_mode.o
 .debug_macro   0x000000000001fc16       0x4c ./Core/Src/fsm_mode.o
 .debug_macro   0x000000000001fc62       0x18 ./Core/Src/fsm_mode.o
 .debug_macro   0x000000000001fc7a       0x94 ./Core/Src/fsm_mode.o
 .debug_macro   0x000000000001fd0e       0x3c ./Core/Src/fsm_mode.o
 .debug_macro   0x000000000001fd4a       0x34 ./Core/Src/fsm_mode.o
 .debug_macro   0x000000000001fd7e       0x16 ./Core/Src/fsm_mode.o
 .debug_macro   0x000000000001fd94       0x43 ./Core/Src/fsm_mode.o
 .debug_macro   0x000000000001fdd7       0x57 ./Core/Src/fsm_mode.o
 .debug_macro   0x000000000001fe2e       0x34 ./Core/Src/fsm_mode.o
 .debug_macro   0x000000000001fe62       0x10 ./Core/Src/fsm_mode.o
 .debug_macro   0x000000000001fe72       0x58 ./Core/Src/fsm_mode.o
 .debug_macro   0x000000000001feca       0x71 ./Core/Src/fsm_mode.o
 .debug_macro   0x000000000001ff3b       0x1c ./Core/Src/fsm_mode.o
 .debug_macro   0x000000000001ff57      0x12a ./Core/Src/fsm_mode.o
 .debug_macro   0x0000000000020081      0x339 ./Core/Src/fsm_mode.o
 .debug_macro   0x00000000000203ba      0x1a9 ./Core/Src/fsm_mode.o
 .debug_macro   0x0000000000020563       0xd9 ./Core/Src/fsm_mode.o
 .debug_macro   0x000000000002063c       0x56 ./Core/Src/fsm_mode.o
 .debug_macro   0x0000000000020692       0x16 ./Core/Src/fsm_mode.o
 .debug_macro   0x00000000000206a8       0x35 ./Core/Src/fsm_mode.o
 .debug_macro   0x00000000000206dd       0x16 ./Core/Src/fsm_mode.o
 .debug_macro   0x00000000000206f3       0x29 ./Core/Src/fsm_mode.o
 .debug_macro   0x000000000002071c       0x16 ./Core/Src/fsm_mode.o
 .debug_macro   0x0000000000020732       0x20 ./Core/Src/fsm_mode.o
 .debug_macro   0x0000000000020752       0xca ./Core/Src/fsm_mode.o
 .debug_macro   0x000000000002081c       0x1c ./Core/Src/fsm_mode.o
 .debug_macro   0x0000000000020838       0x10 ./Core/Src/fsm_mode.o
 .debug_macro   0x0000000000020848       0x10 ./Core/Src/fsm_mode.o
 .debug_macro   0x0000000000020858       0x1c ./Core/Src/fsm_mode.o
 .debug_macro   0x0000000000020874       0x52 ./Core/Src/fsm_mode.o
 .debug_macro   0x00000000000208c6       0x22 ./Core/Src/fsm_mode.o
 .debug_macro   0x00000000000208e8       0x10 ./Core/Src/fsm_mode.o
 .debug_macro   0x00000000000208f8       0x40 ./Core/Src/fsm_mode.o
 .debug_macro   0x0000000000020938       0xd5 ./Core/Src/fsm_mode.o
 .debug_macro   0x0000000000020a0d       0x1c ./Core/Src/fsm_mode.o
 .debug_macro   0x0000000000020a29       0x3d ./Core/Src/fsm_mode.o
 .debug_macro   0x0000000000020a66       0x16 ./Core/Src/fsm_mode.o
 .debug_macro   0x0000000000020a7c      0x145 ./Core/Src/fsm_mode.o
 .debug_macro   0x0000000000020bc1       0x34 ./Core/Src/fsm_mode.o
 .debug_macro   0x0000000000020bf5      0x226 ./Core/Src/fsmc.o
 .debug_macro   0x0000000000020e1b      0x499 ./Core/Src/global.o
 .debug_macro   0x00000000000212b4      0x226 ./Core/Src/gpio.o
 .debug_macro   0x00000000000214da      0x226 ./Core/Src/i2c.o
 .debug_macro   0x0000000000021700      0x33b ./Core/Src/lcd.o
 .debug_macro   0x0000000000021a3b       0x52 ./Core/Src/lcd.o
 .debug_macro   0x0000000000021a8d      0x333 ./Core/Src/lcd.o
 .debug_macro   0x0000000000021dc0      0x230 ./Core/Src/led_7seg.o
 .debug_macro   0x0000000000021ff0      0x4d7 ./Core/Src/main.o
 .debug_macro   0x00000000000224c7       0x1b ./Core/Src/picture.o
 .debug_macro   0x00000000000224e2      0x236 ./Core/Src/software_timer.o
 .debug_macro   0x0000000000022718      0x226 ./Core/Src/spi.o
 .debug_macro   0x000000000002293e      0x21c ./Core/Src/stm32f4xx_hal_msp.o
 .debug_macro   0x0000000000022b5a      0x226 ./Core/Src/stm32f4xx_it.o
 .debug_macro   0x0000000000022d80      0x20d ./Core/Src/system_stm32f4xx.o
 .debug_macro   0x0000000000022f8d      0x226 ./Core/Src/tim.o
 .debug_macro   0x00000000000231b3      0x399 ./Core/Src/uart.o
 .debug_macro   0x000000000002354c       0x16 ./Core/Src/uart.o
 .debug_macro   0x0000000000023562      0x226 ./Core/Src/usart.o
 .debug_macro   0x0000000000023788      0x26d ./Drivers/STM32F4xx_HAL_Driver/Src/stm32f4xx_hal.o
 .debug_macro   0x00000000000239f5      0x20d ./Drivers/STM32F4xx_HAL_Driver/Src/stm32f4xx_hal_cortex.o
 .debug_macro   0x0000000000023c02      0x213 ./Drivers/STM32F4xx_HAL_Driver/Src/stm32f4xx_hal_dma.o
 .debug_macro   0x0000000000023e15      0x213 ./Drivers/STM32F4xx_HAL_Driver/Src/stm32f4xx_hal_gpio.o
 .debug_macro   0x0000000000024028      0x254 ./Drivers/STM32F4xx_HAL_Driver/Src/stm32f4xx_hal_i2c.o
 .debug_macro   0x000000000002427c      0x231 ./Drivers/STM32F4xx_HAL_Driver/Src/stm32f4xx_hal_rcc.o
 .debug_macro   0x00000000000244ad      0x21c ./Drivers/STM32F4xx_HAL_Driver/Src/stm32f4xx_hal_spi.o
 .debug_macro   0x00000000000246c9      0x20d ./Drivers/STM32F4xx_HAL_Driver/Src/stm32f4xx_hal_sram.o
 .debug_macro   0x00000000000248d6      0x20e ./Drivers/STM32F4xx_HAL_Driver/Src/stm32f4xx_hal_tim.o
 .debug_macro   0x0000000000024ae4      0x20d ./Drivers/STM32F4xx_HAL_Driver/Src/stm32f4xx_hal_tim_ex.o
 .debug_macro   0x0000000000024cf1      0x20e ./Drivers/STM32F4xx_HAL_Driver/Src/stm32f4xx_hal_uart.o
 .debug_macro   0x0000000000024eff      0x20d ./Drivers/STM32F4xx_HAL_Driver/Src/stm32f4xx_ll_fsmc.o

.debug_line     0x0000000000000000    0x1c659
 .debug_line    0x0000000000000000      0x7c9 ./Core/Src/button.o
 .debug_line    0x00000000000007c9      0xe6f ./Core/Src/fsm_mode.o
 .debug_line    0x0000000000001638      0x83e ./Core/Src/fsmc.o
 .debug_line    0x0000000000001e76      0xa14 ./Core/Src/global.o
 .debug_line    0x000000000000288a      0x79c ./Core/Src/gpio.o
 .debug_line    0x0000000000003026      0x7a7 ./Core/Src/i2c.o
 .debug_line    0x00000000000037cd     0x105b ./Core/Src/lcd.o
 .debug_line    0x0000000000004828      0x836 ./Core/Src/led_7seg.o
 .debug_line    0x000000000000505e      0xb62 ./Core/Src/main.o
 .debug_line    0x0000000000005bc0       0x4f ./Core/Src/picture.o
 .debug_line    0x0000000000005c0f      0x7d6 ./Core/Src/software_timer.o
 .debug_line    0x00000000000063e5      0x7af ./Core/Src/spi.o
 .debug_line    0x0000000000006b94      0x73e ./Core/Src/stm32f4xx_hal_msp.o
 .debug_line    0x00000000000072d2      0x830 ./Core/Src/stm32f4xx_it.o
 .debug_line    0x0000000000007b02      0x7bf ./Core/Src/system_stm32f4xx.o
 .debug_line    0x00000000000082c1      0x7ab ./Core/Src/tim.o
 .debug_line    0x0000000000008a6c      0x9f6 ./Core/Src/uart.o
 .debug_line    0x0000000000009462      0x7aa ./Core/Src/usart.o
 .debug_line    0x0000000000009c0c       0x88 ./Core/Startup/startup_stm32f407zetx.o
 .debug_line    0x0000000000009c94      0xa25 ./Drivers/STM32F4xx_HAL_Driver/Src/stm32f4xx_hal.o
 .debug_line    0x000000000000a6b9      0xcd4 ./Drivers/STM32F4xx_HAL_Driver/Src/stm32f4xx_hal_cortex.o
 .debug_line    0x000000000000b38d      0xf8a ./Drivers/STM32F4xx_HAL_Driver/Src/stm32f4xx_hal_dma.o
 .debug_line    0x000000000000c317      0xb9b ./Drivers/STM32F4xx_HAL_Driver/Src/stm32f4xx_hal_gpio.o
 .debug_line    0x000000000000ceb2     0x39d1 ./Drivers/STM32F4xx_HAL_Driver/Src/stm32f4xx_hal_i2c.o
 .debug_line    0x0000000000010883      0xda1 ./Drivers/STM32F4xx_HAL_Driver/Src/stm32f4xx_hal_rcc.o
 .debug_line    0x0000000000011624     0x1cad ./Drivers/STM32F4xx_HAL_Driver/Src/stm32f4xx_hal_spi.o
 .debug_line    0x00000000000132d1      0xbc7 ./Drivers/STM32F4xx_HAL_Driver/Src/stm32f4xx_hal_sram.o
 .debug_line    0x0000000000013e98     0x3719 ./Drivers/STM32F4xx_HAL_Driver/Src/stm32f4xx_hal_tim.o
 .debug_line    0x00000000000175b1     0x1a22 ./Drivers/STM32F4xx_HAL_Driver/Src/stm32f4xx_hal_tim_ex.o
 .debug_line    0x0000000000018fd3     0x2aac ./Drivers/STM32F4xx_HAL_Driver/Src/stm32f4xx_hal_uart.o
 .debug_line    0x000000000001ba7f      0xbda ./Drivers/STM32F4xx_HAL_Driver/Src/stm32f4xx_ll_fsmc.o

.debug_str      0x0000000000000000    0xd3984
 .debug_str     0x0000000000000000    0xc95d7 ./Core/Src/button.o
                                      0xc98ec (size before relaxing)
 .debug_str     0x00000000000c95d7     0x5702 ./Core/Src/fsm_mode.o
                                      0xcf138 (size before relaxing)
 .debug_str     0x00000000000cecd9      0x252 ./Core/Src/fsmc.o
                                      0xc9ae9 (size before relaxing)
 .debug_str     0x00000000000cef2b       0x15 ./Core/Src/global.o
                                      0xcf013 (size before relaxing)
 .debug_str     0x00000000000cef40       0x3c ./Core/Src/gpio.o
                                      0xc95c7 (size before relaxing)
 .debug_str     0x00000000000cef7c       0x4b ./Core/Src/i2c.o
                                      0xc9ac7 (size before relaxing)
 .debug_str     0x00000000000cefc7      0x28a ./Core/Src/lcd.o
                                      0xccc37 (size before relaxing)
 .debug_str     0x00000000000cf251       0x88 ./Core/Src/led_7seg.o
                                      0xc9928 (size before relaxing)
 .debug_str     0x00000000000cf2d9      0x19c ./Core/Src/main.o
                                      0xcf2fc (size before relaxing)
 .debug_str     0x00000000000cf475       0x16 ./Core/Src/picture.o
                                       0x2deb (size before relaxing)
 .debug_str     0x00000000000cf48b       0xaa ./Core/Src/software_timer.o
                                      0xc9a24 (size before relaxing)
 .debug_str     0x00000000000cf535       0x4b ./Core/Src/spi.o
                                      0xc9a24 (size before relaxing)
 .debug_str     0x00000000000cf580       0x2c ./Core/Src/stm32f4xx_hal_msp.o
                                      0xc952a (size before relaxing)
 .debug_str     0x00000000000cf5ac       0xdf ./Core/Src/stm32f4xx_it.o
                                      0xc9bf1 (size before relaxing)
 .debug_str     0x00000000000cf68b       0xaf ./Core/Src/system_stm32f4xx.o
                                      0xc937a (size before relaxing)
 .debug_str     0x00000000000cf73a      0x5c8 ./Core/Src/tim.o
                                      0xca047 (size before relaxing)
 .debug_str     0x00000000000cfd02       0xb4 ./Core/Src/uart.o
                                      0xcd9e1 (size before relaxing)
 .debug_str     0x00000000000cfdb6       0x57 ./Core/Src/usart.o
                                      0xc9f1a (size before relaxing)
 .debug_str     0x00000000000cfe0d       0x36 ./Core/Startup/startup_stm32f407zetx.o
                                         0x5e (size before relaxing)
 .debug_str     0x00000000000cfe43      0x583 ./Drivers/STM32F4xx_HAL_Driver/Src/stm32f4xx_hal.o
                                      0xc9e5c (size before relaxing)
 .debug_str     0x00000000000d03c6      0x399 ./Drivers/STM32F4xx_HAL_Driver/Src/stm32f4xx_hal_cortex.o
                                      0xc9c4b (size before relaxing)
 .debug_str     0x00000000000d075f      0x315 ./Drivers/STM32F4xx_HAL_Driver/Src/stm32f4xx_hal_dma.o
                                      0xc97a4 (size before relaxing)
 .debug_str     0x00000000000d0a74      0x15a ./Drivers/STM32F4xx_HAL_Driver/Src/stm32f4xx_hal_gpio.o
                                      0xc9521 (size before relaxing)
 .debug_str     0x00000000000d0bce      0xac3 ./Drivers/STM32F4xx_HAL_Driver/Src/stm32f4xx_hal_i2c.o
                                      0xca2fc (size before relaxing)
 .debug_str     0x00000000000d1691      0x24e ./Drivers/STM32F4xx_HAL_Driver/Src/stm32f4xx_hal_rcc.o
                                      0xc977c (size before relaxing)
 .debug_str     0x00000000000d18df      0x564 ./Drivers/STM32F4xx_HAL_Driver/Src/stm32f4xx_hal_spi.o
                                      0xc9c1e (size before relaxing)
 .debug_str     0x00000000000d1e43      0x1b4 ./Drivers/STM32F4xx_HAL_Driver/Src/stm32f4xx_hal_sram.o
                                      0xc9894 (size before relaxing)
 .debug_str     0x00000000000d1ff7      0xdbd ./Drivers/STM32F4xx_HAL_Driver/Src/stm32f4xx_hal_tim.o
                                      0xca6a9 (size before relaxing)
 .debug_str     0x00000000000d2db4      0x4ee ./Drivers/STM32F4xx_HAL_Driver/Src/stm32f4xx_hal_tim_ex.o
                                      0xc9e5a (size before relaxing)
 .debug_str     0x00000000000d32a2      0x5dd ./Drivers/STM32F4xx_HAL_Driver/Src/stm32f4xx_hal_uart.o
                                      0xc9d02 (size before relaxing)
 .debug_str     0x00000000000d387f      0x105 ./Drivers/STM32F4xx_HAL_Driver/Src/stm32f4xx_ll_fsmc.o
                                      0xc975b (size before relaxing)

.comment        0x0000000000000000       0x53
 .comment       0x0000000000000000       0x53 ./Core/Src/button.o
                                         0x54 (size before relaxing)
 .comment       0x0000000000000053       0x54 ./Core/Src/fsm_mode.o
 .comment       0x0000000000000053       0x54 ./Core/Src/fsmc.o
 .comment       0x0000000000000053       0x54 ./Core/Src/global.o
 .comment       0x0000000000000053       0x54 ./Core/Src/gpio.o
 .comment       0x0000000000000053       0x54 ./Core/Src/i2c.o
 .comment       0x0000000000000053       0x54 ./Core/Src/lcd.o
 .comment       0x0000000000000053       0x54 ./Core/Src/led_7seg.o
 .comment       0x0000000000000053       0x54 ./Core/Src/main.o
 .comment       0x0000000000000053       0x54 ./Core/Src/picture.o
 .comment       0x0000000000000053       0x54 ./Core/Src/software_timer.o
 .comment       0x0000000000000053       0x54 ./Core/Src/spi.o
 .comment       0x0000000000000053       0x54 ./Core/Src/stm32f4xx_hal_msp.o
 .comment       0x0000000000000053       0x54 ./Core/Src/stm32f4xx_it.o
 .comment       0x0000000000000053       0x54 ./Core/Src/system_stm32f4xx.o
 .comment       0x0000000000000053       0x54 ./Core/Src/tim.o
 .comment       0x0000000000000053       0x54 ./Core/Src/uart.o
 .comment       0x0000000000000053       0x54 ./Core/Src/usart.o
 .comment       0x0000000000000053       0x54 ./Drivers/STM32F4xx_HAL_Driver/Src/stm32f4xx_hal.o
 .comment       0x0000000000000053       0x54 ./Drivers/STM32F4xx_HAL_Driver/Src/stm32f4xx_hal_cortex.o
 .comment       0x0000000000000053       0x54 ./Drivers/STM32F4xx_HAL_Driver/Src/stm32f4xx_hal_dma.o
 .comment       0x0000000000000053       0x54 ./Drivers/STM32F4xx_HAL_Driver/Src/stm32f4xx_hal_gpio.o
 .comment       0x0000000000000053       0x54 ./Drivers/STM32F4xx_HAL_Driver/Src/stm32f4xx_hal_i2c.o
 .comment       0x0000000000000053       0x54 ./Drivers/STM32F4xx_HAL_Driver/Src/stm32f4xx_hal_rcc.o
 .comment       0x0000000000000053       0x54 ./Drivers/STM32F4xx_HAL_Driver/Src/stm32f4xx_hal_spi.o
 .comment       0x0000000000000053       0x54 ./Drivers/STM32F4xx_HAL_Driver/Src/stm32f4xx_hal_sram.o
 .comment       0x0000000000000053       0x54 ./Drivers/STM32F4xx_HAL_Driver/Src/stm32f4xx_hal_tim.o
 .comment       0x0000000000000053       0x54 ./Drivers/STM32F4xx_HAL_Driver/Src/stm32f4xx_hal_tim_ex.o
 .comment       0x0000000000000053       0x54 ./Drivers/STM32F4xx_HAL_Driver/Src/stm32f4xx_hal_uart.o
 .comment       0x0000000000000053       0x54 ./Drivers/STM32F4xx_HAL_Driver/Src/stm32f4xx_ll_fsmc.o

.debug_frame    0x0000000000000000     0x58a4
 .debug_frame   0x0000000000000000       0x50 ./Core/Src/button.o
 .debug_frame   0x0000000000000050      0x204 ./Core/Src/fsm_mode.o
 .debug_frame   0x0000000000000254       0xbc ./Core/Src/fsmc.o
 .debug_frame   0x0000000000000310       0x34 ./Core/Src/gpio.o
 .debug_frame   0x0000000000000344       0x74 ./Core/Src/i2c.o
 .debug_frame   0x00000000000003b8      0x3e0 ./Core/Src/lcd.o
 .debug_frame   0x0000000000000798       0xe8 ./Core/Src/led_7seg.o
 .debug_frame   0x0000000000000880       0xe0 ./Core/Src/main.o
 .debug_frame   0x0000000000000960       0xa0 ./Core/Src/software_timer.o
 .debug_frame   0x0000000000000a00       0x74 ./Core/Src/spi.o
 .debug_frame   0x0000000000000a74       0x38 ./Core/Src/stm32f4xx_hal_msp.o
 .debug_frame   0x0000000000000aac      0x13c ./Core/Src/stm32f4xx_it.o
 .debug_frame   0x0000000000000be8       0x58 ./Core/Src/system_stm32f4xx.o
 .debug_frame   0x0000000000000c40       0x7c ./Core/Src/tim.o
 .debug_frame   0x0000000000000cbc       0xe0 ./Core/Src/uart.o
 .debug_frame   0x0000000000000d9c       0x74 ./Core/Src/usart.o
 .debug_frame   0x0000000000000e10      0x374 ./Drivers/STM32F4xx_HAL_Driver/Src/stm32f4xx_hal.o
 .debug_frame   0x0000000000001184      0x498 ./Drivers/STM32F4xx_HAL_Driver/Src/stm32f4xx_hal_cortex.o
 .debug_frame   0x000000000000161c      0x250 ./Drivers/STM32F4xx_HAL_Driver/Src/stm32f4xx_hal_dma.o
 .debug_frame   0x000000000000186c      0x14c ./Drivers/STM32F4xx_HAL_Driver/Src/stm32f4xx_hal_gpio.o
 .debug_frame   0x00000000000019b8      0xc5c ./Drivers/STM32F4xx_HAL_Driver/Src/stm32f4xx_hal_i2c.o
 .debug_frame   0x0000000000002614      0x1f0 ./Drivers/STM32F4xx_HAL_Driver/Src/stm32f4xx_hal_rcc.o
 .debug_frame   0x0000000000002804      0x824 ./Drivers/STM32F4xx_HAL_Driver/Src/stm32f4xx_hal_spi.o
 .debug_frame   0x0000000000003028      0x2a0 ./Drivers/STM32F4xx_HAL_Driver/Src/stm32f4xx_hal_sram.o
 .debug_frame   0x00000000000032c8     0x11c4 ./Drivers/STM32F4xx_HAL_Driver/Src/stm32f4xx_hal_tim.o
 .debug_frame   0x000000000000448c      0x638 ./Drivers/STM32F4xx_HAL_Driver/Src/stm32f4xx_hal_tim_ex.o
 .debug_frame   0x0000000000004ac4      0x92c ./Drivers/STM32F4xx_HAL_Driver/Src/stm32f4xx_hal_uart.o
 .debug_frame   0x00000000000053f0      0x2dc ./Drivers/STM32F4xx_HAL_Driver/Src/stm32f4xx_ll_fsmc.o
 .debug_frame   0x00000000000056cc       0x2c c:/st/stm32cubeide_1.7.0/stm32cubeide/plugins/com.st.stm32cube.ide.mcu.externaltools.gnu-tools-for-stm32.9-2020-q2-update.win32_2.0.0.202105311346/tools/bin/../lib/gcc/arm-none-eabi/9.3.1/../../../../arm-none-eabi/lib/thumb/v7e-m+fp/hard\libc_nano.a(lib_a-init.o)
 .debug_frame   0x00000000000056f8       0x20 c:/st/stm32cubeide_1.7.0/stm32cubeide/plugins/com.st.stm32cube.ide.mcu.externaltools.gnu-tools-for-stm32.9-2020-q2-update.win32_2.0.0.202105311346/tools/bin/../lib/gcc/arm-none-eabi/9.3.1/../../../../arm-none-eabi/lib/thumb/v7e-m+fp/hard\libc_nano.a(lib_a-memset.o)
 .debug_frame   0x0000000000005718       0x2c c:/st/stm32cubeide_1.7.0/stm32cubeide/plugins/com.st.stm32cube.ide.mcu.externaltools.gnu-tools-for-stm32.9-2020-q2-update.win32_2.0.0.202105311346/tools/bin/../lib/gcc/arm-none-eabi/9.3.1/../../../../arm-none-eabi/lib/thumb/v7e-m+fp/hard\libm.a(lib_a-s_round.o)
 .debug_frame   0x0000000000005744       0x30 c:/st/stm32cubeide_1.7.0/stm32cubeide/plugins/com.st.stm32cube.ide.mcu.externaltools.gnu-tools-for-stm32.9-2020-q2-update.win32_2.0.0.202105311346/tools/bin/../lib/gcc/arm-none-eabi/9.3.1/thumb/v7e-m+fp/hard\libgcc.a(_arm_muldf3.o)
 .debug_frame   0x0000000000005774       0xac c:/st/stm32cubeide_1.7.0/stm32cubeide/plugins/com.st.stm32cube.ide.mcu.externaltools.gnu-tools-for-stm32.9-2020-q2-update.win32_2.0.0.202105311346/tools/bin/../lib/gcc/arm-none-eabi/9.3.1/thumb/v7e-m+fp/hard\libgcc.a(_arm_addsubdf3.o)
 .debug_frame   0x0000000000005820       0x24 c:/st/stm32cubeide_1.7.0/stm32cubeide/plugins/com.st.stm32cube.ide.mcu.externaltools.gnu-tools-for-stm32.9-2020-q2-update.win32_2.0.0.202105311346/tools/bin/../lib/gcc/arm-none-eabi/9.3.1/thumb/v7e-m+fp/hard\libgcc.a(_arm_fixdfsi.o)
 .debug_frame   0x0000000000005844       0x2c c:/st/stm32cubeide_1.7.0/stm32cubeide/plugins/com.st.stm32cube.ide.mcu.externaltools.gnu-tools-for-stm32.9-2020-q2-update.win32_2.0.0.202105311346/tools/bin/../lib/gcc/arm-none-eabi/9.3.1/thumb/v7e-m+fp/hard\libgcc.a(_aeabi_uldivmod.o)
 .debug_frame   0x0000000000005870       0x34 c:/st/stm32cubeide_1.7.0/stm32cubeide/plugins/com.st.stm32cube.ide.mcu.externaltools.gnu-tools-for-stm32.9-2020-q2-update.win32_2.0.0.202105311346/tools/bin/../lib/gcc/arm-none-eabi/9.3.1/thumb/v7e-m+fp/hard\libgcc.a(_udivmoddi4.o)