Archive member included to satisfy reference by file (symbol)

c:/st/stm32cubeide_1.7.0/stm32cubeide/plugins/com.st.stm32cube.ide.mcu.externaltools.gnu-tools-for-stm32.9-2020-q2-update.win32_2.0.0.202105311346/tools/bin/../lib/gcc/arm-none-eabi/9.3.1/../../../../arm-none-eabi/lib/thumb/v7e-m+fp/hard\libc_nano.a(lib_a-errno.o)
                              ./Core/Src/syscalls.o (__errno)
c:/st/stm32cubeide_1.7.0/stm32cubeide/plugins/com.st.stm32cube.ide.mcu.externaltools.gnu-tools-for-stm32.9-2020-q2-update.win32_2.0.0.202105311346/tools/bin/../lib/gcc/arm-none-eabi/9.3.1/../../../../arm-none-eabi/lib/thumb/v7e-m+fp/hard\libc_nano.a(lib_a-exit.o)
                              c:/st/stm32cubeide_1.7.0/stm32cubeide/plugins/com.st.stm32cube.ide.mcu.externaltools.gnu-tools-for-stm32.9-2020-q2-update.win32_2.0.0.202105311346/tools/bin/../lib/gcc/arm-none-eabi/9.3.1/../../../../arm-none-eabi/lib/thumb/v7e-m+fp/hard/crt0.o (exit)
c:/st/stm32cubeide_1.7.0/stm32cubeide/plugins/com.st.stm32cube.ide.mcu.externaltools.gnu-tools-for-stm32.9-2020-q2-update.win32_2.0.0.202105311346/tools/bin/../lib/gcc/arm-none-eabi/9.3.1/../../../../arm-none-eabi/lib/thumb/v7e-m+fp/hard\libc_nano.a(lib_a-impure.o)
                              c:/st/stm32cubeide_1.7.0/stm32cubeide/plugins/com.st.stm32cube.ide.mcu.externaltools.gnu-tools-for-stm32.9-2020-q2-update.win32_2.0.0.202105311346/tools/bin/../lib/gcc/arm-none-eabi/9.3.1/../../../../arm-none-eabi/lib/thumb/v7e-m+fp/hard\libc_nano.a(lib_a-exit.o) (_global_impure_ptr)
c:/st/stm32cubeide_1.7.0/stm32cubeide/plugins/com.st.stm32cube.ide.mcu.externaltools.gnu-tools-for-stm32.9-2020-q2-update.win32_2.0.0.202105311346/tools/bin/../lib/gcc/arm-none-eabi/9.3.1/../../../../arm-none-eabi/lib/thumb/v7e-m+fp/hard\libc_nano.a(lib_a-init.o)
                              c:/st/stm32cubeide_1.7.0/stm32cubeide/plugins/com.st.stm32cube.ide.mcu.externaltools.gnu-tools-for-stm32.9-2020-q2-update.win32_2.0.0.202105311346/tools/bin/../lib/gcc/arm-none-eabi/9.3.1/../../../../arm-none-eabi/lib/thumb/v7e-m+fp/hard/crt0.o (__libc_init_array)
c:/st/stm32cubeide_1.7.0/stm32cubeide/plugins/com.st.stm32cube.ide.mcu.externaltools.gnu-tools-for-stm32.9-2020-q2-update.win32_2.0.0.202105311346/tools/bin/../lib/gcc/arm-none-eabi/9.3.1/../../../../arm-none-eabi/lib/thumb/v7e-m+fp/hard\libc_nano.a(lib_a-memset.o)
                              c:/st/stm32cubeide_1.7.0/stm32cubeide/plugins/com.st.stm32cube.ide.mcu.externaltools.gnu-tools-for-stm32.9-2020-q2-update.win32_2.0.0.202105311346/tools/bin/../lib/gcc/arm-none-eabi/9.3.1/../../../../arm-none-eabi/lib/thumb/v7e-m+fp/hard/crt0.o (memset)
c:/st/stm32cubeide_1.7.0/stm32cubeide/plugins/com.st.stm32cube.ide.mcu.externaltools.gnu-tools-for-stm32.9-2020-q2-update.win32_2.0.0.202105311346/tools/bin/../lib/gcc/arm-none-eabi/9.3.1/../../../../arm-none-eabi/lib/thumb/v7e-m+fp/hard\libc_nano.a(lib_a-sprintf.o)
                              ./Core/Src/uart.o (sprintf)
c:/st/stm32cubeide_1.7.0/stm32cubeide/plugins/com.st.stm32cube.ide.mcu.externaltools.gnu-tools-for-stm32.9-2020-q2-update.win32_2.0.0.202105311346/tools/bin/../lib/gcc/arm-none-eabi/9.3.1/../../../../arm-none-eabi/lib/thumb/v7e-m+fp/hard\libc_nano.a(lib_a-strlen.o)
                              ./Core/Src/lcd.o (strlen)
c:/st/stm32cubeide_1.7.0/stm32cubeide/plugins/com.st.stm32cube.ide.mcu.externaltools.gnu-tools-for-stm32.9-2020-q2-update.win32_2.0.0.202105311346/tools/bin/../lib/gcc/arm-none-eabi/9.3.1/../../../../arm-none-eabi/lib/thumb/v7e-m+fp/hard\libc_nano.a(lib_a-nano-svfprintf.o)
                              c:/st/stm32cubeide_1.7.0/stm32cubeide/plugins/com.st.stm32cube.ide.mcu.externaltools.gnu-tools-for-stm32.9-2020-q2-update.win32_2.0.0.202105311346/tools/bin/../lib/gcc/arm-none-eabi/9.3.1/../../../../arm-none-eabi/lib/thumb/v7e-m+fp/hard\libc_nano.a(lib_a-sprintf.o) (_svfprintf_r)
c:/st/stm32cubeide_1.7.0/stm32cubeide/plugins/com.st.stm32cube.ide.mcu.externaltools.gnu-tools-for-stm32.9-2020-q2-update.win32_2.0.0.202105311346/tools/bin/../lib/gcc/arm-none-eabi/9.3.1/../../../../arm-none-eabi/lib/thumb/v7e-m+fp/hard\libc_nano.a(lib_a-nano-vfprintf_i.o)
                              c:/st/stm32cubeide_1.7.0/stm32cubeide/plugins/com.st.stm32cube.ide.mcu.externaltools.gnu-tools-for-stm32.9-2020-q2-update.win32_2.0.0.202105311346/tools/bin/../lib/gcc/arm-none-eabi/9.3.1/../../../../arm-none-eabi/lib/thumb/v7e-m+fp/hard\libc_nano.a(lib_a-nano-svfprintf.o) (_printf_i)
c:/st/stm32cubeide_1.7.0/stm32cubeide/plugins/com.st.stm32cube.ide.mcu.externaltools.gnu-tools-for-stm32.9-2020-q2-update.win32_2.0.0.202105311346/tools/bin/../lib/gcc/arm-none-eabi/9.3.1/../../../../arm-none-eabi/lib/thumb/v7e-m+fp/hard\libc_nano.a(lib_a-memchr.o)
[...]
Memory Configuration

Name             Origin             Length             Attributes
CCMRAM           0x0000000010000000 0x0000000000010000 xrw
RAM              0x0000000020000000 0x0000000000020000 xrw
FLASH            0x0000000008000000 0x0000000000100000 xr
*default*        0x0000000000000000 0xffffffffffffffff

Linker script and memory map

LOAD c:/st/stm32cubeide_1.7.0/stm32cubeide/plugins/com.st.stm32cube.ide.mcu.externaltools.gnu-tools-for-stm32.9-2020-q2-update.win32_2.0.0.202105311346/tools/bin/../lib/gcc/arm-none-eabi/9.3.1/thumb/v7e-m+fp/hard/crti.o
LOAD c:/st/stm32cubeide_1.7.0/stm32cubeide/plugins/com.st.stm32cube.ide.mcu.externaltools.gnu-tools-for-stm32.9-2020-q2-update.win32_2.0.0.202105311346/tools/bin/../lib/gcc/arm-none-eabi/9.3.1/thumb/v7e-m+fp/hard/crtbegin.o
LOAD c:/st/stm32cubeide_1.7.0/stm32cubeide/plugins/com.st.stm32cube.ide.mcu.externaltools.gnu-tools-for-stm32.9-2020-q2-update.win32_2.0.0.202105311346/tools/bin/../lib/gcc/arm-none-eabi/9.3.1/../../../../arm-none-eabi/lib/thumb/v7e-m+fp/hard/crt0.o
LOAD ./Core/Src/button.o
LOAD ./Core/Src/ds3231.o
LOAD ./Core/Src/fsm_mode.o
LOAD ./Core/Src/fsmc.o
LOAD ./Core/Src/global.o
LOAD ./Core/Src/gpio.o
LOAD ./Core/Src/i2c.o
LOAD ./Core/Src/lcd.o
LOAD ./Core/Src/led_7seg.o
LOAD ./Core/Src/main.o
LOAD ./Core/Src/picture.o
LOAD ./Core/Src/software_timer.o
LOAD ./Core/Src/spi.o
LOAD ./Core/Src/stm32f4xx_hal_msp.o
LOAD ./Core/Src/stm32f4xx_it.o
LOAD ./Core/Src/syscalls.o
LOAD ./Core/Src/sysmem.o
LOAD ./Core/Src/system_stm32f4xx.o
LOAD ./Core/Src/tim.o
LOAD ./Core/Src/uart.o
LOAD ./Core/Src/usart.o
LOAD ./Core/Src/utils.o
LOAD ./Core/Startup/startup_stm32f407zetx.o
LOAD ./Drivers/STM32F4xx_HAL_Driver/Src/stm32f4xx_hal.o
LOAD ./Drivers/STM32F4xx_HAL_Driver/Src/stm32f4xx_hal_cortex.o
LOAD ./Drivers/STM32F4xx_HAL_Driver/Src/stm32f4xx_hal_dma.o
LOAD ./Drivers/STM32F4xx_HAL_Driver/Src/stm32f4xx_hal_dma_ex.o
LOAD ./Drivers/STM32F4xx_HAL_Driver/Src/stm32f4xx_hal_exti.o
LOAD ./Drivers/STM32F4xx_HAL_Driver/Src/stm32f4xx_hal_flash.o
LOAD ./Drivers/STM32F4xx_HAL_Driver/Src/stm32f4xx_hal_flash_ex.o
LOAD ./Drivers/STM32F4xx_HAL_Driver/Src/stm32f4xx_hal_flash_ramfunc.o
LOAD ./Drivers/STM32F4xx_HAL_Driver/Src/stm32f4xx_hal_gpio.o
LOAD ./Drivers/STM32F4xx_HAL_Driver/Src/stm32f4xx_hal_i2c.o
LOAD ./Drivers/STM32F4xx_HAL_Driver/Src/stm32f4xx_hal_i2c_ex.o
LOAD ./Drivers/STM32F4xx_HAL_Driver/Src/stm32f4xx_hal_pwr.o
LOAD ./Drivers/STM32F4xx_HAL_Driver/Src/stm32f4xx_hal_pwr_ex.o
LOAD ./Drivers/STM32F4xx_HAL_Driver/Src/stm32f4xx_hal_rcc.o
LOAD ./Drivers/STM32F4xx_HAL_Driver/Src/stm32f4xx_hal_rcc_ex.o
LOAD ./Drivers/STM32F4xx_HAL_Driver/Src/stm32f4xx_hal_spi.o
LOAD ./Drivers/STM32F4xx_HAL_Driver/Src/stm32f4xx_hal_sram.o
LOAD ./Drivers/STM32F4xx_HAL_Driver/Src/stm32f4xx_hal_tim.o
LOAD ./Drivers/STM32F4xx_HAL_Driver/Src/stm32f4xx_hal_tim_ex.o
LOAD ./Drivers/STM32F4xx_HAL_Driver/Src/stm32f4xx_hal_uart.o
LOAD ./Drivers/STM32F4xx_HAL_Driver/Src/stm32f4xx_ll_fsmc.o
START GROUP
LOAD c:/st/stm32cubeide_1.7.0/stm32cubeide/plugins/com.st.stm32cube.ide.mcu.externaltools.gnu-tools-for-stm32.9-2020-q2-update.win32_2.0.0.202105311346/tools/bin/../lib/gcc/arm-none-eabi/9.3.1/../../../../arm-none-eabi/lib/thumb/v7e-m+fp/hard\libc_nano.a
LOAD c:/st/stm32cubeide_1.7.0/stm32cubeide/plugins/com.st.stm32cube.ide.mcu.externaltools.gnu-tools-for-stm32.9-2020-q2-update.win32_2.0.0.202105311346/tools/bin/../lib/gcc/arm-none-eabi/9.3.1/../../../../arm-none-eabi/lib/thumb/v7e-m+fp/hard\libm.a
END GROUP
START GROUP
LOAD c:/st/stm32cubeide_1.7.0/stm32cubeide/plugins/com.st.stm32cube.ide.mcu.externaltools.gnu-tools-for-stm32.9-2020-q2-update.win32_2.0.0.202105311346/tools/bin/../lib/gcc/arm-none-eabi/9.3.1/thumb/v7e-m+fp/hard\libgcc.a
LOAD c:/st/stm32cubeide_1.7.0/stm32cubeide/plugins/com.st.stm32cube.ide.mcu.externaltools.gnu-tools-for-stm32.9-2020-q2-update.win32_2.0.0.202105311346/tools/bin/../lib/gcc/arm-none-eabi/9.3.1/../../../../arm-none-eabi/lib/thumb/v7e-m+fp/hard\libc_nano.a
END GROUP
START GROUP
LOAD c:/st/stm32cubeide_1.7.0/stm32cubeide/plugins/com.st.stm32cube.ide.mcu.externaltools.gnu-tools-for-stm32.9-2020-q2-update.win32_2.0.0.202105311346/tools/bin/../lib/gcc/arm-none-eabi/9.3.1/thumb/v7e-m+fp/hard\libgcc.a
LOAD c:/st/stm32cubeide_1.7.0/stm32cubeide/plugins/com.st.stm32cube.ide.mcu.externaltools.gnu-tools-for-stm32.9-2020-q2-update.win32_2.0.0.202105311346/tools/bin/../lib/gcc/arm-none-eabi/9.3.1/../../../../arm-none-eabi/lib/thumb/v7e-m+fp/hard\libc_nano.a
LOAD c:/st/stm32cubeide_1.7.0/stm32cubeide/plugins/com.st.stm32cube.ide.mcu.externaltools.gnu-tools-for-stm32.9-2020-q2-update.win32_2.0.0.202105311346/tools/bin/../lib/gcc/arm-none-eabi/9.3.1/../../../../arm-none-eabi/lib/thumb/v7e-m+fp/hard\libnosys.a
END GROUP
START GROUP
LOAD c:/st/stm32cubeide_1.7.0/stm32cubeide/plugins/com.st.stm32cube.ide.mcu.externaltools.gnu-tools-for-stm32.9-2020-q2-update.win32_2.0.0.202105311346/tools/bin/../lib/gcc/arm-none-eabi/9.3.1/thumb/v7e-m+fp/hard\libgcc.a
LOAD c:/st/stm32cubeide_1.7.0/stm32cubeide/plugins/com.st.stm32cube.ide.mcu.externaltools.gnu-tools-for-stm32.9-2020-q2-update.win32_2.0.0.202105311346/tools/bin/../lib/gcc/arm-none-eabi/9.3.1/../../../../arm-none-eabi/lib/thumb/v7e-m+fp/hard\libc_nano.a
LOAD c:/st/stm32cubeide_1.7.0/stm32cubeide/plugins/com.st.stm32cube.ide.mcu.externaltools.gnu-tools-for-stm32.9-2020-q2-update.win32_2.0.0.202105311346/tools/bin/../lib/gcc/arm-none-eabi/9.3.1/../../../../arm-none-eabi/lib/thumb/v7e-m+fp/hard\libnosys.a
END GROUP
LOAD c:/st/stm32cubeide_1.7.0/stm32cubeide/plugins/com.st.stm32cube.ide.mcu.externaltools.gnu-tools-for-stm32.9-2020-q2-update.win32_2.0.0.202105311346/tools/bin/../lib/gcc/arm-none-eabi/9.3.1/thumb/v7e-m+fp/hard/crtend.o
LOAD c:/st/stm32cubeide_1.7.0/stm32cubeide/plugins/com.st.stm32cube.ide.mcu.externaltools.gnu-tools-for-stm32.9-2020-q2-update.win32_2.0.0.202105311346/tools/bin/../lib/gcc/arm-none-eabi/9.3.1/thumb/v7e-m+fp/hard/crtn.o
                0x0000000020020000                _estack = (ORIGIN (RAM) + LENGTH (RAM))
                0x0000000000000200                _Min_Heap_Size = 0x200
                0x0000000000000400                _Min_Stack_Size = 0x400

.isr_vector     0x0000000008000000      0x188
                0x0000000008000000                . = ALIGN (0x4)
 *(.isr_vector)
 .isr_vector    0x0000000008000000      0x188 ./Core/Startup/startup_stm32f407zetx.o
                0x0000000008000000                g_pfnVectors
                0x0000000008000188                . = ALIGN (0x4)

.text           0x0000000008000188     0x5bf8
                0x0000000008000188                . = ALIGN (0x4)
 *(.text)
 .text          0x0000000008000188       0x40 c:/st/stm32cubeide_1.7.0/stm32cubeide/plugins/com.st.stm32cube.ide.mcu.externaltools.gnu-tools-for-stm32.9-2020-q2-update.win32_2.0.0.202105311346/tools/bin/../lib/gcc/arm-none-eabi/9.3.1/thumb/v7e-m+fp/hard/crtbegin.o
 .text          0x00000000080001c8       0x30 c:/st/stm32cubeide_1.7.0/stm32cubeide/plugins/com.st.stm32cube.ide.mcu.externaltools.gnu-tools-for-stm32.9-2020-q2-update.win32_2.0.0.202105311346/tools/bin/../lib/gcc/arm-none-eabi/9.3.1/thumb/v7e-m+fp/hard\libgcc.a(_aeabi_uldivmod.o)
                0x00000000080001c8                __aeabi_uldivmod
 .text          0x00000000080001f8      0x2c4 c:/st/stm32cubeide_1.7.0/stm32cubeide/plugins/com.st.stm32cube.ide.mcu.externaltools.gnu-tools-for-stm32.9-2020-q2-update.win32_2.0.0.202105311346/tools/bin/../lib/gcc/arm-none-eabi/9.3.1/thumb/v7e-m+fp/hard\libgcc.a(_udivmoddi4.o)
                0x00000000080001f8                __udivmoddi4
 .text          0x00000000080004bc        0x4 c:/st/stm32cubeide_1.7.0/stm32cubeide/plugins/com.st.stm32cube.ide.mcu.externaltools.gnu-tools-for-stm32.9-2020-q2-update.win32_2.0.0.202105311346/tools/bin/../lib/gcc/arm-none-eabi/9.3.1/thumb/v7e-m+fp/hard\libgcc.a(_dvmd_tls.o)
                0x00000000080004bc                __aeabi_idiv0
                0x00000000080004bc                __aeabi_ldiv0
 *(.text*)
 .text.button_init
                0x00000000080004c0       0x18 ./Core/Src/button.o
                0x00000000080004c0                button_init
 .text.button_Scan
                0x00000000080004d8       0xd8 ./Core/Src/button.o
                0x00000000080004d8                button_Scan
 .text.drawTrafficLight
                0x00000000080005b0       0xa0 ./Core/Src/fsm_mode.o
                0x00000000080005b0                drawTrafficLight
 .text.RedGreenLed
                0x0000000008000650       0x20 ./Core/Src/fsm_mode.o
                0x0000000008000650                RedGreenLed
 .text.RedYellowLed
                0x0000000008000670       0x20 ./Core/Src/fsm_mode.o
                0x0000000008000670                RedYellowLed
 .text.GreenRedLed
                0x0000000008000690       0x20 ./Core/Src/fsm_mode.o
                0x0000000008000690                GreenRedLed
 .text.YellowRedLed
                0x00000000080006b0       0x20 ./Core/Src/fsm_mode.o
                0x00000000080006b0                YellowRedLed
 .text.ManRedLed
                0x00000000080006d0       0x20 ./Core/Src/fsm_mode.o
                0x00000000080006d0                ManRedLed
 .text.ManGreenLed
                0x00000000080006f0       0x20 ./Core/Src/fsm_mode.o
                0x00000000080006f0                ManGreenLed
 .text.ManYellowLed
                0x0000000008000710       0x20 ./Core/Src/fsm_mode.o
                0x0000000008000710                ManYellowLed
 .text.increase
                0x0000000008000730       0x2c ./Core/Src/fsm_mode.o
                0x0000000008000730                increase
 .text.checklogic
                0x000000000800075c       0x6c ./Core/Src/fsm_mode.o
                0x000000000800075c                checklogic
 .text.Blink    0x00000000080007c8       0x88 ./Core/Src/fsm_mode.o
                0x00000000080007c8                Blink
 .text.switchManualMode
                0x0000000008000850       0x34 ./Core/Src/fsm_mode.o
                0x0000000008000850                switchManualMode
 .text.displayTime
                0x0000000008000884       0x70 ./Core/Src/fsm_mode.o
                0x0000000008000884                displayTime
 .text.fsm_mode
                0x00000000080008f4      0x3bc ./Core/Src/fsm_mode.o
                0x00000000080008f4                fsm_mode
 .text.MX_FSMC_Init
                0x0000000008000cb0       0xf4 ./Core/Src/fsmc.o
                0x0000000008000cb0                MX_FSMC_Init
 .text.HAL_FSMC_MspInit
                0x0000000008000da4       0x98 ./Core/Src/fsmc.o
 .text.HAL_SRAM_MspInit
                0x0000000008000e3c       0x14 ./Core/Src/fsmc.o
                0x0000000008000e3c                HAL_SRAM_MspInit
 .text.MX_GPIO_Init
                0x0000000008000e50      0x1f0 ./Core/Src/gpio.o
                0x0000000008000e50                MX_GPIO_Init
 .text.MX_I2C1_Init
                0x0000000008001040       0x5c ./Core/Src/i2c.o
                0x0000000008001040                MX_I2C1_Init
 .text.HAL_I2C_MspInit
                0x000000000800109c       0x90 ./Core/Src/i2c.o
                0x000000000800109c                HAL_I2C_MspInit
 .text.LCD_WR_REG
                0x000000000800112c       0x20 ./Core/Src/lcd.o
                0x000000000800112c                LCD_WR_REG
 .text.LCD_WR_DATA
                0x000000000800114c       0x20 ./Core/Src/lcd.o
                0x000000000800114c                LCD_WR_DATA
 .text.LCD_RD_DATA
                0x000000000800116c       0x24 ./Core/Src/lcd.o
                0x000000000800116c                LCD_RD_DATA
 .text.lcd_AddressSet
                0x0000000008001190       0x98 ./Core/Src/lcd.o
                0x0000000008001190                lcd_AddressSet
 .text.lcd_Clear
                0x0000000008001228       0x74 ./Core/Src/lcd.o
                0x0000000008001228                lcd_Clear
 .text.lcd_DrawPoint
                0x000000000800129c       0x2e ./Core/Src/lcd.o
                0x000000000800129c                lcd_DrawPoint
 *fill*         0x00000000080012ca        0x2 
 .text.lcd_ShowChar
                0x00000000080012cc      0x1a0 ./Core/Src/lcd.o
                0x00000000080012cc                lcd_ShowChar
 .text.mypow    0x000000000800146c       0x38 ./Core/Src/lcd.o
                0x000000000800146c                mypow
 .text.lcd_ShowIntNum
                0x00000000080014a4       0xfc ./Core/Src/lcd.o
                0x00000000080014a4                lcd_ShowIntNum
 .text.lcd_ShowPicture
                0x00000000080015a0       0xac ./Core/Src/lcd.o
                0x00000000080015a0                lcd_ShowPicture
 .text.lcd_SetDir
                0x000000000800164c       0x48 ./Core/Src/lcd.o
                0x000000000800164c                lcd_SetDir
 .text.lcd_init
                0x0000000008001694      0x2c0 ./Core/Src/lcd.o
                0x0000000008001694                lcd_init
 .text._draw_circle_8
                0x0000000008001954      0x116 ./Core/Src/lcd.o
                0x0000000008001954                _draw_circle_8
 .text.lcd_DrawCircle
                0x0000000008001a6a       0xd8 ./Core/Src/lcd.o
                0x0000000008001a6a                lcd_DrawCircle
 *fill*         0x0000000008001b42        0x2 
 .text.led7_init
                0x0000000008001b44       0x18 ./Core/Src/led_7seg.o
                0x0000000008001b44                led7_init
 .text.led7_Scan
                0x0000000008001b5c      0x118 ./Core/Src/led_7seg.o
                0x0000000008001b5c                led7_Scan
 .text.main     0x0000000008001c74       0x58 ./Core/Src/main.o
                0x0000000008001c74                main
 .text.SystemClock_Config
                0x0000000008001ccc       0xd4 ./Core/Src/main.o
                0x0000000008001ccc                SystemClock_Config
 .text.system_init
                0x0000000008001da0       0x44 ./Core/Src/main.o
                0x0000000008001da0                system_init
 .text.test_LedDebug
                0x0000000008001de4       0x48 ./Core/Src/main.o
                0x0000000008001de4                test_LedDebug
 .text.Error_Handler
                0x0000000008001e2c        0xa ./Core/Src/main.o
                0x0000000008001e2c                Error_Handler
 *fill*         0x0000000008001e36        0x2 
 .text.timer_init
                0x0000000008001e38       0x14 ./Core/Src/software_timer.o
                0x0000000008001e38                timer_init
 .text.setTimer2
                0x0000000008001e4c       0x38 ./Core/Src/software_timer.o
                0x0000000008001e4c                setTimer2
 .text.HAL_TIM_PeriodElapsedCallback
                0x0000000008001e84       0x8c ./Core/Src/software_timer.o
                0x0000000008001e84                HAL_TIM_PeriodElapsedCallback
 .text.MX_SPI1_Init
                0x0000000008001f10       0x6c ./Core/Src/spi.o
                0x0000000008001f10                MX_SPI1_Init
 .text.HAL_SPI_MspInit
                0x0000000008001f7c       0x90 ./Core/Src/spi.o
                0x0000000008001f7c                HAL_SPI_MspInit
 .text.HAL_MspInit
                0x000000000800200c       0x50 ./Core/Src/stm32f4xx_hal_msp.o
                0x000000000800200c                HAL_MspInit
 .text.NMI_Handler
                0x000000000800205c        0x6 ./Core/Src/stm32f4xx_it.o
                0x000000000800205c                NMI_Handler
 .text.HardFault_Handler
                0x0000000008002062        0x6 ./Core/Src/stm32f4xx_it.o
                0x0000000008002062                HardFault_Handler
 .text.MemManage_Handler
                0x0000000008002068        0x6 ./Core/Src/stm32f4xx_it.o
                0x0000000008002068                MemManage_Handler
 .text.BusFault_Handler
                0x000000000800206e        0x6 ./Core/Src/stm32f4xx_it.o
                0x000000000800206e                BusFault_Handler
 .text.UsageFault_Handler
                0x0000000008002074        0x6 ./Core/Src/stm32f4xx_it.o
                0x0000000008002074                UsageFault_Handler
 .text.SVC_Handler
                0x000000000800207a        0xe ./Core/Src/stm32f4xx_it.o
                0x000000000800207a                SVC_Handler
 .text.DebugMon_Handler
                0x0000000008002088        0xe ./Core/Src/stm32f4xx_it.o
                0x0000000008002088                DebugMon_Handler
 .text.PendSV_Handler
                0x0000000008002096        0xe ./Core/Src/stm32f4xx_it.o
                0x0000000008002096                PendSV_Handler
 .text.SysTick_Handler
                0x00000000080020a4        0xc ./Core/Src/stm32f4xx_it.o
                0x00000000080020a4                SysTick_Handler
 .text.TIM2_IRQHandler
                0x00000000080020b0       0x14 ./Core/Src/stm32f4xx_it.o
                0x00000000080020b0                TIM2_IRQHandler
 .text.USART1_IRQHandler
                0x00000000080020c4       0x14 ./Core/Src/stm32f4xx_it.o
                0x00000000080020c4                USART1_IRQHandler
 .text.SystemInit
                0x00000000080020d8       0x24 ./Core/Src/system_stm32f4xx.o
                0x00000000080020d8                SystemInit
 .text.MX_TIM2_Init
                0x00000000080020fc       0x98 ./Core/Src/tim.o
                0x00000000080020fc                MX_TIM2_Init
 .text.HAL_TIM_Base_MspInit
                0x0000000008002194       0x4c ./Core/Src/tim.o
                0x0000000008002194                HAL_TIM_Base_MspInit
 .text.uart_init_rs232
                0x00000000080021e0       0x1c ./Core/Src/uart.o
                0x00000000080021e0                uart_init_rs232
 .text.HAL_UART_RxCpltCallback
                0x00000000080021fc       0x3c ./Core/Src/uart.o
                0x00000000080021fc                HAL_UART_RxCpltCallback
 .text.MX_USART1_UART_Init
                0x0000000008002238       0x54 ./Core/Src/usart.o
                0x0000000008002238                MX_USART1_UART_Init
 .text.HAL_UART_MspInit
                0x000000000800228c       0xa0 ./Core/Src/usart.o
                0x000000000800228c                HAL_UART_MspInit
 .text.Reset_Handler
                0x000000000800232c       0x50 ./Core/Startup/startup_stm32f407zetx.o
                0x000000000800232c                Reset_Handler
 .text.Default_Handler
                0x000000000800237c        0x2 ./Core/Startup/startup_stm32f407zetx.o
                0x000000000800237c                RTC_Alarm_IRQHandler
                0x000000000800237c                HASH_RNG_IRQHandler
                0x000000000800237c                EXTI2_IRQHandler
                0x000000000800237c                TIM8_CC_IRQHandler
                0x000000000800237c                TIM1_CC_IRQHandler
                0x000000000800237c                DMA2_Stream5_IRQHandler
                0x000000000800237c                DMA1_Stream5_IRQHandler
                0x000000000800237c                PVD_IRQHandler
                0x000000000800237c                SDIO_IRQHandler
                0x000000000800237c                TAMP_STAMP_IRQHandler
                0x000000000800237c                CAN2_RX1_IRQHandler
                0x000000000800237c                EXTI3_IRQHandler
                0x000000000800237c                TIM8_TRG_COM_TIM14_IRQHandler
                0x000000000800237c                TIM1_UP_TIM10_IRQHandler
                0x000000000800237c                TIM8_UP_TIM13_IRQHandler
                0x000000000800237c                I2C3_ER_IRQHandler
                0x000000000800237c                EXTI0_IRQHandler
                0x000000000800237c                I2C2_EV_IRQHandler
                0x000000000800237c                DMA1_Stream2_IRQHandler
                0x000000000800237c                CAN1_RX0_IRQHandler
                0x000000000800237c                FPU_IRQHandler
                0x000000000800237c                OTG_HS_WKUP_IRQHandler
                0x000000000800237c                CAN2_SCE_IRQHandler
                0x000000000800237c                DMA2_Stream2_IRQHandler
                0x000000000800237c                SPI1_IRQHandler
                0x000000000800237c                TIM6_DAC_IRQHandler
                0x000000000800237c                TIM1_BRK_TIM9_IRQHandler
                0x000000000800237c                DCMI_IRQHandler
                0x000000000800237c                CAN2_RX0_IRQHandler
                0x000000000800237c                DMA2_Stream3_IRQHandler
                0x000000000800237c                USART6_IRQHandler
                0x000000000800237c                USART3_IRQHandler
                0x000000000800237c                CAN1_RX1_IRQHandler
                0x000000000800237c                UART5_IRQHandler
                0x000000000800237c                DMA2_Stream0_IRQHandler
                0x000000000800237c                TIM4_IRQHandler
                0x000000000800237c                I2C1_EV_IRQHandler
                0x000000000800237c                DMA1_Stream6_IRQHandler
                0x000000000800237c                DMA1_Stream1_IRQHandler
                0x000000000800237c                UART4_IRQHandler
                0x000000000800237c                TIM3_IRQHandler
                0x000000000800237c                RCC_IRQHandler
                0x000000000800237c                TIM8_BRK_TIM12_IRQHandler
                0x000000000800237c                Default_Handler
                0x000000000800237c                EXTI15_10_IRQHandler
                0x000000000800237c                ADC_IRQHandler
                0x000000000800237c                DMA1_Stream7_IRQHandler
                0x000000000800237c                TIM7_IRQHandler
                0x000000000800237c                CAN2_TX_IRQHandler
                0x000000000800237c                TIM5_IRQHandler
                0x000000000800237c                DMA2_Stream7_IRQHandler
                0x000000000800237c                I2C3_EV_IRQHandler
                0x000000000800237c                EXTI9_5_IRQHandler
                0x000000000800237c                RTC_WKUP_IRQHandler
                0x000000000800237c                ETH_WKUP_IRQHandler
                0x000000000800237c                SPI2_IRQHandler
                0x000000000800237c                OTG_HS_EP1_IN_IRQHandler
                0x000000000800237c                DMA1_Stream0_IRQHandler
                0x000000000800237c                CAN1_TX_IRQHandler
                0x000000000800237c                EXTI4_IRQHandler
                0x000000000800237c                FSMC_IRQHandler
                0x000000000800237c                ETH_IRQHandler
                0x000000000800237c                OTG_HS_EP1_OUT_IRQHandler
                0x000000000800237c                WWDG_IRQHandler
                0x000000000800237c                OTG_FS_WKUP_IRQHandler
                0x000000000800237c                TIM1_TRG_COM_TIM11_IRQHandler
                0x000000000800237c                OTG_HS_IRQHandler
                0x000000000800237c                EXTI1_IRQHandler
                0x000000000800237c                USART2_IRQHandler
                0x000000000800237c                I2C2_ER_IRQHandler
                0x000000000800237c                DMA2_Stream1_IRQHandler
                0x000000000800237c                CAN1_SCE_IRQHandler
                0x000000000800237c                FLASH_IRQHandler
                0x000000000800237c                DMA2_Stream4_IRQHandler
                0x000000000800237c                OTG_FS_IRQHandler
                0x000000000800237c                SPI3_IRQHandler
                0x000000000800237c                DMA1_Stream4_IRQHandler
                0x000000000800237c                I2C1_ER_IRQHandler
                0x000000000800237c                DMA2_Stream6_IRQHandler
                0x000000000800237c                DMA1_Stream3_IRQHandler
 *fill*         0x000000000800237e        0x2 
 .text.HAL_Init
                0x0000000008002380       0x44 ./Drivers/STM32F4xx_HAL_Driver/Src/stm32f4xx_hal.o
                0x0000000008002380                HAL_Init
 .text.HAL_InitTick
                0x00000000080023c4       0x60 ./Drivers/STM32F4xx_HAL_Driver/Src/stm32f4xx_hal.o
                0x00000000080023c4                HAL_InitTick
 .text.HAL_IncTick
                0x0000000008002424       0x28 ./Drivers/STM32F4xx_HAL_Driver/Src/stm32f4xx_hal.o
                0x0000000008002424                HAL_IncTick
 .text.HAL_GetTick
                0x000000000800244c       0x18 ./Drivers/STM32F4xx_HAL_Driver/Src/stm32f4xx_hal.o
                0x000000000800244c                HAL_GetTick
 .text.HAL_Delay
                0x0000000008002464       0x48 ./Drivers/STM32F4xx_HAL_Driver/Src/stm32f4xx_hal.o
                0x0000000008002464                HAL_Delay
 .text.__NVIC_SetPriorityGrouping
                0x00000000080024ac       0x48 ./Drivers/STM32F4xx_HAL_Driver/Src/stm32f4xx_hal_cortex.o
 .text.__NVIC_GetPriorityGrouping
                0x00000000080024f4       0x1c ./Drivers/STM32F4xx_HAL_Driver/Src/stm32f4xx_hal_cortex.o
 .text.__NVIC_EnableIRQ
                0x0000000008002510       0x3c ./Drivers/STM32F4xx_HAL_Driver/Src/stm32f4xx_hal_cortex.o
 .text.__NVIC_SetPriority
                0x000000000800254c       0x54 ./Drivers/STM32F4xx_HAL_Driver/Src/stm32f4xx_hal_cortex.o
 .text.NVIC_EncodePriority
                0x00000000080025a0       0x66 ./Drivers/STM32F4xx_HAL_Driver/Src/stm32f4xx_hal_cortex.o
 *fill*         0x0000000008002606        0x2 
 .text.SysTick_Config
                0x0000000008002608       0x44 ./Drivers/STM32F4xx_HAL_Driver/Src/stm32f4xx_hal_cortex.o
 .text.HAL_NVIC_SetPriorityGrouping
                0x000000000800264c       0x16 ./Drivers/STM32F4xx_HAL_Driver/Src/stm32f4xx_hal_cortex.o
                0x000000000800264c                HAL_NVIC_SetPriorityGrouping
 .text.HAL_NVIC_SetPriority
                0x0000000008002662       0x38 ./Drivers/STM32F4xx_HAL_Driver/Src/stm32f4xx_hal_cortex.o
                0x0000000008002662                HAL_NVIC_SetPriority
 .text.HAL_NVIC_EnableIRQ
                0x000000000800269a       0x1c ./Drivers/STM32F4xx_HAL_Driver/Src/stm32f4xx_hal_cortex.o
                0x000000000800269a                HAL_NVIC_EnableIRQ
 .text.HAL_SYSTICK_Config
                0x00000000080026b6       0x18 ./Drivers/STM32F4xx_HAL_Driver/Src/stm32f4xx_hal_cortex.o
                0x00000000080026b6                HAL_SYSTICK_Config
 .text.HAL_DMA_Abort
                0x00000000080026ce       0xe0 ./Drivers/STM32F4xx_HAL_Driver/Src/stm32f4xx_hal_dma.o
                0x00000000080026ce                HAL_DMA_Abort
 .text.HAL_DMA_Abort_IT
                0x00000000080027ae       0x44 ./Drivers/STM32F4xx_HAL_Driver/Src/stm32f4xx_hal_dma.o
                0x00000000080027ae                HAL_DMA_Abort_IT
 *fill*         0x00000000080027f2        0x2 
 .text.HAL_GPIO_Init
                0x00000000080027f4      0x338 ./Drivers/STM32F4xx_HAL_Driver/Src/stm32f4xx_hal_gpio.o
                0x00000000080027f4                HAL_GPIO_Init
 .text.HAL_GPIO_WritePin
                0x0000000008002b2c       0x32 ./Drivers/STM32F4xx_HAL_Driver/Src/stm32f4xx_hal_gpio.o
                0x0000000008002b2c                HAL_GPIO_WritePin
 .text.HAL_GPIO_TogglePin
                0x0000000008002b5e       0x34 ./Drivers/STM32F4xx_HAL_Driver/Src/stm32f4xx_hal_gpio.o
                0x0000000008002b5e                HAL_GPIO_TogglePin
 *fill*         0x0000000008002b92        0x2 
 .text.HAL_I2C_Init
                0x0000000008002b94      0x288 ./Drivers/STM32F4xx_HAL_Driver/Src/stm32f4xx_hal_i2c.o
                0x0000000008002b94                HAL_I2C_Init
 .text.HAL_RCC_OscConfig
                0x0000000008002e1c      0x4f0 ./Drivers/STM32F4xx_HAL_Driver/Src/stm32f4xx_hal_rcc.o
                0x0000000008002e1c                HAL_RCC_OscConfig
 .text.HAL_RCC_ClockConfig
                0x000000000800330c      0x1cc ./Drivers/STM32F4xx_HAL_Driver/Src/stm32f4xx_hal_rcc.o
                0x000000000800330c                HAL_RCC_ClockConfig
 .text.HAL_RCC_GetSysClockFreq
                0x00000000080034d8      0x1c4 ./Drivers/STM32F4xx_HAL_Driver/Src/stm32f4xx_hal_rcc.o
                0x00000000080034d8                HAL_RCC_GetSysClockFreq
 .text.HAL_RCC_GetHCLKFreq
                0x000000000800369c       0x18 ./Drivers/STM32F4xx_HAL_Driver/Src/stm32f4xx_hal_rcc.o
                0x000000000800369c                HAL_RCC_GetHCLKFreq
 .text.HAL_RCC_GetPCLK1Freq
                0x00000000080036b4       0x28 ./Drivers/STM32F4xx_HAL_Driver/Src/stm32f4xx_hal_rcc.o
                0x00000000080036b4                HAL_RCC_GetPCLK1Freq
 .text.HAL_RCC_GetPCLK2Freq
                0x00000000080036dc       0x28 ./Drivers/STM32F4xx_HAL_Driver/Src/stm32f4xx_hal_rcc.o
                0x00000000080036dc                HAL_RCC_GetPCLK2Freq
 .text.HAL_SPI_Init
                0x0000000008003704      0x112 ./Drivers/STM32F4xx_HAL_Driver/Src/stm32f4xx_hal_spi.o
                0x0000000008003704                HAL_SPI_Init
 .text.HAL_SPI_Transmit
                0x0000000008003816      0x278 ./Drivers/STM32F4xx_HAL_Driver/Src/stm32f4xx_hal_spi.o
                0x0000000008003816                HAL_SPI_Transmit
 .text.HAL_SPI_Receive
                0x0000000008003a8e      0x222 ./Drivers/STM32F4xx_HAL_Driver/Src/stm32f4xx_hal_spi.o
                0x0000000008003a8e                HAL_SPI_Receive
 .text.HAL_SPI_TransmitReceive
                0x0000000008003cb0      0x344 ./Drivers/STM32F4xx_HAL_Driver/Src/stm32f4xx_hal_spi.o
                0x0000000008003cb0                HAL_SPI_TransmitReceive
 .text.SPI_WaitFlagStateUntilTimeout
                0x0000000008003ff4      0x110 ./Drivers/STM32F4xx_HAL_Driver/Src/stm32f4xx_hal_spi.o
 .text.SPI_EndRxTransaction
                0x0000000008004104       0xca ./Drivers/STM32F4xx_HAL_Driver/Src/stm32f4xx_hal_spi.o
 *fill*         0x00000000080041ce        0x2 
 .text.SPI_EndRxTxTransaction
                0x00000000080041d0       0x84 ./Drivers/STM32F4xx_HAL_Driver/Src/stm32f4xx_hal_spi.o
 .text.HAL_SRAM_Init
                0x0000000008004254       0x88 ./Drivers/STM32F4xx_HAL_Driver/Src/stm32f4xx_hal_sram.o
                0x0000000008004254                HAL_SRAM_Init
 .text.HAL_TIM_Base_Init
                0x00000000080042dc       0x9e ./Drivers/STM32F4xx_HAL_Driver/Src/stm32f4xx_hal_tim.o
                0x00000000080042dc                HAL_TIM_Base_Init
 *fill*         0x000000000800437a        0x2 
 .text.HAL_TIM_Base_Start_IT
                0x000000000800437c       0xe0 ./Drivers/STM32F4xx_HAL_Driver/Src/stm32f4xx_hal_tim.o
                0x000000000800437c                HAL_TIM_Base_Start_IT
 .text.HAL_TIM_IRQHandler
                0x000000000800445c      0x210 ./Drivers/STM32F4xx_HAL_Driver/Src/stm32f4xx_hal_tim.o
                0x000000000800445c                HAL_TIM_IRQHandler
 .text.HAL_TIM_ConfigClockSource
                0x000000000800466c      0x18e ./Drivers/STM32F4xx_HAL_Driver/Src/stm32f4xx_hal_tim.o
                0x000000000800466c                HAL_TIM_ConfigClockSource
 .text.HAL_TIM_OC_DelayElapsedCallback
                0x00000000080047fa       0x14 ./Drivers/STM32F4xx_HAL_Driver/Src/stm32f4xx_hal_tim.o
                0x00000000080047fa                HAL_TIM_OC_DelayElapsedCallback
 .text.HAL_TIM_IC_CaptureCallback
                0x000000000800480e       0x14 ./Drivers/STM32F4xx_HAL_Driver/Src/stm32f4xx_hal_tim.o
                0x000000000800480e                HAL_TIM_IC_CaptureCallback
 .text.HAL_TIM_PWM_PulseFinishedCallback
                0x0000000008004822       0x14 ./Drivers/STM32F4xx_HAL_Driver/Src/stm32f4xx_hal_tim.o
                0x0000000008004822                HAL_TIM_PWM_PulseFinishedCallback
 .text.HAL_TIM_TriggerCallback
                0x0000000008004836       0x14 ./Drivers/STM32F4xx_HAL_Driver/Src/stm32f4xx_hal_tim.o
                0x0000000008004836                HAL_TIM_TriggerCallback
 *fill*         0x000000000800484a        0x2 
 .text.TIM_Base_SetConfig
                0x000000000800484c      0x140 ./Drivers/STM32F4xx_HAL_Driver/Src/stm32f4xx_hal_tim.o
                0x000000000800484c                TIM_Base_SetConfig
 .text.TIM_TI1_ConfigInputStage
                0x000000000800498c       0x5e ./Drivers/STM32F4xx_HAL_Driver/Src/stm32f4xx_hal_tim.o
 .text.TIM_TI2_ConfigInputStage
                0x00000000080049ea       0x60 ./Drivers/STM32F4xx_HAL_Driver/Src/stm32f4xx_hal_tim.o
 .text.TIM_ITRx_SetConfig
                0x0000000008004a4a       0x36 ./Drivers/STM32F4xx_HAL_Driver/Src/stm32f4xx_hal_tim.o
 .text.TIM_ETR_SetConfig
                0x0000000008004a80       0x40 ./Drivers/STM32F4xx_HAL_Driver/Src/stm32f4xx_hal_tim.o
                0x0000000008004a80                TIM_ETR_SetConfig
 .text.HAL_TIMEx_MasterConfigSynchronization
                0x0000000008004ac0       0xf8 ./Drivers/STM32F4xx_HAL_Driver/Src/stm32f4xx_hal_tim_ex.o
                0x0000000008004ac0                HAL_TIMEx_MasterConfigSynchronization
 .text.HAL_TIMEx_CommutCallback
                0x0000000008004bb8       0x14 ./Drivers/STM32F4xx_HAL_Driver/Src/stm32f4xx_hal_tim_ex.o
                0x0000000008004bb8                HAL_TIMEx_CommutCallback
 .text.HAL_TIMEx_BreakCallback
                0x0000000008004bcc       0x14 ./Drivers/STM32F4xx_HAL_Driver/Src/stm32f4xx_hal_tim_ex.o
                0x0000000008004bcc                HAL_TIMEx_BreakCallback
 .text.HAL_UART_Init
                0x0000000008004be0       0x9a ./Drivers/STM32F4xx_HAL_Driver/Src/stm32f4xx_hal_uart.o
                0x0000000008004be0                HAL_UART_Init
 .text.HAL_UART_Transmit
                0x0000000008004c7a      0x124 ./Drivers/STM32F4xx_HAL_Driver/Src/stm32f4xx_hal_uart.o
                0x0000000008004c7a                HAL_UART_Transmit
 .text.HAL_UART_Receive_IT
                0x0000000008004d9e       0x60 ./Drivers/STM32F4xx_HAL_Driver/Src/stm32f4xx_hal_uart.o
                0x0000000008004d9e                HAL_UART_Receive_IT
 *fill*         0x0000000008004dfe        0x2 
 .text.HAL_UART_IRQHandler
                0x0000000008004e00      0x51c ./Drivers/STM32F4xx_HAL_Driver/Src/stm32f4xx_hal_uart.o
                0x0000000008004e00                HAL_UART_IRQHandler
 .text.HAL_UART_TxCpltCallback
                0x000000000800531c       0x14 ./Drivers/STM32F4xx_HAL_Driver/Src/stm32f4xx_hal_uart.o
                0x000000000800531c                HAL_UART_TxCpltCallback
 .text.HAL_UART_ErrorCallback
                0x0000000008005330       0x14 ./Drivers/STM32F4xx_HAL_Driver/Src/stm32f4xx_hal_uart.o
                0x0000000008005330                HAL_UART_ErrorCallback
 .text.HAL_UARTEx_RxEventCallback
                0x0000000008005344       0x18 ./Drivers/STM32F4xx_HAL_Driver/Src/stm32f4xx_hal_uart.o
                0x0000000008005344                HAL_UARTEx_RxEventCallback
 .text.UART_WaitOnFlagUntilTimeout
                0x000000000800535c       0xdc ./Drivers/STM32F4xx_HAL_Driver/Src/stm32f4xx_hal_uart.o
 .text.UART_Start_Receive_IT
                0x0000000008005438       0x74 ./Drivers/STM32F4xx_HAL_Driver/Src/stm32f4xx_hal_uart.o
                0x0000000008005438                UART_Start_Receive_IT
 .text.UART_EndRxTransfer
                0x00000000080054ac       0xc6 ./Drivers/STM32F4xx_HAL_Driver/Src/stm32f4xx_hal_uart.o
 .text.UART_DMAAbortOnError
                0x0000000008005572       0x28 ./Drivers/STM32F4xx_HAL_Driver/Src/stm32f4xx_hal_uart.o
 .text.UART_Transmit_IT
                0x000000000800559a       0xa0 ./Drivers/STM32F4xx_HAL_Driver/Src/stm32f4xx_hal_uart.o
 .text.UART_EndTransmit_IT
                0x000000000800563a       0x30 ./Drivers/STM32F4xx_HAL_Driver/Src/stm32f4xx_hal_uart.o
 .text.UART_Receive_IT
                0x000000000800566a      0x176 ./Drivers/STM32F4xx_HAL_Driver/Src/stm32f4xx_hal_uart.o
 .text.UART_SetConfig
                0x00000000080057e0      0x390 ./Drivers/STM32F4xx_HAL_Driver/Src/stm32f4xx_hal_uart.o
 .text.FSMC_NORSRAM_Init
                0x0000000008005b70       0xa4 ./Drivers/STM32F4xx_HAL_Driver/Src/stm32f4xx_ll_fsmc.o
                0x0000000008005b70                FSMC_NORSRAM_Init
 .text.FSMC_NORSRAM_Timing_Init
                0x0000000008005c14       0x7a ./Drivers/STM32F4xx_HAL_Driver/Src/stm32f4xx_ll_fsmc.o
                0x0000000008005c14                FSMC_NORSRAM_Timing_Init
 *fill*         0x0000000008005c8e        0x2 
 .text.FSMC_NORSRAM_Extended_Timing_Init
                0x0000000008005c90       0x80 ./Drivers/STM32F4xx_HAL_Driver/Src/stm32f4xx_ll_fsmc.o
                0x0000000008005c90                FSMC_NORSRAM_Extended_Timing_Init
 .text.__libc_init_array
                0x0000000008005d10       0x48 c:/st/stm32cubeide_1.7.0/stm32cubeide/plugins/com.st.stm32cube.ide.mcu.externaltools.gnu-tools-for-stm32.9-2020-q2-update.win32_2.0.0.202105311346/tools/bin/../lib/gcc/arm-none-eabi/9.3.1/../../../../arm-none-eabi/lib/thumb/v7e-m+fp/hard\libc_nano.a(lib_a-init.o)
                0x0000000008005d10                __libc_init_array
 .text.memset   0x0000000008005d58       0x10 c:/st/stm32cubeide_1.7.0/stm32cubeide/plugins/com.st.stm32cube.ide.mcu.externaltools.gnu-tools-for-stm32.9-2020-q2-update.win32_2.0.0.202105311346/tools/bin/../lib/gcc/arm-none-eabi/9.3.1/../../../../arm-none-eabi/lib/thumb/v7e-m+fp/hard\libc_nano.a(lib_a-memset.o)
                0x0000000008005d58                memset
 *(.glue_7)
 .glue_7        0x0000000008005d68        0x0 linker stubs
 *(.glue_7t)
 .glue_7t       0x0000000008005d68        0x0 linker stubs
 *(.eh_frame)
 .eh_frame      0x0000000008005d68        0x0 c:/st/stm32cubeide_1.7.0/stm32cubeide/plugins/com.st.stm32cube.ide.mcu.externaltools.gnu-tools-for-stm32.9-2020-q2-update.win32_2.0.0.202105311346/tools/bin/../lib/gcc/arm-none-eabi/9.3.1/thumb/v7e-m+fp/hard/crtbegin.o
 *(.init)
 .init          0x0000000008005d68        0x4 c:/st/stm32cubeide_1.7.0/stm32cubeide/plugins/com.st.stm32cube.ide.mcu.externaltools.gnu-tools-for-stm32.9-2020-q2-update.win32_2.0.0.202105311346/tools/bin/../lib/gcc/arm-none-eabi/9.3.1/thumb/v7e-m+fp/hard/crti.o
                0x0000000008005d68                _init
 .init          0x0000000008005d6c        0x8 c:/st/stm32cubeide_1.7.0/stm32cubeide/plugins/com.st.stm32cube.ide.mcu.externaltools.gnu-tools-for-stm32.9-2020-q2-update.win32_2.0.0.202105311346/tools/bin/../lib/gcc/arm-none-eabi/9.3.1/thumb/v7e-m+fp/hard/crtn.o
 *(.fini)
 .fini          0x0000000008005d74        0x4 c:/st/stm32cubeide_1.7.0/stm32cubeide/plugins/com.st.stm32cube.ide.mcu.externaltools.gnu-tools-for-stm32.9-2020-q2-update.win32_2.0.0.202105311346/tools/bin/../lib/gcc/arm-none-eabi/9.3.1/thumb/v7e-m+fp/hard/crti.o
                0x0000000008005d74                _fini
 .fini          0x0000000008005d78        0x8 c:/st/stm32cubeide_1.7.0/stm32cubeide/plugins/com.st.stm32cube.ide.mcu.externaltools.gnu-tools-for-stm32.9-2020-q2-update.win32_2.0.0.202105311346/tools/bin/../lib/gcc/arm-none-eabi/9.3.1/thumb/v7e-m+fp/hard/crtn.o
                0x0000000008005d80                . = ALIGN (0x4)
                0x0000000008005d80                _etext = .

.vfp11_veneer   0x0000000008005d80        0x0
 .vfp11_veneer  0x0000000008005d80        0x0 linker stubs

.v4_bx          0x0000000008005d80        0x0
 .v4_bx         0x0000000008005d80        0x0 linker stubs

.iplt           0x0000000008005d80        0x0
 .iplt          0x0000000008005d80        0x0 c:/st/stm32cubeide_1.7.0/stm32cubeide/plugins/com.st.stm32cube.ide.mcu.externaltools.gnu-tools-for-stm32.9-2020-q2-update.win32_2.0.0.202105311346/tools/bin/../lib/gcc/arm-none-eabi/9.3.1/thumb/v7e-m+fp/hard/crtbegin.o

.rodata         0x0000000008005d80     0x5860
                0x0000000008005d80                . = ALIGN (0x4)
 *(.rodata)
 *(.rodata*)
 .rodata.ascii_1608
                0x0000000008005d80      0x5f0 ./Core/Src/lcd.o
                0x0000000008005d80                ascii_1608
 .rodata.ascii_2412
                0x0000000008006370     0x11d0 ./Core/Src/lcd.o
                0x0000000008006370                ascii_2412
 .rodata.ascii_3216
                0x0000000008007540     0x17c0 ./Core/Src/lcd.o
                0x0000000008007540                ascii_3216
 .rodata.gImage_l_flag
                0x0000000008008d00     0x28c8 ./Core/Src/picture.o
                0x0000000008008d00                gImage_l_flag
 .rodata.AHBPrescTable
                0x000000000800b5c8       0x10 ./Core/Src/system_stm32f4xx.o
                0x000000000800b5c8                AHBPrescTable
 .rodata.APBPrescTable
                0x000000000800b5d8        0x8 ./Core/Src/system_stm32f4xx.o
                0x000000000800b5d8                APBPrescTable
                0x000000000800b5e0                . = ALIGN (0x4)

.ARM.extab      0x000000000800b5e0        0x0
                0x000000000800b5e0                . = ALIGN (0x4)
 *(.ARM.extab* .gnu.linkonce.armextab.*)
                0x000000000800b5e0                . = ALIGN (0x4)

.ARM            0x000000000800b5e0        0x8
                0x000000000800b5e0                . = ALIGN (0x4)
                0x000000000800b5e0                __exidx_start = .
 *(.ARM.exidx*)
 .ARM.exidx     0x000000000800b5e0        0x8 c:/st/stm32cubeide_1.7.0/stm32cubeide/plugins/com.st.stm32cube.ide.mcu.externaltools.gnu-tools-for-stm32.9-2020-q2-update.win32_2.0.0.202105311346/tools/bin/../lib/gcc/arm-none-eabi/9.3.1/thumb/v7e-m+fp/hard\libgcc.a(_udivmoddi4.o)
                0x000000000800b5e8                __exidx_end = .
                0x000000000800b5e8                . = ALIGN (0x4)

.rel.dyn        0x000000000800b5e8        0x0
 .rel.iplt      0x000000000800b5e8        0x0 c:/st/stm32cubeide_1.7.0/stm32cubeide/plugins/com.st.stm32cube.ide.mcu.externaltools.gnu-tools-for-stm32.9-2020-q2-update.win32_2.0.0.202105311346/tools/bin/../lib/gcc/arm-none-eabi/9.3.1/thumb/v7e-m+fp/hard/crtbegin.o

.preinit_array  0x000000000800b5e8        0x0
                0x000000000800b5e8                . = ALIGN (0x4)
                0x000000000800b5e8                PROVIDE (__preinit_array_start = .)
 *(.preinit_array*)
                0x000000000800b5e8                PROVIDE (__preinit_array_end = .)
                0x000000000800b5e8                . = ALIGN (0x4)

.init_array     0x000000000800b5e8        0x4
                0x000000000800b5e8                . = ALIGN (0x4)
                0x000000000800b5e8                PROVIDE (__init_array_start = .)
 *(SORT_BY_NAME(.init_array.*))
 *(.init_array*)
 .init_array    0x000000000800b5e8        0x4 c:/st/stm32cubeide_1.7.0/stm32cubeide/plugins/com.st.stm32cube.ide.mcu.externaltools.gnu-tools-for-stm32.9-2020-q2-update.win32_2.0.0.202105311346/tools/bin/../lib/gcc/arm-none-eabi/9.3.1/thumb/v7e-m+fp/hard/crtbegin.o
                0x000000000800b5ec                PROVIDE (__init_array_end = .)
                0x000000000800b5ec                . = ALIGN (0x4)

.fini_array     0x000000000800b5ec        0x4
                0x000000000800b5ec                . = ALIGN (0x4)
                [!provide]                        PROVIDE (__fini_array_start = .)
 *(SORT_BY_NAME(.fini_array.*))
 *(.fini_array*)
 .fini_array    0x000000000800b5ec        0x4 c:/st/stm32cubeide_1.7.0/stm32cubeide/plugins/com.st.stm32cube.ide.mcu.externaltools.gnu-tools-for-stm32.9-2020-q2-update.win32_2.0.0.202105311346/tools/bin/../lib/gcc/arm-none-eabi/9.3.1/thumb/v7e-m+fp/hard/crtbegin.o
                [!provide]                        PROVIDE (__fini_array_end = .)
                0x000000000800b5f0                . = ALIGN (0x4)
                0x000000000800b5f0                _sidata = LOADADDR (.data)

.data           0x0000000020000000       0x20 load address 0x000000000800b5f0
                0x0000000020000000                . = ALIGN (0x4)
                0x0000000020000000                _sdata = .
 *(.data)
 *(.data*)
 .data.timeRed  0x0000000020000000        0x4 ./Core/Src/global.o
                0x0000000020000000                timeRed
 .data.timeYellow
                0x0000000020000004        0x4 ./Core/Src/global.o
                0x0000000020000004                timeYellow
 .data.timeGreen
                0x0000000020000008        0x4 ./Core/Src/global.o
                0x0000000020000008                timeGreen
 .data.led7seg  0x000000002000000c        0x4 ./Core/Src/led_7seg.o
                0x000000002000000c                led7seg
 .data.spi_buffer
                0x0000000020000010        0x2 ./Core/Src/led_7seg.o
                0x0000000020000010                spi_buffer
 *fill*         0x0000000020000012        0x2 
 .data.SystemCoreClock
                0x0000000020000014        0x4 ./Core/Src/system_stm32f4xx.o
                0x0000000020000014                SystemCoreClock
 .data.uwTickPrio
                0x0000000020000018        0x4 ./Drivers/STM32F4xx_HAL_Driver/Src/stm32f4xx_hal.o
                0x0000000020000018                uwTickPrio
 .data.uwTickFreq
                0x000000002000001c        0x1 ./Drivers/STM32F4xx_HAL_Driver/Src/stm32f4xx_hal.o
                0x000000002000001c                uwTickFreq
 *(.RamFunc)
 *(.RamFunc*)
                0x0000000020000020                . = ALIGN (0x4)
 *fill*         0x000000002000001d        0x3 
                0x0000000020000020                _edata = .
                0x000000000800b610                _siccmram = LOADADDR (.ccmram)

.igot.plt       0x0000000020000020        0x0 load address 0x000000000800b610
 .igot.plt      0x0000000020000020        0x0 c:/st/stm32cubeide_1.7.0/stm32cubeide/plugins/com.st.stm32cube.ide.mcu.externaltools.gnu-tools-for-stm32.9-2020-q2-update.win32_2.0.0.202105311346/tools/bin/../lib/gcc/arm-none-eabi/9.3.1/thumb/v7e-m+fp/hard/crtbegin.o

.ccmram         0x0000000010000000        0x0 load address 0x000000000800b610
                0x0000000010000000                . = ALIGN (0x4)
                0x0000000010000000                _sccmram = .
 *(.ccmram)
 *(.ccmram*)
                0x0000000010000000                . = ALIGN (0x4)
                0x0000000010000000                _eccmram = .
                0x0000000010000000                . = ALIGN (0x4)

.bss            0x0000000020000020      0x244
                0x0000000020000020                _sbss = .
                0x0000000020000020                __bss_start__ = _sbss
 *(.bss)
 .bss           0x0000000020000020       0x1c c:/st/stm32cubeide_1.7.0/stm32cubeide/plugins/com.st.stm32cube.ide.mcu.externaltools.gnu-tools-for-stm32.9-2020-q2-update.win32_2.0.0.202105311346/tools/bin/../lib/gcc/arm-none-eabi/9.3.1/thumb/v7e-m+fp/hard/crtbegin.o
 *(.bss*)
 .bss.spi_button
                0x000000002000003c        0x2 ./Core/Src/button.o
                0x000000002000003c                spi_button
 *fill*         0x000000002000003e        0x2 
 .bss.FSMC_Initialized
                0x0000000020000040        0x4 ./Core/Src/fsmc.o
 .bss.mode      0x0000000020000044        0x4 ./Core/Src/global.o
                0x0000000020000044                mode
 .bss.newtimeRed
                0x0000000020000048        0x4 ./Core/Src/global.o
                0x0000000020000048                newtimeRed
 .bss.newtimeYellow
                0x000000002000004c        0x4 ./Core/Src/global.o
                0x000000002000004c                newtimeYellow
 .bss.newtimeGreen
                0x0000000020000050        0x4 ./Core/Src/global.o
                0x0000000020000050                newtimeGreen
 .bss.timer     0x0000000020000054        0x4 ./Core/Src/global.o
                0x0000000020000054                timer
 .bss.timer_temp
                0x0000000020000058        0x4 ./Core/Src/global.o
                0x0000000020000058                timer_temp
 .bss.check_timer
                0x000000002000005c        0x4 ./Core/Src/global.o
                0x000000002000005c                check_timer
 .bss.counter   0x0000000020000060        0x4 ./Core/Src/global.o
                0x0000000020000060                counter
 .bss.blinkstate
                0x0000000020000064        0x4 ./Core/Src/global.o
                0x0000000020000064                blinkstate
 .bss.led7_index
                0x0000000020000068        0x4 ./Core/Src/led_7seg.o
                0x0000000020000068                led7_index
 .bss.count_led_debug
                0x000000002000006c        0x2 ./Core/Src/main.o
                0x000000002000006c                count_led_debug
 .bss.flag_timer1
                0x000000002000006e        0x2 ./Core/Src/software_timer.o
                0x000000002000006e                flag_timer1
 .bss.timer1_counter
                0x0000000020000070        0x2 ./Core/Src/software_timer.o
                0x0000000020000070                timer1_counter
 .bss.timer1_MUL
                0x0000000020000072        0x2 ./Core/Src/software_timer.o
                0x0000000020000072                timer1_MUL
 .bss.flag_timer2
                0x0000000020000074        0x2 ./Core/Src/software_timer.o
                0x0000000020000074                flag_timer2
 .bss.timer2_counter
                0x0000000020000076        0x2 ./Core/Src/software_timer.o
                0x0000000020000076                timer2_counter
 .bss.timer2_MUL
                0x0000000020000078        0x2 ./Core/Src/software_timer.o
                0x0000000020000078                timer2_MUL
 .bss.receive_buffer1
                0x000000002000007a        0x1 ./Core/Src/uart.o
                0x000000002000007a                receive_buffer1
 *(COMMON)
 *fill*         0x000000002000007b        0x1 
 COMMON         0x000000002000007c       0x20 ./Core/Src/button.o
                0x000000002000007c                button_count
 COMMON         0x000000002000009c       0x50 ./Core/Src/fsmc.o
                0x000000002000009c                hsram1
 COMMON         0x00000000200000ec       0x54 ./Core/Src/i2c.o
                0x00000000200000ec                hi2c1
 COMMON         0x0000000020000140       0x3a ./Core/Src/lcd.o
                0x0000000020000140                lcddev
                0x0000000020000148                s
 *fill*         0x000000002000017a        0x2 
 COMMON         0x000000002000017c       0x58 ./Core/Src/spi.o
                0x000000002000017c                hspi1
 COMMON         0x00000000200001d4       0x48 ./Core/Src/tim.o
                0x00000000200001d4                htim2
 COMMON         0x000000002000021c       0x44 ./Core/Src/usart.o
                0x000000002000021c                huart1
 COMMON         0x0000000020000260        0x4 ./Drivers/STM32F4xx_HAL_Driver/Src/stm32f4xx_hal.o
                0x0000000020000260                uwTick
                0x0000000020000264                . = ALIGN (0x4)
                0x0000000020000264                _ebss = .
                0x0000000020000264                __bss_end__ = _ebss

._user_heap_stack
                0x0000000020000264      0x604
                0x0000000020000268                . = ALIGN (0x8)
 *fill*         0x0000000020000264        0x4 
                [!provide]                        PROVIDE (end = .)
                0x0000000020000268                PROVIDE (_end = .)
                0x0000000020000468                . = (. + _Min_Heap_Size)
 *fill*         0x0000000020000268      0x200 
                0x0000000020000868                . = (. + _Min_Stack_Size)
 *fill*         0x0000000020000468      0x400 
                0x0000000020000868                . = ALIGN (0x8)

/DISCARD/
 libc.a(*)
 libm.a(*)
 libgcc.a(*)

.ARM.attributes
                0x0000000000000000       0x30
 *(.ARM.attributes)
 .ARM.attributes
                0x0000000000000000       0x1e c:/st/stm32cubeide_1.7.0/stm32cubeide/plugins/com.st.stm32cube.ide.mcu.externaltools.gnu-tools-for-stm32.9-2020-q2-update.win32_2.0.0.202105311346/tools/bin/../lib/gcc/arm-none-eabi/9.3.1/thumb/v7e-m+fp/hard/crti.o
 .ARM.attributes
                0x000000000000001e       0x34 c:/st/stm32cubeide_1.7.0/stm32cubeide/plugins/com.st.stm32cube.ide.mcu.externaltools.gnu-tools-for-stm32.9-2020-q2-update.win32_2.0.0.202105311346/tools/bin/../lib/gcc/arm-none-eabi/9.3.1/thumb/v7e-m+fp/hard/crtbegin.o
 .ARM.attributes
                0x0000000000000052       0x34 ./Core/Src/button.o
 .ARM.attributes
                0x0000000000000086       0x34 ./Core/Src/fsm_mode.o
 .ARM.attributes
                0x00000000000000ba       0x34 ./Core/Src/fsmc.o
 .ARM.attributes
                0x00000000000000ee       0x39 ./Core/Src/global.o
 .ARM.attributes
                0x0000000000000127       0x34 ./Core/Src/gpio.o
 .ARM.attributes
                0x000000000000015b       0x34 ./Core/Src/i2c.o
 .ARM.attributes
                0x000000000000018f       0x34 ./Core/Src/lcd.o
 .ARM.attributes
                0x00000000000001c3       0x34 ./Core/Src/led_7seg.o
 .ARM.attributes
                0x00000000000001f7       0x34 ./Core/Src/main.o
 .ARM.attributes
                0x000000000000022b       0x39 ./Core/Src/picture.o
 .ARM.attributes
                0x0000000000000264       0x34 ./Core/Src/software_timer.o
 .ARM.attributes
                0x0000000000000298       0x34 ./Core/Src/spi.o
 .ARM.attributes
                0x00000000000002cc       0x34 ./Core/Src/stm32f4xx_hal_msp.o
 .ARM.attributes
                0x0000000000000300       0x34 ./Core/Src/stm32f4xx_it.o
 .ARM.attributes
                0x0000000000000334       0x34 ./Core/Src/system_stm32f4xx.o
 .ARM.attributes
                0x0000000000000368       0x34 ./Core/Src/tim.o
 .ARM.attributes
                0x000000000000039c       0x34 ./Core/Src/uart.o
 .ARM.attributes
                0x00000000000003d0       0x34 ./Core/Src/usart.o
 .ARM.attributes
                0x0000000000000404       0x21 ./Core/Startup/startup_stm32f407zetx.o
 .ARM.attributes
                0x0000000000000425       0x34 ./Drivers/STM32F4xx_HAL_Driver/Src/stm32f4xx_hal.o
 .ARM.attributes
                0x0000000000000459       0x34 ./Drivers/STM32F4xx_HAL_Driver/Src/stm32f4xx_hal_cortex.o
 .ARM.attributes
                0x000000000000048d       0x34 ./Drivers/STM32F4xx_HAL_Driver/Src/stm32f4xx_hal_dma.o
 .ARM.attributes
                0x00000000000004c1       0x34 ./Drivers/STM32F4xx_HAL_Driver/Src/stm32f4xx_hal_gpio.o
 .ARM.attributes
                0x00000000000004f5       0x34 ./Drivers/STM32F4xx_HAL_Driver/Src/stm32f4xx_hal_i2c.o
 .ARM.attributes
                0x0000000000000529       0x34 ./Drivers/STM32F4xx_HAL_Driver/Src/stm32f4xx_hal_rcc.o
 .ARM.attributes
                0x000000000000055d       0x34 ./Drivers/STM32F4xx_HAL_Driver/Src/stm32f4xx_hal_spi.o
 .ARM.attributes
                0x0000000000000591       0x34 ./Drivers/STM32F4xx_HAL_Driver/Src/stm32f4xx_hal_sram.o
 .ARM.attributes
                0x00000000000005c5       0x34 ./Drivers/STM32F4xx_HAL_Driver/Src/stm32f4xx_hal_tim.o
 .ARM.attributes
                0x00000000000005f9       0x34 ./Drivers/STM32F4xx_HAL_Driver/Src/stm32f4xx_hal_tim_ex.o
 .ARM.attributes
                0x000000000000062d       0x34 ./Drivers/STM32F4xx_HAL_Driver/Src/stm32f4xx_hal_uart.o
 .ARM.attributes
                0x0000000000000661       0x34 ./Drivers/STM32F4xx_HAL_Driver/Src/stm32f4xx_ll_fsmc.o
 .ARM.attributes
                0x0000000000000695       0x34 c:/st/stm32cubeide_1.7.0/stm32cubeide/plugins/com.st.stm32cube.ide.mcu.externaltools.gnu-tools-for-stm32.9-2020-q2-update.win32_2.0.0.202105311346/tools/bin/../lib/gcc/arm-none-eabi/9.3.1/../../../../arm-none-eabi/lib/thumb/v7e-m+fp/hard\libc_nano.a(lib_a-init.o)
 .ARM.attributes
                0x00000000000006c9       0x34 c:/st/stm32cubeide_1.7.0/stm32cubeide/plugins/com.st.stm32cube.ide.mcu.externaltools.gnu-tools-for-stm32.9-2020-q2-update.win32_2.0.0.202105311346/tools/bin/../lib/gcc/arm-none-eabi/9.3.1/../../../../arm-none-eabi/lib/thumb/v7e-m+fp/hard\libc_nano.a(lib_a-memset.o)
 .ARM.attributes
                0x00000000000006fd       0x1e c:/st/stm32cubeide_1.7.0/stm32cubeide/plugins/com.st.stm32cube.ide.mcu.externaltools.gnu-tools-for-stm32.9-2020-q2-update.win32_2.0.0.202105311346/tools/bin/../lib/gcc/arm-none-eabi/9.3.1/thumb/v7e-m+fp/hard\libgcc.a(_aeabi_uldivmod.o)
 .ARM.attributes
                0x000000000000071b       0x34 c:/st/stm32cubeide_1.7.0/stm32cubeide/plugins/com.st.stm32cube.ide.mcu.externaltools.gnu-tools-for-stm32.9-2020-q2-update.win32_2.0.0.202105311346/tools/bin/../lib/gcc/arm-none-eabi/9.3.1/thumb/v7e-m+fp/hard\libgcc.a(_udivmoddi4.o)
 .ARM.attributes
                0x000000000000074f       0x1e c:/st/stm32cubeide_1.7.0/stm32cubeide/plugins/com.st.stm32cube.ide.mcu.externaltools.gnu-tools-for-stm32.9-2020-q2-update.win32_2.0.0.202105311346/tools/bin/../lib/gcc/arm-none-eabi/9.3.1/thumb/v7e-m+fp/hard\libgcc.a(_dvmd_tls.o)
 .ARM.attributes
                0x000000000000076d       0x1e c:/st/stm32cubeide_1.7.0/stm32cubeide/plugins/com.st.stm32cube.ide.mcu.externaltools.gnu-tools-for-stm32.9-2020-q2-update.win32_2.0.0.202105311346/tools/bin/../lib/gcc/arm-none-eabi/9.3.1/thumb/v7e-m+fp/hard/crtn.o
OUTPUT(EMB_LAB2.elf elf32-littlearm)
LOAD linker stubs
LOAD c:/st/stm32cubeide_1.7.0/stm32cubeide/plugins/com.st.stm32cube.ide.mcu.externaltools.gnu-tools-for-stm32.9-2020-q2-update.win32_2.0.0.202105311346/tools/bin/../lib/gcc/arm-none-eabi/9.3.1/../../../../arm-none-eabi/lib/thumb/v7e-m+fp/hard\libc.a
LOAD c:/st/stm32cubeide_1.7.0/stm32cubeide/plugins/com.st.stm32cube.ide.mcu.externaltools.gnu-tools-for-stm32.9-2020-q2-update.win32_2.0.0.202105311346/tools/bin/../lib/gcc/arm-none-eabi/9.3.1/../../../../arm-none-eabi/lib/thumb/v7e-m+fp/hard\libm.a
LOAD c:/st/stm32cubeide_1.7.0/stm32cubeide/plugins/com.st.stm32cube.ide.mcu.externaltools.gnu-tools-for-stm32.9-2020-q2-update.win32_2.0.0.202105311346/tools/bin/../lib/gcc/arm-none-eabi/9.3.1/thumb/v7e-m+fp/hard\libgcc.a

.debug_info     0x0000000000000000    0x1eae8
 .debug_info    0x0000000000000000      0x7f4 ./Core/Src/button.o
 .debug_info    0x00000000000007f4     0x1d99 ./Core/Src/fsm_mode.o
 .debug_info    0x000000000000258d      0xa96 ./Core/Src/fsmc.o
 .debug_info    0x0000000000003023     0x1c4a ./Core/Src/global.o
 .debug_info    0x0000000000004c6d      0x569 ./Core/Src/gpio.o
 .debug_info    0x00000000000051d6      0xa7d ./Core/Src/i2c.o
 .debug_info    0x0000000000005c53     0x17e8 ./Core/Src/lcd.o
 .debug_info    0x000000000000743b      0x89c ./Core/Src/led_7seg.o
 .debug_info    0x0000000000007cd7     0x20c2 ./Core/Src/main.o
 .debug_info    0x0000000000009d99       0x95 ./Core/Src/picture.o
 .debug_info    0x0000000000009e2e      0x883 ./Core/Src/software_timer.o
 .debug_info    0x000000000000a6b1      0xa5a ./Core/Src/spi.o
 .debug_info    0x000000000000b10b      0x394 ./Core/Src/stm32f4xx_hal_msp.o
 .debug_info    0x000000000000b49f      0xa6f ./Core/Src/stm32f4xx_it.o
 .debug_info    0x000000000000bf0e      0x5a4 ./Core/Src/system_stm32f4xx.o
 .debug_info    0x000000000000c4b2      0xc88 ./Core/Src/tim.o
 .debug_info    0x000000000000d13a     0x1062 ./Core/Src/uart.o
 .debug_info    0x000000000000e19c      0xc29 ./Core/Src/usart.o
 .debug_info    0x000000000000edc5       0x22 ./Core/Startup/startup_stm32f407zetx.o
 .debug_info    0x000000000000ede7      0x9b2 ./Drivers/STM32F4xx_HAL_Driver/Src/stm32f4xx_hal.o
 .debug_info    0x000000000000f799      0xed7 ./Drivers/STM32F4xx_HAL_Driver/Src/stm32f4xx_hal_cortex.o
 .debug_info    0x0000000000010670      0x9f1 ./Drivers/STM32F4xx_HAL_Driver/Src/stm32f4xx_hal_dma.o
 .debug_info    0x0000000000011061      0x83e ./Drivers/STM32F4xx_HAL_Driver/Src/stm32f4xx_hal_gpio.o
 .debug_info    0x000000000001189f     0x264d ./Drivers/STM32F4xx_HAL_Driver/Src/stm32f4xx_hal_i2c.o
 .debug_info    0x0000000000013eec      0x996 ./Drivers/STM32F4xx_HAL_Driver/Src/stm32f4xx_hal_rcc.o
 .debug_info    0x0000000000014882     0x17c0 ./Drivers/STM32F4xx_HAL_Driver/Src/stm32f4xx_hal_spi.o
 .debug_info    0x0000000000016042      0xbab ./Drivers/STM32F4xx_HAL_Driver/Src/stm32f4xx_hal_sram.o
 .debug_info    0x0000000000016bed     0x2c22 ./Drivers/STM32F4xx_HAL_Driver/Src/stm32f4xx_hal_tim.o
 .debug_info    0x000000000001980f     0x15a2 ./Drivers/STM32F4xx_HAL_Driver/Src/stm32f4xx_hal_tim_ex.o
 .debug_info    0x000000000001adb1     0x31de ./Drivers/STM32F4xx_HAL_Driver/Src/stm32f4xx_hal_uart.o
 .debug_info    0x000000000001df8f      0xb59 ./Drivers/STM32F4xx_HAL_Driver/Src/stm32f4xx_ll_fsmc.o

.debug_abbrev   0x0000000000000000     0x3d49
 .debug_abbrev  0x0000000000000000      0x1bf ./Core/Src/button.o
 .debug_abbrev  0x00000000000001bf      0x285 ./Core/Src/fsm_mode.o
 .debug_abbrev  0x0000000000000444      0x1e2 ./Core/Src/fsmc.o
 .debug_abbrev  0x0000000000000626      0x1f1 ./Core/Src/global.o
 .debug_abbrev  0x0000000000000817      0x14e ./Core/Src/gpio.o
 .debug_abbrev  0x0000000000000965      0x1bb ./Core/Src/i2c.o
 .debug_abbrev  0x0000000000000b20      0x390 ./Core/Src/lcd.o
 .debug_abbrev  0x0000000000000eb0      0x1a9 ./Core/Src/led_7seg.o
 .debug_abbrev  0x0000000000001059      0x2d7 ./Core/Src/main.o
 .debug_abbrev  0x0000000000001330       0x66 ./Core/Src/picture.o
 .debug_abbrev  0x0000000000001396      0x1e6 ./Core/Src/software_timer.o
 .debug_abbrev  0x000000000000157c      0x1bb ./Core/Src/spi.o
 .debug_abbrev  0x0000000000001737      0x11d ./Core/Src/stm32f4xx_hal_msp.o
 .debug_abbrev  0x0000000000001854      0x176 ./Core/Src/stm32f4xx_it.o
 .debug_abbrev  0x00000000000019ca      0x145 ./Core/Src/system_stm32f4xx.o
 .debug_abbrev  0x0000000000001b0f      0x1bb ./Core/Src/tim.o
 .debug_abbrev  0x0000000000001cca      0x280 ./Core/Src/uart.o
 .debug_abbrev  0x0000000000001f4a      0x1c4 ./Core/Src/usart.o
 .debug_abbrev  0x000000000000210e       0x12 ./Core/Startup/startup_stm32f407zetx.o
 .debug_abbrev  0x0000000000002120      0x1ed ./Drivers/STM32F4xx_HAL_Driver/Src/stm32f4xx_hal.o
 .debug_abbrev  0x000000000000230d      0x33c ./Drivers/STM32F4xx_HAL_Driver/Src/stm32f4xx_hal_cortex.o
 .debug_abbrev  0x0000000000002649      0x259 ./Drivers/STM32F4xx_HAL_Driver/Src/stm32f4xx_hal_dma.o
 .debug_abbrev  0x00000000000028a2      0x1f1 ./Drivers/STM32F4xx_HAL_Driver/Src/stm32f4xx_hal_gpio.o
 .debug_abbrev  0x0000000000002a93      0x282 ./Drivers/STM32F4xx_HAL_Driver/Src/stm32f4xx_hal_i2c.o
 .debug_abbrev  0x0000000000002d15      0x275 ./Drivers/STM32F4xx_HAL_Driver/Src/stm32f4xx_hal_rcc.o
 .debug_abbrev  0x0000000000002f8a      0x26e ./Drivers/STM32F4xx_HAL_Driver/Src/stm32f4xx_hal_spi.o
 .debug_abbrev  0x00000000000031f8      0x1f4 ./Drivers/STM32F4xx_HAL_Driver/Src/stm32f4xx_hal_sram.o
 .debug_abbrev  0x00000000000033ec      0x25e ./Drivers/STM32F4xx_HAL_Driver/Src/stm32f4xx_hal_tim.o
 .debug_abbrev  0x000000000000364a      0x266 ./Drivers/STM32F4xx_HAL_Driver/Src/stm32f4xx_hal_tim_ex.o
 .debug_abbrev  0x00000000000038b0      0x2eb ./Drivers/STM32F4xx_HAL_Driver/Src/stm32f4xx_hal_uart.o
 .debug_abbrev  0x0000000000003b9b      0x1ae ./Drivers/STM32F4xx_HAL_Driver/Src/stm32f4xx_ll_fsmc.o

.debug_aranges  0x0000000000000000     0x1550
 .debug_aranges
                0x0000000000000000       0x28 ./Core/Src/button.o
 .debug_aranges
                0x0000000000000028       0x90 ./Core/Src/fsm_mode.o
 .debug_aranges
                0x00000000000000b8       0x40 ./Core/Src/fsmc.o
 .debug_aranges
                0x00000000000000f8       0x18 ./Core/Src/global.o
 .debug_aranges
                0x0000000000000110       0x20 ./Core/Src/gpio.o
 .debug_aranges
                0x0000000000000130       0x30 ./Core/Src/i2c.o
 .debug_aranges
                0x0000000000000160       0xe8 ./Core/Src/lcd.o
 .debug_aranges
                0x0000000000000248       0x48 ./Core/Src/led_7seg.o
 .debug_aranges
                0x0000000000000290       0x50 ./Core/Src/main.o
 .debug_aranges
                0x00000000000002e0       0x18 ./Core/Src/picture.o
 .debug_aranges
                0x00000000000002f8       0x38 ./Core/Src/software_timer.o
 .debug_aranges
                0x0000000000000330       0x30 ./Core/Src/spi.o
 .debug_aranges
                0x0000000000000360       0x20 ./Core/Src/stm32f4xx_hal_msp.o
 .debug_aranges
                0x0000000000000380       0x70 ./Core/Src/stm32f4xx_it.o
 .debug_aranges
                0x00000000000003f0       0x28 ./Core/Src/system_stm32f4xx.o
 .debug_aranges
                0x0000000000000418       0x30 ./Core/Src/tim.o
 .debug_aranges
                0x0000000000000448       0x48 ./Core/Src/uart.o
 .debug_aranges
                0x0000000000000490       0x30 ./Core/Src/usart.o
 .debug_aranges
                0x00000000000004c0       0x28 ./Core/Startup/startup_stm32f407zetx.o
 .debug_aranges
                0x00000000000004e8       0xf0 ./Drivers/STM32F4xx_HAL_Driver/Src/stm32f4xx_hal.o
 .debug_aranges
                0x00000000000005d8      0x118 ./Drivers/STM32F4xx_HAL_Driver/Src/stm32f4xx_hal_cortex.o
 .debug_aranges
                0x00000000000006f0       0x90 ./Drivers/STM32F4xx_HAL_Driver/Src/stm32f4xx_hal_dma.o
 .debug_aranges
                0x0000000000000780       0x58 ./Drivers/STM32F4xx_HAL_Driver/Src/stm32f4xx_hal_gpio.o
 .debug_aranges
                0x00000000000007d8      0x2a0 ./Drivers/STM32F4xx_HAL_Driver/Src/stm32f4xx_hal_i2c.o
 .debug_aranges
                0x0000000000000a78       0x88 ./Drivers/STM32F4xx_HAL_Driver/Src/stm32f4xx_hal_rcc.o
 .debug_aranges
                0x0000000000000b00      0x1d0 ./Drivers/STM32F4xx_HAL_Driver/Src/stm32f4xx_hal_spi.o
 .debug_aranges
                0x0000000000000cd0       0xa0 ./Drivers/STM32F4xx_HAL_Driver/Src/stm32f4xx_hal_sram.o
 .debug_aranges
                0x0000000000000d70      0x3d0 ./Drivers/STM32F4xx_HAL_Driver/Src/stm32f4xx_hal_tim.o
 .debug_aranges
                0x0000000000001140      0x168 ./Drivers/STM32F4xx_HAL_Driver/Src/stm32f4xx_hal_tim_ex.o
 .debug_aranges
                0x00000000000012a8      0x200 ./Drivers/STM32F4xx_HAL_Driver/Src/stm32f4xx_hal_uart.o
 .debug_aranges
                0x00000000000014a8       0xa8 ./Drivers/STM32F4xx_HAL_Driver/Src/stm32f4xx_ll_fsmc.o

.debug_ranges   0x0000000000000000     0x13b0
 .debug_ranges  0x0000000000000000       0x18 ./Core/Src/button.o
 .debug_ranges  0x0000000000000018       0x80 ./Core/Src/fsm_mode.o
 .debug_ranges  0x0000000000000098       0x30 ./Core/Src/fsmc.o
 .debug_ranges  0x00000000000000c8       0x10 ./Core/Src/gpio.o
 .debug_ranges  0x00000000000000d8       0x20 ./Core/Src/i2c.o
 .debug_ranges  0x00000000000000f8       0xd8 ./Core/Src/lcd.o
 .debug_ranges  0x00000000000001d0       0x38 ./Core/Src/led_7seg.o
 .debug_ranges  0x0000000000000208       0x40 ./Core/Src/main.o
 .debug_ranges  0x0000000000000248       0x28 ./Core/Src/software_timer.o
 .debug_ranges  0x0000000000000270       0x20 ./Core/Src/spi.o
 .debug_ranges  0x0000000000000290       0x10 ./Core/Src/stm32f4xx_hal_msp.o
 .debug_ranges  0x00000000000002a0       0x60 ./Core/Src/stm32f4xx_it.o
 .debug_ranges  0x0000000000000300       0x18 ./Core/Src/system_stm32f4xx.o
 .debug_ranges  0x0000000000000318       0x20 ./Core/Src/tim.o
 .debug_ranges  0x0000000000000338       0x38 ./Core/Src/uart.o
 .debug_ranges  0x0000000000000370       0x20 ./Core/Src/usart.o
 .debug_ranges  0x0000000000000390       0x20 ./Core/Startup/startup_stm32f407zetx.o
 .debug_ranges  0x00000000000003b0       0xe0 ./Drivers/STM32F4xx_HAL_Driver/Src/stm32f4xx_hal.o
 .debug_ranges  0x0000000000000490      0x108 ./Drivers/STM32F4xx_HAL_Driver/Src/stm32f4xx_hal_cortex.o
 .debug_ranges  0x0000000000000598       0x80 ./Drivers/STM32F4xx_HAL_Driver/Src/stm32f4xx_hal_dma.o
 .debug_ranges  0x0000000000000618       0x48 ./Drivers/STM32F4xx_HAL_Driver/Src/stm32f4xx_hal_gpio.o
 .debug_ranges  0x0000000000000660      0x2b8 ./Drivers/STM32F4xx_HAL_Driver/Src/stm32f4xx_hal_i2c.o
 .debug_ranges  0x0000000000000918       0x78 ./Drivers/STM32F4xx_HAL_Driver/Src/stm32f4xx_hal_rcc.o
 .debug_ranges  0x0000000000000990      0x1c0 ./Drivers/STM32F4xx_HAL_Driver/Src/stm32f4xx_hal_spi.o
 .debug_ranges  0x0000000000000b50       0x90 ./Drivers/STM32F4xx_HAL_Driver/Src/stm32f4xx_hal_sram.o
 .debug_ranges  0x0000000000000be0      0x3c0 ./Drivers/STM32F4xx_HAL_Driver/Src/stm32f4xx_hal_tim.o
 .debug_ranges  0x0000000000000fa0      0x158 ./Drivers/STM32F4xx_HAL_Driver/Src/stm32f4xx_hal_tim_ex.o
 .debug_ranges  0x00000000000010f8      0x220 ./Drivers/STM32F4xx_HAL_Driver/Src/stm32f4xx_hal_uart.o
 .debug_ranges  0x0000000000001318       0x98 ./Drivers/STM32F4xx_HAL_Driver/Src/stm32f4xx_ll_fsmc.o

.debug_macro    0x0000000000000000    0x2510c
 .debug_macro   0x0000000000000000      0x23a ./Core/Src/button.o
 .debug_macro   0x000000000000023a      0xaa8 ./Core/Src/button.o
 .debug_macro   0x0000000000000ce2      0x2ad ./Core/Src/button.o
 .debug_macro   0x0000000000000f8f       0x2e ./Core/Src/button.o
 .debug_macro   0x0000000000000fbd       0x2f ./Core/Src/button.o
 .debug_macro   0x0000000000000fec       0x22 ./Core/Src/button.o
 .debug_macro   0x000000000000100e       0x8e ./Core/Src/button.o
 .debug_macro   0x000000000000109c       0x51 ./Core/Src/button.o
 .debug_macro   0x00000000000010ed      0x103 ./Core/Src/button.o
 .debug_macro   0x00000000000011f0       0x6a ./Core/Src/button.o
 .debug_macro   0x000000000000125a      0x1df ./Core/Src/button.o
 .debug_macro   0x0000000000001439       0x1c ./Core/Src/button.o
 .debug_macro   0x0000000000001455       0x22 ./Core/Src/button.o
 .debug_macro   0x0000000000001477       0xdf ./Core/Src/button.o
 .debug_macro   0x0000000000001556     0x102d ./Core/Src/button.o
 .debug_macro   0x0000000000002583      0x11f ./Core/Src/button.o
 .debug_macro   0x00000000000026a2    0x15e58 ./Core/Src/button.o
 .debug_macro   0x00000000000184fa       0x6d ./Core/Src/button.o
 .debug_macro   0x0000000000018567     0x3666 ./Core/Src/button.o
 .debug_macro   0x000000000001bbcd      0x174 ./Core/Src/button.o
 .debug_macro   0x000000000001bd41       0x5c ./Core/Src/button.o
 .debug_macro   0x000000000001bd9d      0x96b ./Core/Src/button.o
 .debug_macro   0x000000000001c708      0x9fe ./Core/Src/button.o
 .debug_macro   0x000000000001d106      0x116 ./Core/Src/button.o
 .debug_macro   0x000000000001d21c      0x13e ./Core/Src/button.o
 .debug_macro   0x000000000001d35a       0xa5 ./Core/Src/button.o
 .debug_macro   0x000000000001d3ff      0x174 ./Core/Src/button.o
 .debug_macro   0x000000000001d573      0x287 ./Core/Src/button.o
 .debug_macro   0x000000000001d7fa       0x5f ./Core/Src/button.o
 .debug_macro   0x000000000001d859      0x236 ./Core/Src/button.o
 .debug_macro   0x000000000001da8f      0x12c ./Core/Src/button.o
 .debug_macro   0x000000000001dbbb      0x21e ./Core/Src/button.o
 .debug_macro   0x000000000001ddd9       0x2e ./Core/Src/button.o
 .debug_macro   0x000000000001de07      0x543 ./Core/Src/button.o
 .debug_macro   0x000000000001e34a      0x1b5 ./Core/Src/button.o
 .debug_macro   0x000000000001e4ff       0xd6 ./Core/Src/button.o
 .debug_macro   0x000000000001e5d5      0x11a ./Core/Src/button.o
 .debug_macro   0x000000000001e6ef       0x7e ./Core/Src/button.o
 .debug_macro   0x000000000001e76d       0x89 ./Core/Src/button.o
 .debug_macro   0x000000000001e7f6      0x225 ./Core/Src/button.o
 .debug_macro   0x000000000001ea1b      0x8d1 ./Core/Src/button.o
 .debug_macro   0x000000000001f2ec       0x47 ./Core/Src/button.o
 .debug_macro   0x000000000001f333      0x295 ./Core/Src/button.o
 .debug_macro   0x000000000001f5c8      0x12d ./Core/Src/button.o
 .debug_macro   0x000000000001f6f5       0x88 ./Core/Src/button.o
 .debug_macro   0x000000000001f77d      0x499 ./Core/Src/fsm_mode.o
 .debug_macro   0x000000000001fc16       0x4c ./Core/Src/fsm_mode.o
 .debug_macro   0x000000000001fc62       0x18 ./Core/Src/fsm_mode.o
 .debug_macro   0x000000000001fc7a       0x94 ./Core/Src/fsm_mode.o
 .debug_macro   0x000000000001fd0e       0x3c ./Core/Src/fsm_mode.o
 .debug_macro   0x000000000001fd4a       0x34 ./Core/Src/fsm_mode.o
 .debug_macro   0x000000000001fd7e       0x16 ./Core/Src/fsm_mode.o
 .debug_macro   0x000000000001fd94       0x43 ./Core/Src/fsm_mode.o
 .debug_macro   0x000000000001fdd7       0x57 ./Core/Src/fsm_mode.o
 .debug_macro   0x000000000001fe2e       0x34 ./Core/Src/fsm_mode.o
 .debug_macro   0x000000000001fe62       0x10 ./Core/Src/fsm_mode.o
 .debug_macro   0x000000000001fe72       0x58 ./Core/Src/fsm_mode.o
 .debug_macro   0x000000000001feca       0x71 ./Core/Src/fsm_mode.o
 .debug_macro   0x000000000001ff3b       0x1c ./Core/Src/fsm_mode.o
 .debug_macro   0x000000000001ff57      0x12a ./Core/Src/fsm_mode.o
 .debug_macro   0x0000000000020081      0x339 ./Core/Src/fsm_mode.o
 .debug_macro   0x00000000000203ba      0x1a9 ./Core/Src/fsm_mode.o
 .debug_macro   0x0000000000020563       0xd9 ./Core/Src/fsm_mode.o
 .debug_macro   0x000000000002063c       0x56 ./Core/Src/fsm_mode.o
 .debug_macro   0x0000000000020692       0x16 ./Core/Src/fsm_mode.o
 .debug_macro   0x00000000000206a8       0x35 ./Core/Src/fsm_mode.o
 .debug_macro   0x00000000000206dd       0x16 ./Core/Src/fsm_mode.o
 .debug_macro   0x00000000000206f3       0x29 ./Core/Src/fsm_mode.o
 .debug_macro   0x000000000002071c       0x16 ./Core/Src/fsm_mode.o
 .debug_macro   0x0000000000020732       0x20 ./Core/Src/fsm_mode.o
 .debug_macro   0x0000000000020752       0xca ./Core/Src/fsm_mode.o
 .debug_macro   0x000000000002081c       0x1c ./Core/Src/fsm_mode.o
 .debug_macro   0x0000000000020838       0x10 ./Core/Src/fsm_mode.o
 .debug_macro   0x0000000000020848       0x10 ./Core/Src/fsm_mode.o
 .debug_macro   0x0000000000020858       0x1c ./Core/Src/fsm_mode.o
 .debug_macro   0x0000000000020874       0x52 ./Core/Src/fsm_mode.o
 .debug_macro   0x00000000000208c6       0x22 ./Core/Src/fsm_mode.o
 .debug_macro   0x00000000000208e8       0x10 ./Core/Src/fsm_mode.o
 .debug_macro   0x00000000000208f8       0x40 ./Core/Src/fsm_mode.o
 .debug_macro   0x0000000000020938       0xd5 ./Core/Src/fsm_mode.o
 .debug_macro   0x0000000000020a0d       0x1c ./Core/Src/fsm_mode.o
 .debug_macro   0x0000000000020a29       0x3d ./Core/Src/fsm_mode.o
 .debug_macro   0x0000000000020a66       0x16 ./Core/Src/fsm_mode.o
 .debug_macro   0x0000000000020a7c      0x145 ./Core/Src/fsm_mode.o
 .debug_macro   0x0000000000020bc1       0x34 ./Core/Src/fsm_mode.o
 .debug_macro   0x0000000000020bf5      0x226 ./Core/Src/fsmc.o
 .debug_macro   0x0000000000020e1b      0x499 ./Core/Src/global.o
 .debug_macro   0x00000000000212b4      0x226 ./Core/Src/gpio.o
 .debug_macro   0x00000000000214da      0x226 ./Core/Src/i2c.o
 .debug_macro   0x0000000000021700      0x33b ./Core/Src/lcd.o
 .debug_macro   0x0000000000021a3b       0x52 ./Core/Src/lcd.o
 .debug_macro   0x0000000000021a8d      0x333 ./Core/Src/lcd.o
 .debug_macro   0x0000000000021dc0      0x230 ./Core/Src/led_7seg.o
 .debug_macro   0x0000000000021ff0      0x4d7 ./Core/Src/main.o
 .debug_macro   0x00000000000224c7       0x1b ./Core/Src/picture.o
 .debug_macro   0x00000000000224e2      0x236 ./Core/Src/software_timer.o
 .debug_macro   0x0000000000022718      0x226 ./Core/Src/spi.o
 .debug_macro   0x000000000002293e      0x21c ./Core/Src/stm32f4xx_hal_msp.o
 .debug_macro   0x0000000000022b5a      0x226 ./Core/Src/stm32f4xx_it.o
 .debug_macro   0x0000000000022d80      0x20d ./Core/Src/system_stm32f4xx.o
 .debug_macro   0x0000000000022f8d      0x226 ./Core/Src/tim.o
 .debug_macro   0x00000000000231b3      0x399 ./Core/Src/uart.o
 .debug_macro   0x000000000002354c       0x16 ./Core/Src/uart.o
 .debug_macro   0x0000000000023562      0x226 ./Core/Src/usart.o
 .debug_macro   0x0000000000023788      0x26d ./Drivers/STM32F4xx_HAL_Driver/Src/stm32f4xx_hal.o
 .debug_macro   0x00000000000239f5      0x20d ./Drivers/STM32F4xx_HAL_Driver/Src/stm32f4xx_hal_cortex.o
 .debug_macro   0x0000000000023c02      0x213 ./Drivers/STM32F4xx_HAL_Driver/Src/stm32f4xx_hal_dma.o
 .debug_macro   0x0000000000023e15      0x213 ./Drivers/STM32F4xx_HAL_Driver/Src/stm32f4xx_hal_gpio.o
 .debug_macro   0x0000000000024028      0x254 ./Drivers/STM32F4xx_HAL_Driver/Src/stm32f4xx_hal_i2c.o
 .debug_macro   0x000000000002427c      0x231 ./Drivers/STM32F4xx_HAL_Driver/Src/stm32f4xx_hal_rcc.o
 .debug_macro   0x00000000000244ad      0x21c ./Drivers/STM32F4xx_HAL_Driver/Src/stm32f4xx_hal_spi.o
 .debug_macro   0x00000000000246c9      0x20d ./Drivers/STM32F4xx_HAL_Driver/Src/stm32f4xx_hal_sram.o
 .debug_macro   0x00000000000248d6      0x20e ./Drivers/STM32F4xx_HAL_Driver/Src/stm32f4xx_hal_tim.o
 .debug_macro   0x0000000000024ae4      0x20d ./Drivers/STM32F4xx_HAL_Driver/Src/stm32f4xx_hal_tim_ex.o
 .debug_macro   0x0000000000024cf1      0x20e ./Drivers/STM32F4xx_HAL_Driver/Src/stm32f4xx_hal_uart.o
 .debug_macro   0x0000000000024eff      0x20d ./Drivers/STM32F4xx_HAL_Driver/Src/stm32f4xx_ll_fsmc.o

.debug_line     0x0000000000000000    0x1c6e0
 .debug_line    0x0000000000000000      0x7c9 ./Core/Src/button.o
 .debug_line    0x00000000000007c9      0xef3 ./Core/Src/fsm_mode.o
 .debug_line    0x00000000000016bc      0x83e ./Core/Src/fsmc.o
 .debug_line    0x0000000000001efa      0xa14 ./Core/Src/global.o
 .debug_line    0x000000000000290e      0x79c ./Core/Src/gpio.o
 .debug_line    0x00000000000030aa      0x7a7 ./Core/Src/i2c.o
 .debug_line    0x0000000000003851     0x105b ./Core/Src/lcd.o
 .debug_line    0x00000000000048ac      0x836 ./Core/Src/led_7seg.o
 .debug_line    0x00000000000050e2      0xb65 ./Core/Src/main.o
 .debug_line    0x0000000000005c47       0x4f ./Core/Src/picture.o
 .debug_line    0x0000000000005c96      0x7d6 ./Core/Src/software_timer.o
 .debug_line    0x000000000000646c      0x7af ./Core/Src/spi.o
 .debug_line    0x0000000000006c1b      0x73e ./Core/Src/stm32f4xx_hal_msp.o
 .debug_line    0x0000000000007359      0x830 ./Core/Src/stm32f4xx_it.o
 .debug_line    0x0000000000007b89      0x7bf ./Core/Src/system_stm32f4xx.o
 .debug_line    0x0000000000008348      0x7ab ./Core/Src/tim.o
 .debug_line    0x0000000000008af3      0x9f6 ./Core/Src/uart.o
 .debug_line    0x00000000000094e9      0x7aa ./Core/Src/usart.o
 .debug_line    0x0000000000009c93       0x88 ./Core/Startup/startup_stm32f407zetx.o
 .debug_line    0x0000000000009d1b      0xa25 ./Drivers/STM32F4xx_HAL_Driver/Src/stm32f4xx_hal.o
 .debug_line    0x000000000000a740      0xcd4 ./Drivers/STM32F4xx_HAL_Driver/Src/stm32f4xx_hal_cortex.o
 .debug_line    0x000000000000b414      0xf8a ./Drivers/STM32F4xx_HAL_Driver/Src/stm32f4xx_hal_dma.o
 .debug_line    0x000000000000c39e      0xb9b ./Drivers/STM32F4xx_HAL_Driver/Src/stm32f4xx_hal_gpio.o
 .debug_line    0x000000000000cf39     0x39d1 ./Drivers/STM32F4xx_HAL_Driver/Src/stm32f4xx_hal_i2c.o
 .debug_line    0x000000000001090a      0xda1 ./Drivers/STM32F4xx_HAL_Driver/Src/stm32f4xx_hal_rcc.o
 .debug_line    0x00000000000116ab     0x1cad ./Drivers/STM32F4xx_HAL_Driver/Src/stm32f4xx_hal_spi.o
 .debug_line    0x0000000000013358      0xbc7 ./Drivers/STM32F4xx_HAL_Driver/Src/stm32f4xx_hal_sram.o
 .debug_line    0x0000000000013f1f     0x3719 ./Drivers/STM32F4xx_HAL_Driver/Src/stm32f4xx_hal_tim.o
 .debug_line    0x0000000000017638     0x1a22 ./Drivers/STM32F4xx_HAL_Driver/Src/stm32f4xx_hal_tim_ex.o
 .debug_line    0x000000000001905a     0x2aac ./Drivers/STM32F4xx_HAL_Driver/Src/stm32f4xx_hal_uart.o
 .debug_line    0x000000000001bb06      0xbda ./Drivers/STM32F4xx_HAL_Driver/Src/stm32f4xx_ll_fsmc.o

.debug_str      0x0000000000000000    0xd39b8
 .debug_str     0x0000000000000000    0xc95d7 ./Core/Src/button.o
                                      0xc98ec (size before relaxing)
 .debug_str     0x00000000000c95d7     0x5736 ./Core/Src/fsm_mode.o
                                      0xcf174 (size before relaxing)
 .debug_str     0x00000000000ced0d      0x252 ./Core/Src/fsmc.o
                                      0xc9ae9 (size before relaxing)
 .debug_str     0x00000000000cef5f       0x15 ./Core/Src/global.o
                                      0xcf047 (size before relaxing)
 .debug_str     0x00000000000cef74       0x3c ./Core/Src/gpio.o
                                      0xc95c7 (size before relaxing)
 .debug_str     0x00000000000cefb0       0x4b ./Core/Src/i2c.o
                                      0xc9ac7 (size before relaxing)
 .debug_str     0x00000000000ceffb      0x28a ./Core/Src/lcd.o
                                      0xccc37 (size before relaxing)
 .debug_str     0x00000000000cf285       0x88 ./Core/Src/led_7seg.o
                                      0xc9928 (size before relaxing)
 .debug_str     0x00000000000cf30d      0x19c ./Core/Src/main.o
                                      0xcf330 (size before relaxing)
 .debug_str     0x00000000000cf4a9       0x16 ./Core/Src/picture.o
                                       0x2deb (size before relaxing)
 .debug_str     0x00000000000cf4bf       0xaa ./Core/Src/software_timer.o
                                      0xc9a24 (size before relaxing)
 .debug_str     0x00000000000cf569       0x4b ./Core/Src/spi.o
                                      0xc9a24 (size before relaxing)
 .debug_str     0x00000000000cf5b4       0x2c ./Core/Src/stm32f4xx_hal_msp.o
                                      0xc952a (size before relaxing)
 .debug_str     0x00000000000cf5e0       0xdf ./Core/Src/stm32f4xx_it.o
                                      0xc9bf1 (size before relaxing)
 .debug_str     0x00000000000cf6bf       0xaf ./Core/Src/system_stm32f4xx.o
                                      0xc937a (size before relaxing)
 .debug_str     0x00000000000cf76e      0x5c8 ./Core/Src/tim.o
                                      0xca047 (size before relaxing)
 .debug_str     0x00000000000cfd36       0xb4 ./Core/Src/uart.o
                                      0xcd9e1 (size before relaxing)
 .debug_str     0x00000000000cfdea       0x57 ./Core/Src/usart.o
                                      0xc9f1a (size before relaxing)
 .debug_str     0x00000000000cfe41       0x36 ./Core/Startup/startup_stm32f407zetx.o
                                         0x5e (size before relaxing)
 .debug_str     0x00000000000cfe77      0x583 ./Drivers/STM32F4xx_HAL_Driver/Src/stm32f4xx_hal.o
                                      0xc9e5c (size before relaxing)
 .debug_str     0x00000000000d03fa      0x399 ./Drivers/STM32F4xx_HAL_Driver/Src/stm32f4xx_hal_cortex.o
                                      0xc9c4b (size before relaxing)
 .debug_str     0x00000000000d0793      0x315 ./Drivers/STM32F4xx_HAL_Driver/Src/stm32f4xx_hal_dma.o
                                      0xc97a4 (size before relaxing)
 .debug_str     0x00000000000d0aa8      0x15a ./Drivers/STM32F4xx_HAL_Driver/Src/stm32f4xx_hal_gpio.o
                                      0xc9521 (size before relaxing)
 .debug_str     0x00000000000d0c02      0xac3 ./Drivers/STM32F4xx_HAL_Driver/Src/stm32f4xx_hal_i2c.o
                                      0xca2fc (size before relaxing)
 .debug_str     0x00000000000d16c5      0x24e ./Drivers/STM32F4xx_HAL_Driver/Src/stm32f4xx_hal_rcc.o
                                      0xc977c (size before relaxing)
 .debug_str     0x00000000000d1913      0x564 ./Drivers/STM32F4xx_HAL_Driver/Src/stm32f4xx_hal_spi.o
                                      0xc9c1e (size before relaxing)
 .debug_str     0x00000000000d1e77      0x1b4 ./Drivers/STM32F4xx_HAL_Driver/Src/stm32f4xx_hal_sram.o
                                      0xc9894 (size before relaxing)
 .debug_str     0x00000000000d202b      0xdbd ./Drivers/STM32F4xx_HAL_Driver/Src/stm32f4xx_hal_tim.o
                                      0xca6a9 (size before relaxing)
 .debug_str     0x00000000000d2de8      0x4ee ./Drivers/STM32F4xx_HAL_Driver/Src/stm32f4xx_hal_tim_ex.o
                                      0xc9e5a (size before relaxing)
 .debug_str     0x00000000000d32d6      0x5dd ./Drivers/STM32F4xx_HAL_Driver/Src/stm32f4xx_hal_uart.o
                                      0xc9d02 (size before relaxing)
 .debug_str     0x00000000000d38b3      0x105 ./Drivers/STM32F4xx_HAL_Driver/Src/stm32f4xx_ll_fsmc.o
                                      0xc975b (size before relaxing)

.comment        0x0000000000000000       0x53
 .comment       0x0000000000000000       0x53 ./Core/Src/button.o
                                         0x54 (size before relaxing)
 .comment       0x0000000000000053       0x54 ./Core/Src/fsm_mode.o
 .comment       0x0000000000000053       0x54 ./Core/Src/fsmc.o
 .comment       0x0000000000000053       0x54 ./Core/Src/global.o
 .comment       0x0000000000000053       0x54 ./Core/Src/gpio.o
 .comment       0x0000000000000053       0x54 ./Core/Src/i2c.o
 .comment       0x0000000000000053       0x54 ./Core/Src/lcd.o
 .comment       0x0000000000000053       0x54 ./Core/Src/led_7seg.o
 .comment       0x0000000000000053       0x54 ./Core/Src/main.o
 .comment       0x0000000000000053       0x54 ./Core/Src/picture.o
 .comment       0x0000000000000053       0x54 ./Core/Src/software_timer.o
 .comment       0x0000000000000053       0x54 ./Core/Src/spi.o
 .comment       0x0000000000000053       0x54 ./Core/Src/stm32f4xx_hal_msp.o
 .comment       0x0000000000000053       0x54 ./Core/Src/stm32f4xx_it.o
 .comment       0x0000000000000053       0x54 ./Core/Src/system_stm32f4xx.o
 .comment       0x0000000000000053       0x54 ./Core/Src/tim.o
 .comment       0x0000000000000053       0x54 ./Core/Src/uart.o
 .comment       0x0000000000000053       0x54 ./Core/Src/usart.o
 .comment       0x0000000000000053       0x54 ./Drivers/STM32F4xx_HAL_Driver/Src/stm32f4xx_hal.o
 .comment       0x0000000000000053       0x54 ./Drivers/STM32F4xx_HAL_Driver/Src/stm32f4xx_hal_cortex.o
 .comment       0x0000000000000053       0x54 ./Drivers/STM32F4xx_HAL_Driver/Src/stm32f4xx_hal_dma.o
 .comment       0x0000000000000053       0x54 ./Drivers/STM32F4xx_HAL_Driver/Src/stm32f4xx_hal_gpio.o
 .comment       0x0000000000000053       0x54 ./Drivers/STM32F4xx_HAL_Driver/Src/stm32f4xx_hal_i2c.o
 .comment       0x0000000000000053       0x54 ./Drivers/STM32F4xx_HAL_Driver/Src/stm32f4xx_hal_rcc.o
 .comment       0x0000000000000053       0x54 ./Drivers/STM32F4xx_HAL_Driver/Src/stm32f4xx_hal_spi.o
 .comment       0x0000000000000053       0x54 ./Drivers/STM32F4xx_HAL_Driver/Src/stm32f4xx_hal_sram.o
 .comment       0x0000000000000053       0x54 ./Drivers/STM32F4xx_HAL_Driver/Src/stm32f4xx_hal_tim.o
 .comment       0x0000000000000053       0x54 ./Drivers/STM32F4xx_HAL_Driver/Src/stm32f4xx_hal_tim_ex.o
 .comment       0x0000000000000053       0x54 ./Drivers/STM32F4xx_HAL_Driver/Src/stm32f4xx_hal_uart.o
 .comment       0x0000000000000053       0x54 ./Drivers/STM32F4xx_HAL_Driver/Src/stm32f4xx_ll_fsmc.o

.debug_frame    0x0000000000000000     0x57a0
 .debug_frame   0x0000000000000000       0x50 ./Core/Src/button.o
 .debug_frame   0x0000000000000050      0x22c ./Core/Src/fsm_mode.o
 .debug_frame   0x000000000000027c       0xbc ./Core/Src/fsmc.o
 .debug_frame   0x0000000000000338       0x34 ./Core/Src/gpio.o
 .debug_frame   0x000000000000036c       0x74 ./Core/Src/i2c.o
 .debug_frame   0x00000000000003e0      0x3e0 ./Core/Src/lcd.o
 .debug_frame   0x00000000000007c0       0xe8 ./Core/Src/led_7seg.o
 .debug_frame   0x00000000000008a8       0xe0 ./Core/Src/main.o
 .debug_frame   0x0000000000000988       0xa0 ./Core/Src/software_timer.o
 .debug_frame   0x0000000000000a28       0x74 ./Core/Src/spi.o
 .debug_frame   0x0000000000000a9c       0x38 ./Core/Src/stm32f4xx_hal_msp.o
 .debug_frame   0x0000000000000ad4      0x13c ./Core/Src/stm32f4xx_it.o
 .debug_frame   0x0000000000000c10       0x58 ./Core/Src/system_stm32f4xx.o
 .debug_frame   0x0000000000000c68       0x7c ./Core/Src/tim.o
 .debug_frame   0x0000000000000ce4       0xe0 ./Core/Src/uart.o
 .debug_frame   0x0000000000000dc4       0x74 ./Core/Src/usart.o
 .debug_frame   0x0000000000000e38      0x374 ./Drivers/STM32F4xx_HAL_Driver/Src/stm32f4xx_hal.o
 .debug_frame   0x00000000000011ac      0x498 ./Drivers/STM32F4xx_HAL_Driver/Src/stm32f4xx_hal_cortex.o
 .debug_frame   0x0000000000001644      0x250 ./Drivers/STM32F4xx_HAL_Driver/Src/stm32f4xx_hal_dma.o
 .debug_frame   0x0000000000001894      0x14c ./Drivers/STM32F4xx_HAL_Driver/Src/stm32f4xx_hal_gpio.o
 .debug_frame   0x00000000000019e0      0xc5c ./Drivers/STM32F4xx_HAL_Driver/Src/stm32f4xx_hal_i2c.o
 .debug_frame   0x000000000000263c      0x1f0 ./Drivers/STM32F4xx_HAL_Driver/Src/stm32f4xx_hal_rcc.o
 .debug_frame   0x000000000000282c      0x824 ./Drivers/STM32F4xx_HAL_Driver/Src/stm32f4xx_hal_spi.o
 .debug_frame   0x0000000000003050      0x2a0 ./Drivers/STM32F4xx_HAL_Driver/Src/stm32f4xx_hal_sram.o
 .debug_frame   0x00000000000032f0     0x11c4 ./Drivers/STM32F4xx_HAL_Driver/Src/stm32f4xx_hal_tim.o
 .debug_frame   0x00000000000044b4      0x638 ./Drivers/STM32F4xx_HAL_Driver/Src/stm32f4xx_hal_tim_ex.o
 .debug_frame   0x0000000000004aec      0x92c ./Drivers/STM32F4xx_HAL_Driver/Src/stm32f4xx_hal_uart.o
 .debug_frame   0x0000000000005418      0x2dc ./Drivers/STM32F4xx_HAL_Driver/Src/stm32f4xx_ll_fsmc.o
 .debug_frame   0x00000000000056f4       0x2c c:/st/stm32cubeide_1.7.0/stm32cubeide/plugins/com.st.stm32cube.ide.mcu.externaltools.gnu-tools-for-stm32.9-2020-q2-update.win32_2.0.0.202105311346/tools/bin/../lib/gcc/arm-none-eabi/9.3.1/../../../../arm-none-eabi/lib/thumb/v7e-m+fp/hard\libc_nano.a(lib_a-init.o)
 .debug_frame   0x0000000000005720       0x20 c:/st/stm32cubeide_1.7.0/stm32cubeide/plugins/com.st.stm32cube.ide.mcu.externaltools.gnu-tools-for-stm32.9-2020-q2-update.win32_2.0.0.202105311346/tools/bin/../lib/gcc/arm-none-eabi/9.3.1/../../../../arm-none-eabi/lib/thumb/v7e-m+fp/hard\libc_nano.a(lib_a-memset.o)
 .debug_frame   0x0000000000005740       0x2c c:/st/stm32cubeide_1.7.0/stm32cubeide/plugins/com.st.stm32cube.ide.mcu.externaltools.gnu-tools-for-stm32.9-2020-q2-update.win32_2.0.0.202105311346/tools/bin/../lib/gcc/arm-none-eabi/9.3.1/thumb/v7e-m+fp/hard\libgcc.a(_aeabi_uldivmod.o)
 .debug_frame   0x000000000000576c       0x34 c:/st/stm32cubeide_1.7.0/stm32cubeide/plugins/com.st.stm32cube.ide.mcu.externaltools.gnu-tools-for-stm32.9-2020-q2-update.win32_2.0.0.202105311346/tools/bin/../lib/gcc/arm-none-eabi/9.3.1/thumb/v7e-m+fp/hard\libgcc.a(_udivmoddi4.o)
