fsm_mode.c:10:6:drawTrafficLight	32	static
fsm_mode.c:25:6:RedGreenLed	16	static
fsm_mode.c:27:6:RedYellowLed	16	static
fsm_mode.c:29:6:GreenRedLed	16	static
fsm_mode.c:31:6:YellowRedLed	16	static
fsm_mode.c:33:6:ManRedLed	16	static
fsm_mode.c:35:6:ManGreenLed	16	static
fsm_mode.c:37:6:ManYellowLed	16	static
fsm_mode.c:39:6:increase	4	static
fsm_mode.c:46:6:balance	24	static
fsm_mode.c:86:6:Blink	16	static
fsm_mode.c:108:6:switchManualMode	16	static
fsm_mode.c:116:6:displayTime	24	static
fsm_mode.c:124:6:fsm_mode	8	static
